11-07 17:56:03.748   913   913 V FingerprintService: onAuthenticated(owner=com.android.systemui, id=-1306448241, gp=0)
11-07 17:56:03.752   913   913 V FingerprintService: Done with client: com.android.systemui
11-07 17:56:03.834   913   913 V FingerprintService: startAuthentication(com.android.systemui)
11-07 17:56:03.834   913   913 V FingerprintService: starting client AuthenticationClient(com.android.systemui), initiatedByClient = true)
11-07 17:56:03.863   913   913 W FingerprintService: client com.android.systemui is authenticating...
11-07 17:56:04.090   913   913 V FingerprintService: stop client com.android.systemui
11-07 17:56:04.199   913   913 W FingerprintService: client com.android.systemui is no longer authenticating
11-07 17:56:04.199   913   913 V FingerprintService: Done with client: com.android.systemui
11-07 17:56:04.199   913   913 V FingerprintService: handleError(client=com.android.systemui, error = 5)
11-07 17:56:04.628   913 10650 I ActivityManager: START u0 {flg=0x10804000 cmp=com.android.systemui/.recents.RecentsActivity} from uid 10027
11-07 17:56:04.675 18733 18765 E ActivityThread: Failed to find provider info for com.teslacoilsw.notifier
11-07 17:56:05.138   913   953 W ActivityManager: Activity pause timeout for ActivityRecord{2b019d0 u0 com.snapchat.android/.LandingPageActivity t1961}
11-07 17:56:06.608   913 10661 I ActivityManager: Killing 14882:host.exp.exponent/u0a151 (adj 900): remove task
11-07 17:56:06.609   913  5375 I ActivityManager: START u0 {act=android.intent.action.MAIN cat=[android.intent.category.HOME] flg=0x10200000 cmp=com.teslacoilsw.launcher/.NovaLauncher} from uid 10027
11-07 17:56:06.648   913 10655 I ActivityManager: Killing 18733:com.snapchat.android/u0a126 (adj 1001): remove task
11-07 17:56:06.667   913   929 I WindowManager: WIN DEATH: Window{381ee84 u0 host.exp.exponent/host.exp.exponent.experience.HomeActivity}
11-07 17:56:06.673   913   973 W ActivityManager: setHasOverlayUi called on unknown pid: 14882
11-07 17:56:06.698   913  5367 D ConnectivityService: ConnectivityService NetworkRequestInfo binderDied(NetworkRequest [ LISTEN id=24, [ Capabilities: INTERNET&NOT_RESTRICTED&TRUSTED] ], android.os.BinderProxy@7b13036)
11-07 17:56:06.699   913  1132 E ConnectivityService: RemoteException caught trying to send a callback msg for NetworkRequest [ LISTEN id=24, [ Capabilities: INTERNET&NOT_RESTRICTED&TRUSTED] ]
11-07 17:56:06.699   913 10651 W ActivityManager: Scheduling restart of crashed service com.snapchat.android/.core.stickyservice.ScStickyService in 1000ms
11-07 17:56:06.699   913 10651 W ActivityManager: Scheduling restart of crashed service com.snapchat.android/.service.SnapchatService in 11000ms
11-07 17:56:06.699   913 10651 W ActivityManager: Scheduling restart of crashed service com.snapchat.android/com.snapchat.spectacles.base.service.SpectaclesService in 11000ms
11-07 17:56:06.701   913   973 W ActivityManager: setHasOverlayUi called on unknown pid: 18733
11-07 17:56:07.735   913   953 I ActivityManager: Start proc 22731:com.snapchat.android/u0a126 for service com.snapchat.android/.core.stickyservice.ScStickyService
11-07 17:56:12.168   913  1113 I PowerManagerService: Going to sleep due to power button (uid 1000)...
11-07 17:56:12.194   913   913 V FingerprintService: startAuthentication(com.android.systemui)
11-07 17:56:12.194   913   913 V FingerprintService: starting client AuthenticationClient(com.android.systemui), initiatedByClient = true)
11-07 17:56:12.194   913   913 W FingerprintService: client com.android.systemui is authenticating...
11-07 17:56:12.683   913   977 I DisplayPowerController: Blocking screen off
11-07 17:56:12.688   913   977 I DisplayPowerController: Unblocked screen off after 5 ms
11-07 17:56:12.776   913   973 I DisplayManagerService: Display device changed state: "Built-in Screen", OFF
11-07 17:56:12.778   913   977 I DreamManagerService: Entering dreamland.
11-07 17:56:12.778   913   977 I PowerManagerService: Dozing...
11-07 17:56:12.787   913   971 I DreamController: Starting dream: name=ComponentInfo{com.android.systemui/com.android.systemui.doze.DozeService}, isTest=false, canDoze=true, userId=0
11-07 17:56:20.969   913   913 E NotificationService: Error creating vibration waveform with pattern: [0, 0, 0, 0]
11-07 17:56:21.021   913   977 I DisplayPowerController: Blocking screen on until initial contents have been drawn.
11-07 17:56:21.022   913   973 I DisplayManagerService: Display device changed state: "Built-in Screen", DOZE
11-07 17:56:21.100   913   977 I DisplayPowerController: Unblocked screen on after 79 ms
11-07 17:56:28.914   913   977 I DisplayPowerController: Blocking screen off
11-07 17:56:28.917   913   977 I DisplayPowerController: Unblocked screen off after 2 ms
11-07 17:56:28.918   913   973 I DisplayManagerService: Display device changed state: "Built-in Screen", OFF
11-07 17:56:58.263   913   913 E NotificationService: Error creating vibration waveform with pattern: [0, 0, 0, 0]
11-07 17:56:58.333   913   977 I DisplayPowerController: Blocking screen on until initial contents have been drawn.
11-07 17:56:58.334   913   973 I DisplayManagerService: Display device changed state: "Built-in Screen", DOZE
11-07 17:56:58.390   913   977 I DisplayPowerController: Unblocked screen on after 57 ms
11-07 17:57:06.252   913   977 I DisplayPowerController: Blocking screen off
11-07 17:57:06.254   913   977 I DisplayPowerController: Unblocked screen off after 1 ms
11-07 17:57:06.256   913   973 I DisplayManagerService: Display device changed state: "Built-in Screen", OFF
11-07 17:57:30.765   913   977 I DisplayPowerController: Blocking screen on until initial contents have been drawn.
11-07 17:57:30.766   913   973 I DisplayManagerService: Display device changed state: "Built-in Screen", DOZE
11-07 17:57:30.846   913   977 I DisplayPowerController: Unblocked screen on after 80 ms
11-07 17:57:38.736   913   977 I DisplayPowerController: Blocking screen off
11-07 17:57:38.737   913   977 I DisplayPowerController: Unblocked screen off after 1 ms
11-07 17:57:38.739   913   973 I DisplayManagerService: Display device changed state: "Built-in Screen", OFF
11-07 17:57:41.405   913   913 E NotificationService: Error creating vibration waveform with pattern: [0, 0, 0, 0]
11-07 17:57:41.484   913   977 I DisplayPowerController: Blocking screen on until initial contents have been drawn.
11-07 17:57:41.485   913   973 I DisplayManagerService: Display device changed state: "Built-in Screen", DOZE
11-07 17:57:41.534   913   977 I DisplayPowerController: Unblocked screen on after 50 ms
11-07 17:57:49.391   913   977 I DisplayPowerController: Blocking screen off
11-07 17:57:49.392   913   977 I DisplayPowerController: Unblocked screen off after 1 ms
11-07 17:57:49.393   913   973 I DisplayManagerService: Display device changed state: "Built-in Screen", OFF
11-07 17:57:58.939   913   913 E NotificationService: Error creating vibration waveform with pattern: [0, 0, 0, 0]
11-07 17:57:59.016   913   977 I DisplayPowerController: Blocking screen on until initial contents have been drawn.
11-07 17:57:59.017   913   973 I DisplayManagerService: Display device changed state: "Built-in Screen", DOZE
11-07 17:57:59.088   913   977 I DisplayPowerController: Unblocked screen on after 73 ms
11-07 17:58:06.939   913   977 I DisplayPowerController: Blocking screen off
11-07 17:58:06.941   913   977 I DisplayPowerController: Unblocked screen off after 2 ms
11-07 17:58:06.942   913   973 I DisplayManagerService: Display device changed state: "Built-in Screen", OFF
11-07 17:59:09.349   913 10657 I ActivityManager: Killing 16378:android.process.acore/u0a1 (adj 906): empty for 1814s
11-07 17:59:23.791   913   956 E BatteryStatsService: no controller energy info supplied
11-07 17:59:23.821   913   956 E BatteryStatsService: modem info is invalid: ModemActivityInfo{ mTimestamp=0 mSleepTimeMs=0 mIdleTimeMs=0 mTxTimeMs[]=[0, 0, 0, 0, 0] mRxTimeMs=0 mEnergyUsed=0}
11-07 17:59:50.832   913   956 E BatteryStatsService: no controller energy info supplied
11-07 17:59:50.867   913   956 E BatteryStatsService: modem info is invalid: ModemActivityInfo{ mTimestamp=0 mSleepTimeMs=0 mIdleTimeMs=0 mTxTimeMs[]=[0, 0, 0, 0, 0] mRxTimeMs=0 mEnergyUsed=0}
11-07 18:00:10.009   913   913 I ActivityManager: Killing 21355:com.google.android.apps.fitness/u0a92 (adj 906): empty for 1812s
11-07 18:00:57.420   913   977 I DisplayPowerController: Blocking screen on until initial contents have been drawn.
11-07 18:00:57.421   913   973 I DisplayManagerService: Display device changed state: "Built-in Screen", DOZE
11-07 18:00:57.467   913   977 I DisplayPowerController: Unblocked screen on after 47 ms
11-07 18:01:05.357   913   977 I DisplayPowerController: Blocking screen off
11-07 18:01:05.358   913   977 I DisplayPowerController: Unblocked screen off after 1 ms
11-07 18:01:05.359   913   973 I DisplayManagerService: Display device changed state: "Built-in Screen", OFF
11-07 18:01:06.629   913   913 I ActivityManager: Start proc 23046:com.google.android.partnersetup/u0a33 for service com.google.android.partnersetup/.InstalledAppJobService
11-07 18:01:12.335  5920 23087 E ActivityThread: Failed to find provider info for com.facebook.mlite.sso.MessengerLoggedInUserProvider
11-07 18:01:12.911   913   977 I DisplayPowerController: Blocking screen on until initial contents have been drawn.
11-07 18:01:12.913   913   973 I DisplayManagerService: Display device changed state: "Built-in Screen", DOZE
11-07 18:01:12.970   913   977 I DisplayPowerController: Unblocked screen on after 60 ms
11-07 18:01:20.819   913   977 I DisplayPowerController: Blocking screen off
11-07 18:01:20.820   913   977 I DisplayPowerController: Unblocked screen off after 1 ms
11-07 18:01:20.823   913   973 I DisplayManagerService: Display device changed state: "Built-in Screen", OFF
11-07 18:01:27.748   913   913 E NotificationService: Error creating vibration waveform with pattern: [0, 0, 0, 0]
11-07 18:01:27.814   913   977 I DisplayPowerController: Blocking screen on until initial contents have been drawn.
11-07 18:01:27.815   913   973 I DisplayManagerService: Display device changed state: "Built-in Screen", DOZE
11-07 18:01:27.870   913   977 I DisplayPowerController: Unblocked screen on after 56 ms
11-07 18:01:35.723   913   977 I DisplayPowerController: Blocking screen off
11-07 18:01:35.725   913   977 I DisplayPowerController: Unblocked screen off after 1 ms
11-07 18:01:35.726   913   973 I DisplayManagerService: Display device changed state: "Built-in Screen", OFF
11-07 18:02:04.664   913  1113 I PowerManagerService: Waking up from dozing (uid 1000)...
11-07 18:02:04.667   913   977 I DisplayPowerController: Blocking screen on until initial contents have been drawn.
11-07 18:02:04.673   913   973 I DisplayManagerService: Display device changed state: "Built-in Screen", ON
11-07 18:02:04.738   913   977 I DisplayPowerController: Unblocked screen on after 72 ms
11-07 18:02:04.976   913   977 W PowerManagerService: Screen on took 317 ms
11-07 18:02:04.976   913   977 I DreamManagerService: Gently waking up from dream.
11-07 18:02:04.977   913   971 I DreamManagerService: Performing gentle wake from dream.
11-07 18:02:05.009   913  5346 I DreamManagerService: Leaving dreamland.
11-07 18:02:05.009   913   971 I DreamManagerService: Performing gentle wake from dream.
11-07 18:02:05.009   913   971 I DreamController: Stopping dream: name=ComponentInfo{com.android.systemui/com.android.systemui.doze.DozeService}, isTest=false, canDoze=true, userId=0
11-07 18:02:21.765   913   977 I PowerManagerService: Going to sleep due to screen timeout (uid 1000)...
11-07 18:02:22.293   913   977 I DisplayPowerController: Blocking screen off
11-07 18:02:22.302   913   977 I DisplayPowerController: Unblocked screen off after 9 ms
11-07 18:02:22.330   913   973 I DisplayManagerService: Display device changed state: "Built-in Screen", OFF
11-07 18:02:22.343   913   977 I DreamManagerService: Entering dreamland.
11-07 18:02:22.344   913   977 I PowerManagerService: Dozing...
11-07 18:02:22.344   913   971 I DreamController: Starting dream: name=ComponentInfo{com.android.systemui/com.android.systemui.doze.DozeService}, isTest=false, canDoze=true, userId=0
11-07 18:04:06.102   913  2094 I ActivityManager: Start proc 23249:com.android.providers.calendar/u0a3 for content provider com.android.providers.calendar/.CalendarProvider2
11-07 18:04:18.833   913   956 E BatteryStatsService: no controller energy info supplied
11-07 18:04:18.863   913   956 E BatteryStatsService: modem info is invalid: ModemActivityInfo{ mTimestamp=0 mSleepTimeMs=0 mIdleTimeMs=0 mTxTimeMs[]=[0, 0, 0, 0, 0] mRxTimeMs=0 mEnergyUsed=0}
11-07 18:04:23.461   913   913 E NotificationService: Error creating vibration waveform with pattern: [0, 0, 0, 0]
11-07 18:04:23.503   913   977 I DisplayPowerController: Blocking screen on until initial contents have been drawn.
11-07 18:04:23.505   913   973 I DisplayManagerService: Display device changed state: "Built-in Screen", DOZE
11-07 18:04:23.578   913   977 I DisplayPowerController: Unblocked screen on after 74 ms
11-07 18:04:31.412   913   977 I DisplayPowerController: Blocking screen off
11-07 18:04:31.413   913   977 I DisplayPowerController: Unblocked screen off after 1 ms
11-07 18:04:31.417   913   973 I DisplayManagerService: Display device changed state: "Built-in Screen", OFF
11-07 18:04:50.996   913 10650 I ActivityManager: Killing 21661:com.android.vending/u0a36 (adj 906): empty for 1801s
11-07 18:04:51.046   913  2662 D ConnectivityService: ConnectivityService NetworkRequestInfo binderDied(NetworkRequest [ LISTEN id=30, [ Capabilities: INTERNET&NOT_RESTRICTED&TRUSTED] ], android.os.BinderProxy@c130257)
11-07 18:04:51.049   913  1132 E ConnectivityService: RemoteException caught trying to send a callback msg for NetworkRequest [ LISTEN id=30, [ Capabilities: INTERNET&NOT_RESTRICTED&TRUSTED] ]
11-07 18:05:39.486   913  1109 W ActivityManager: Unable to start service Intent { act=com.alibaba.aliexpresshd.intent.action.COCKROACH flg=0x4 (has extras) } U=0: not found
11-07 18:05:55.289   913 10656 W ActivityManager: Unable to start service Intent { act=com.google.firebase.MESSAGING_EVENT pkg=com.whatsapp (has extras) } U=0: not found
11-07 18:08:45.393   913   913 E NotificationService: Error creating vibration waveform with pattern: [0, 0, 0, 0]
11-07 18:08:45.472   913   977 I DisplayPowerController: Blocking screen on until initial contents have been drawn.
11-07 18:08:45.474   913   973 I DisplayManagerService: Display device changed state: "Built-in Screen", DOZE
11-07 18:08:45.530   913   977 I DisplayPowerController: Unblocked screen on after 57 ms
11-07 18:08:53.354   913   977 I DisplayPowerController: Blocking screen off
11-07 18:08:53.356   913   977 I DisplayPowerController: Unblocked screen off after 2 ms
11-07 18:08:53.358   913   973 I DisplayManagerService: Display device changed state: "Built-in Screen", OFF
11-07 18:15:11.507   913  1109 I ActivityManager: Start proc 23696:com.vikingco.vikingapp/u0a117 for service com.vikingco.vikingapp/com.zendesk.sdk.network.impl.ConfigurationIntentService
11-07 18:15:58.468   913   952 I UsageStatsService: User[0] Flushing usage stats to disk
11-07 18:16:58.397   913   913 E NotificationService: Error creating vibration waveform with pattern: [0, 0, 0, 0]
11-07 18:16:58.470   913   977 I DisplayPowerController: Blocking screen on until initial contents have been drawn.
11-07 18:16:58.472   913   973 I DisplayManagerService: Display device changed state: "Built-in Screen", DOZE
11-07 18:16:58.534   913   977 I DisplayPowerController: Unblocked screen on after 64 ms
11-07 18:17:06.381   913   977 I DisplayPowerController: Blocking screen off
11-07 18:17:06.383   913   977 I DisplayPowerController: Unblocked screen off after 1 ms
11-07 18:17:06.384   913   973 I DisplayManagerService: Display device changed state: "Built-in Screen", OFF
11-07 18:17:52.171   913   913 E NotificationService: Error creating vibration waveform with pattern: [0, 0, 0, 0]
11-07 18:17:52.224   913   977 I DisplayPowerController: Blocking screen on until initial contents have been drawn.
11-07 18:17:52.226   913   973 I DisplayManagerService: Display device changed state: "Built-in Screen", DOZE
11-07 18:17:52.293   913   977 I DisplayPowerController: Unblocked screen on after 69 ms
11-07 18:18:00.141   913   977 I DisplayPowerController: Blocking screen off
11-07 18:18:00.143   913   977 I DisplayPowerController: Unblocked screen off after 2 ms
11-07 18:18:00.145   913   973 I DisplayManagerService: Display device changed state: "Built-in Screen", OFF
11-07 18:19:40.233   913  5360 W ActivityManager: Unable to start service Intent { act=com.google.firebase.MESSAGING_EVENT pkg=com.whatsapp (has extras) } U=0: not found
11-07 18:23:07.227   913  1113 I PowerManagerService: Waking up from dozing (uid 1000)...
11-07 18:23:07.234   913   977 I DisplayPowerController: Blocking screen on until initial contents have been drawn.
11-07 18:23:07.241   913   973 I DisplayManagerService: Display device changed state: "Built-in Screen", ON
11-07 18:23:07.297   913   977 I DisplayPowerController: Unblocked screen on after 64 ms
11-07 18:23:07.544   913   977 W PowerManagerService: Screen on took 323 ms
11-07 18:23:07.545   913   977 I DreamManagerService: Gently waking up from dream.
11-07 18:23:07.545   913   971 I DreamManagerService: Performing gentle wake from dream.
11-07 18:23:07.575   913 10662 I DreamManagerService: Leaving dreamland.
11-07 18:23:07.576   913   971 I DreamManagerService: Performing gentle wake from dream.
11-07 18:23:07.576   913   971 I DreamController: Stopping dream: name=ComponentInfo{com.android.systemui/com.android.systemui.doze.DozeService}, isTest=false, canDoze=true, userId=0
11-07 18:23:08.461  1612  1612 W FingerprintManager: Invalid acquired message: 6, 0
11-07 18:23:08.687   913   913 V FingerprintService: onAuthenticated(owner=com.android.systemui, id=-1306448241, gp=0)
11-07 18:23:08.695   913   913 V FingerprintService: Done with client: com.android.systemui
11-07 18:23:08.763   913   913 V FingerprintService: startAuthentication(com.android.systemui)
11-07 18:23:08.763   913   913 V FingerprintService: starting client AuthenticationClient(com.android.systemui), initiatedByClient = true)
11-07 18:23:08.793   913   913 W FingerprintService: client com.android.systemui is authenticating...
11-07 18:23:09.041   913   913 V FingerprintService: stop client com.android.systemui
11-07 18:23:09.116   913   913 W FingerprintService: client com.android.systemui is no longer authenticating
11-07 18:23:09.116   913   913 V FingerprintService: Done with client: com.android.systemui
11-07 18:23:09.116   913   913 V FingerprintService: handleError(client=com.android.systemui, error = 5)
11-07 18:23:09.660   913  5366 I ActivityManager: START u0 {act=android.intent.action.MAIN cat=[android.intent.category.LAUNCHER] flg=0x10200000 cmp=com.facebook.orca/.auth.StartScreenActivity bnds=[216,1253][432,1490] (has extras)} from uid 10106
11-07 18:23:10.348   913  2105 W ActivityManager: Permission Denial: opening provider com.android.providers.contacts.ContactsProvider2 from ProcessRecord{5f661c9 5920:com.facebook.orca/u0a119} (pid=5920, uid=10119) requires android.permission.READ_CONTACTS or android.permission.WRITE_CONTACTS
11-07 18:23:10.355   913 10661 W ActivityManager: Permission Denial: opening provider com.android.providers.contacts.CallLogProvider from ProcessRecord{5f661c9 5920:com.facebook.orca/u0a119} (pid=5920, uid=10119) requires android.permission.READ_CALL_LOG or android.permission.WRITE_CALL_LOG
11-07 18:23:13.642   913  2094 I ActivityManager: Start proc 24123:android.process.acore/u0a1 for content provider com.android.providers.userdictionary/.UserDictionaryProvider
11-07 18:23:21.131   913 10655 I ActivityManager: Start proc 24231:com.android.vending/u0a36 for service com.android.vending/com.google.android.finsky.zapp.PlayModuleService
11-07 18:23:24.858   913  1113 I PowerManagerService: Going to sleep due to power button (uid 1000)...
11-07 18:23:24.899   913   913 V FingerprintService: startAuthentication(com.android.systemui)
11-07 18:23:24.899   913   913 V FingerprintService: starting client AuthenticationClient(com.android.systemui), initiatedByClient = true)
11-07 18:23:24.919   913   913 W FingerprintService: client com.android.systemui is authenticating...
11-07 18:23:25.382   913   977 I DisplayPowerController: Blocking screen off
11-07 18:23:25.392   913   977 I DreamManagerService: Entering dreamland.
11-07 18:23:25.393   913   971 I DreamController: Starting dream: name=ComponentInfo{com.android.systemui/com.android.systemui.doze.DozeService}, isTest=false, canDoze=true, userId=0
11-07 18:23:25.393   913   977 I PowerManagerService: Dozing...
11-07 18:23:25.409   913   977 I DisplayPowerController: Unblocked screen off after 27 ms
11-07 18:23:25.481   913   973 I DisplayManagerService: Display device changed state: "Built-in Screen", OFF
11-07 18:23:27.244  5920 24345 E ActivityThread: Failed to find provider info for com.facebook.mlite.sso.MessengerLoggedInUserProvider
11-07 18:23:27.592   913   977 I DisplayPowerController: Blocking screen on until initial contents have been drawn.
11-07 18:23:27.593   913   973 I DisplayManagerService: Display device changed state: "Built-in Screen", DOZE
11-07 18:23:27.647   913   977 I DisplayPowerController: Unblocked screen on after 56 ms
11-07 18:23:35.514   913   977 I DisplayPowerController: Blocking screen off
11-07 18:23:35.517   913   977 I DisplayPowerController: Unblocked screen off after 4 ms
11-07 18:23:35.519   913   973 I DisplayManagerService: Display device changed state: "Built-in Screen", OFF
11-07 18:24:05.895   913   913 E NotificationService: Error creating vibration waveform with pattern: [0, 0, 0, 0]
11-07 18:24:05.975   913   977 I DisplayPowerController: Blocking screen on until initial contents have been drawn.
11-07 18:24:05.976   913   973 I DisplayManagerService: Display device changed state: "Built-in Screen", DOZE
11-07 18:24:06.033   913   977 I DisplayPowerController: Unblocked screen on after 58 ms
11-07 18:24:13.877   913   977 I DisplayPowerController: Blocking screen off
11-07 18:24:13.878   913   977 I DisplayPowerController: Unblocked screen off after 2 ms
11-07 18:24:13.879   913   973 I DisplayManagerService: Display device changed state: "Built-in Screen", OFF
11-07 18:25:02.094   913   913 I ActivityManager: Start proc 24452:com.twitter.android/u0a130 for service com.twitter.android/com.evernote.android.job.v21.PlatformJobService
11-07 18:25:02.350   913   929 I ActivityManager: Start proc 24475:com.android.webview:sandboxed_process0/u0i9 for webview_service com.twitter.android/org.chromium.content.app.SandboxedProcessService0
11-07 18:25:03.222   913  2094 I ActivityManager: Start proc 24548:com.android.chrome/u0a121 for service com.android.chrome/org.chromium.chrome.browser.customtabs.CustomTabsConnectionService
11-07 18:25:04.526   913 10662 I ActivityManager: Start proc 24612:com.android.chrome:sandboxed_process0/u0i10 for service com.android.chrome/org.chromium.content.app.SandboxedProcessService0
11-07 18:25:06.565   913 10651 I ActivityManager: Start proc 24647:com.android.chrome:privileged_process0/u0a121 for service com.android.chrome/org.chromium.content.app.PrivilegedProcessService0
11-07 18:25:11.359   913   913 W JobServiceContext: 40c04e0 #u0a130/1003 com.twitter.android/com.twitter.library.platform.TwitterDataSyncService
11-07 18:25:11.373   913 10654 I ActivityManager: Killing 23046:com.google.android.partnersetup/u0a33 (adj 904): empty #17
11-07 18:25:14.497   913   929 W ActivityManager: Background start not allowed: service Intent { act=org.chromium.components.sync.notifier.ACTION_REGISTER_TYPES cmp=com.android.chrome/org.chromium.chrome.browser.invalidation.ChromeInvalidationClientService (has extras) } to com.android.chrome/org.chromium.chrome.browser.invalidation.ChromeInvalidationClientService from pid=24548 uid=10121 pkg=com.android.chrome
11-07 18:25:14.528   913  5331 W ActivityManager: Background start not allowed: service Intent { act=org.chromium.components.sync.notifier.ACTION_REGISTER_TYPES cmp=com.android.chrome/org.chromium.chrome.browser.invalidation.ChromeInvalidationClientService (has extras) } to com.android.chrome/org.chromium.chrome.browser.invalidation.ChromeInvalidationClientService from pid=24548 uid=10121 pkg=com.android.chrome
11-07 18:25:14.536   913 10651 W ActivityManager: Background start not allowed: service Intent { act=org.chromium.components.sync.notifier.ACTION_REGISTER_TYPES cmp=com.android.chrome/org.chromium.chrome.browser.invalidation.ChromeInvalidationClientService (has extras) } to com.android.chrome/org.chromium.chrome.browser.invalidation.ChromeInvalidationClientService from pid=24548 uid=10121 pkg=com.android.chrome
11-07 18:27:03.794   913   913 E NotificationService: Error creating vibration waveform with pattern: [0, 0, 0, 0]
11-07 18:27:03.875   913   977 I DisplayPowerController: Blocking screen on until initial contents have been drawn.
11-07 18:27:03.879   913   973 I DisplayManagerService: Display device changed state: "Built-in Screen", DOZE
11-07 18:27:03.939   913   977 I DisplayPowerController: Unblocked screen on after 64 ms
11-07 18:27:11.802   913   977 I DisplayPowerController: Blocking screen off
11-07 18:27:11.805   913   977 I DisplayPowerController: Unblocked screen off after 3 ms
11-07 18:27:11.807   913   973 I DisplayManagerService: Display device changed state: "Built-in Screen", OFF
11-07 18:29:41.220   913  1907 I ActivityManager: Killing 23249:com.android.providers.calendar/u0a3 (adj 904): empty #17
11-07 18:29:50.881   913   956 E BatteryStatsService: no controller energy info supplied
11-07 18:29:50.908   913   956 E BatteryStatsService: modem info is invalid: ModemActivityInfo{ mTimestamp=0 mSleepTimeMs=0 mIdleTimeMs=0 mTxTimeMs[]=[0, 0, 0, 0, 0] mRxTimeMs=0 mEnergyUsed=0}
11-07 18:30:04.395   913  5346 I ActivityManager: Start proc 24863:com.google.android.apps.fitness/u0a92 for broadcast com.google.android.apps.fitness/.wearable.WearableSyncReceiver
11-07 18:30:36.234   913  1907 I ActivityManager: Killing 23696:com.vikingco.vikingapp/u0a117 (adj 904): empty #17
11-07 18:32:10.842   913   913 E NotificationService: Error creating vibration waveform with pattern: [0, 0, 0, 0]
11-07 18:32:10.918   913   977 I DisplayPowerController: Blocking screen on until initial contents have been drawn.
11-07 18:32:10.919   913   973 I DisplayManagerService: Display device changed state: "Built-in Screen", DOZE
11-07 18:32:10.980   913   977 I DisplayPowerController: Unblocked screen on after 62 ms
11-07 18:32:18.843   913   977 I DisplayPowerController: Blocking screen off
11-07 18:32:18.845   913   977 I DisplayPowerController: Unblocked screen off after 2 ms
11-07 18:32:18.846   913   973 I DisplayManagerService: Display device changed state: "Built-in Screen", OFF
11-07 18:32:27.470   913  5361 I ActivityManager: Killing 20703:com.instagram.android/u0a127 (adj 904): empty #17
11-07 18:33:09.789   913 10660 W ActivityManager: Unable to start service Intent { act=com.google.firebase.MESSAGING_EVENT pkg=com.whatsapp (has extras) } U=0: not found
11-07 18:33:18.928   913  1113 I PowerManagerService: Waking up from dozing (uid 1000)...
11-07 18:33:18.939   913   977 I DisplayPowerController: Blocking screen on until initial contents have been drawn.
11-07 18:33:18.949   913   973 I DisplayManagerService: Display device changed state: "Built-in Screen", ON
11-07 18:33:19.008   913   977 I DisplayPowerController: Unblocked screen on after 70 ms
11-07 18:33:19.281   913   977 W PowerManagerService: Screen on took 358 ms
11-07 18:33:19.282   913   977 I DreamManagerService: Gently waking up from dream.
11-07 18:33:19.285   913   971 I DreamManagerService: Performing gentle wake from dream.
11-07 18:33:19.308   913 10662 I DreamManagerService: Leaving dreamland.
11-07 18:33:19.309   913   971 I DreamManagerService: Performing gentle wake from dream.
11-07 18:33:19.309   913   971 I DreamController: Stopping dream: name=ComponentInfo{com.android.systemui/com.android.systemui.doze.DozeService}, isTest=false, canDoze=true, userId=0
11-07 18:33:22.606  1612  1612 W FingerprintManager: Invalid acquired message: 6, 0
11-07 18:33:22.869   913   913 V FingerprintService: onAuthenticated(owner=com.android.systemui, id=-1306448241, gp=0)
11-07 18:33:22.874   913   913 V FingerprintService: Done with client: com.android.systemui
11-07 18:33:22.918   913  5361 I ActivityManager: START u0 {act=com.facebook.orca.notify.SECURE_VIEW dat=fb-messenger://user/1144692594 flg=0x14000000 pkg=com.facebook.orca cmp=com.facebook.orca/com.facebook.messenger.intents.SecureIntentHandlerActivity (has extras)} from uid 10119
11-07 18:33:22.934   913   913 V FingerprintService: startAuthentication(com.android.systemui)
11-07 18:33:22.934   913   913 V FingerprintService: starting client AuthenticationClient(com.android.systemui), initiatedByClient = true)
11-07 18:33:22.964   913   913 W FingerprintService: client com.android.systemui is authenticating...
11-07 18:33:22.967   913  5346 I ActivityManager: START u0 {flg=0x10008000 cmp=com.facebook.orca/com.facebook.common.keyguard.KeyguardPendingIntentActivity (has extras)} from uid 10119
11-07 18:33:23.030   913 10659 W ActivityManager: Permission Denial: opening provider com.android.providers.contacts.ContactsProvider2 from ProcessRecord{5f661c9 5920:com.facebook.orca/u0a119} (pid=5920, uid=10119) requires android.permission.READ_CONTACTS or android.permission.WRITE_CONTACTS
11-07 18:33:23.031   913  5362 W ActivityManager: Permission Denial: opening provider com.android.providers.contacts.CallLogProvider from ProcessRecord{5f661c9 5920:com.facebook.orca/u0a119} (pid=5920, uid=10119) requires android.permission.READ_CALL_LOG or android.permission.WRITE_CALL_LOG
11-07 18:33:23.395   913   913 V FingerprintService: stop client com.android.systemui
11-07 18:33:23.400   913   913 W FingerprintService: client com.android.systemui is no longer authenticating
11-07 18:33:23.400   913   913 V FingerprintService: Done with client: com.android.systemui
11-07 18:33:23.401   913   913 V FingerprintService: handleError(client=com.android.systemui, error = 5)
11-07 18:33:23.454   913 10651 I ActivityManager: Start proc 25081:com.instagram.android/u0a127 for broadcast com.instagram.android/com.instagram.push.fbns.FbnsInitBroadcastReceiver
11-07 18:33:24.603   913  1033 I WindowManager: Failed to capture screenshot of Token{c418c44 ActivityRecord{33a6957 u0 com.facebook.orca/com.facebook.common.keyguard.KeyguardPendingIntentActivity t1964 f}} appWin=Window{4df7fba u0 com.facebook.orca/com.facebook.common.keyguard.KeyguardPendingIntentActivity} drawState=4
11-07 18:33:36.098   913  1113 I PowerManagerService: Going to sleep due to power button (uid 1000)...
11-07 18:33:36.136   913   913 V FingerprintService: startAuthentication(com.android.systemui)
11-07 18:33:36.136   913   913 V FingerprintService: starting client AuthenticationClient(com.android.systemui), initiatedByClient = true)
11-07 18:33:36.161   913   913 W FingerprintService: client com.android.systemui is authenticating...
11-07 18:33:36.372   913   953 W BroadcastQueue: Background execution not allowed: receiving Intent { act=android.intent.action.ACTION_POWER_DISCONNECTED flg=0x4000010 (has extras) } to com.google.android.apps.photos/.scheduler.PowerReceiver
11-07 18:33:36.394   913   977 I PowerManagerService: Waking up from dozing (uid 1000)...
11-07 18:33:36.412   913   956 E BatteryStatsService: no controller energy info supplied
11-07 18:33:36.421   913  5346 I ActivityManager: Start proc 25240:be.mcdonalds.mcdo/u0a128 for broadcast be.mcdonalds.mcdo/org.altbeacon.beacon.startup.StartupBroadcastReceiver
11-07 18:33:36.427   913 10655 D ConnectivityService: Returning blocked NetworkInfo to uid=10104
11-07 18:33:36.439   913  5386 I WindowManager: Failed to capture screenshot of Token{a463f98 ActivityRecord{b67457b u0 com.facebook.orca/.auth.StartScreenActivity t1962}} appWin=Window{5f97255 u0 com.facebook.orca/com.facebook.orca.auth.StartScreenActivity} drawState=4
11-07 18:33:36.491   913  5386 W ProcessCpuTracker: Skipping unknown process pid 25246
11-07 18:33:36.492   913   954 W Looper  : Dispatch took 102ms on android.ui, h=Handler (com.android.server.am.ActivityManagerService$UiHandler) {c2a81d9} cb=null msg=53
11-07 18:33:36.517   913   956 E BatteryStatsService: modem info is invalid: ModemActivityInfo{ mTimestamp=0 mSleepTimeMs=0 mIdleTimeMs=0 mTxTimeMs[]=[0, 0, 0, 0, 0] mRxTimeMs=0 mEnergyUsed=0}
11-07 18:33:36.517   913   956 I BatteryStatsImpl: Resetting battery stats: level=100 status=5 dischargeLevel=100 lowAmount=87 highAmount=88
11-07 18:33:36.595   913   977 W PowerManagerService: Screen on took 203 ms
11-07 18:33:36.822   913 10650 I ActivityManager: Start proc 25289:com.plexapp.android/u0a112 for broadcast com.plexapp.android/com.plexapp.plex.services.cameraupload.CameraUploadBatteryConnectionReceiver
11-07 18:33:36.876   913 10651 D ConnectivityService: Returning blocked NetworkInfo to uid=10035
11-07 18:33:37.412   913 10661 I ActivityManager: Killing 20637:android.process.media/u0a9 (adj 904): empty #17
11-07 18:33:37.426   913  5360 I ActivityManager: Start proc 25332:de.stocard.stocard/u0a94 for broadcast de.stocard.stocard/org.altbeacon.beacon.startup.StartupBroadcastReceiver
11-07 18:33:37.525   913  1113 I PowerManagerService: Going to sleep due to power button (uid 1000)...
11-07 18:33:37.992   913   977 I DisplayPowerController: Blocking screen off
11-07 18:33:37.997   913   977 I DisplayPowerController: Unblocked screen off after 5 ms
11-07 18:33:38.013   913   973 I DisplayManagerService: Display device changed state: "Built-in Screen", OFF
11-07 18:33:38.013   913   977 I DreamManagerService: Entering dreamland.
11-07 18:33:38.014   913   977 I PowerManagerService: Dozing...
11-07 18:33:38.021   913   971 I DreamController: Starting dream: name=ComponentInfo{com.android.systemui/com.android.systemui.doze.DozeService}, isTest=false, canDoze=true, userId=0
11-07 18:33:38.118  5153 23983 E ActivityThread: Failed to find provider info for com.google.android.wearable.settings
11-07 18:33:38.120  5153 23983 E ActivityThread: Failed to find provider info for com.google.android.wearable.settings
11-07 18:33:48.946   913  5386 I ActivityManager: Killing 24231:com.android.vending/u0a36 (adj 904): empty #17
11-07 18:33:48.989   913 10659 D ConnectivityService: ConnectivityService NetworkRequestInfo binderDied(NetworkRequest [ LISTEN id=31, [ Capabilities: INTERNET&NOT_RESTRICTED&TRUSTED] ], android.os.BinderProxy@8315c55)
11-07 18:33:48.990   913  1132 E ConnectivityService: RemoteException caught trying to send a callback msg for NetworkRequest [ LISTEN id=31, [ Capabilities: INTERNET&NOT_RESTRICTED&TRUSTED] ]
11-07 18:33:52.709   913   913 E NotificationService: Error creating vibration waveform with pattern: [0, 0, 0, 0]
11-07 18:33:58.723  5920 25573 E ActivityThread: Failed to find provider info for com.facebook.mlite.sso.MessengerLoggedInUserProvider
11-07 18:33:58.744  5153 21983 E ActivityThread: Failed to find provider info for com.google.android.wearable.settings
11-07 18:33:58.745  5153 21983 E ActivityThread: Failed to find provider info for com.google.android.wearable.settings
11-07 18:34:16.009  1612  1612 W FingerprintManager: Invalid acquired message: 6, 0
11-07 18:34:16.933   913  1113 I PowerManagerService: Waking up from dozing (uid 1000)...
11-07 18:34:16.961   913   977 I DisplayPowerController: Blocking screen on until initial contents have been drawn.
11-07 18:34:16.972   913   973 I DisplayManagerService: Display device changed state: "Built-in Screen", ON
11-07 18:34:17.022   913   977 I DisplayPowerController: Unblocked screen on after 60 ms
11-07 18:34:17.284   913   977 W PowerManagerService: Screen on took 361 ms
11-07 18:34:17.285   913   977 I DreamManagerService: Gently waking up from dream.
11-07 18:34:17.285   913   971 I DreamManagerService: Performing gentle wake from dream.
11-07 18:34:17.305   913  1907 I DreamManagerService: Leaving dreamland.
11-07 18:34:17.308   913   971 I DreamManagerService: Performing gentle wake from dream.
11-07 18:34:17.308   913   971 I DreamController: Stopping dream: name=ComponentInfo{com.android.systemui/com.android.systemui.doze.DozeService}, isTest=false, canDoze=true, userId=0
11-07 18:34:17.866  5153 21983 E ActivityThread: Failed to find provider info for com.google.android.wearable.settings
11-07 18:34:17.869  5153 21983 E ActivityThread: Failed to find provider info for com.google.android.wearable.settings
11-07 18:34:18.359   913  1113 I PowerManagerService: Going to sleep due to power button (uid 1000)...
11-07 18:34:18.901   913   977 I DisplayPowerController: Blocking screen off
11-07 18:34:18.922   913   977 I DisplayPowerController: Unblocked screen off after 22 ms
11-07 18:34:18.957   913   977 I DreamManagerService: Entering dreamland.
11-07 18:34:18.957   913   973 I DisplayManagerService: Display device changed state: "Built-in Screen", OFF
11-07 18:34:18.957   913   977 I PowerManagerService: Dozing...
11-07 18:34:18.978   913   971 I DreamController: Starting dream: name=ComponentInfo{com.android.systemui/com.android.systemui.doze.DozeService}, isTest=false, canDoze=true, userId=0
11-07 18:34:41.056  5153 17080 E ActivityThread: Failed to find provider info for com.google.android.wearable.settings
11-07 18:34:41.057  5153 17080 E ActivityThread: Failed to find provider info for com.google.android.wearable.settings
11-07 18:34:41.566  5153 21983 E ActivityThread: Failed to find provider info for com.google.android.wearable.settings
11-07 18:34:41.580  5153 21983 I chatty  : uid=10029(u0_a29) com.google.android.gms.persistent identical 2 lines
11-07 18:34:41.587  5153 21983 E ActivityThread: Failed to find provider info for com.google.android.wearable.settings
11-07 18:34:42.545  5153 17080 E ActivityThread: Failed to find provider info for com.google.android.wearable.settings
11-07 18:34:45.536  5153 17080 I chatty  : uid=10029(u0_a29) com.google.android.gms.persistent identical 12 lines
11-07 18:34:45.539  5153 17080 E ActivityThread: Failed to find provider info for com.google.android.wearable.settings
11-07 18:34:46.496  5153 24803 E ActivityThread: Failed to find provider info for com.google.android.wearable.settings
11-07 18:34:47.504  5153 24803 I chatty  : uid=10029(u0_a29) com.google.android.gms.persistent identical 4 lines
11-07 18:34:47.515  5153 24803 E ActivityThread: Failed to find provider info for com.google.android.wearable.settings
11-07 18:34:47.585   913   913 E NotificationService: Error creating vibration waveform with pattern: [0, 0, 0, 0]
11-07 18:34:48.472  5153 21983 E ActivityThread: Failed to find provider info for com.google.android.wearable.settings
11-07 18:34:58.382  5153 21983 I chatty  : uid=10029(u0_a29) com.google.android.gms.persistent identical 18 lines
11-07 18:34:58.387  5153 21983 E ActivityThread: Failed to find provider info for com.google.android.wearable.settings
11-07 18:35:11.149   597   597 E wificond: Received error messsage: Device or resource busy
11-07 18:35:11.150   597   597 E wificond: NL80211_CMD_TRIGGER_SCAN failed
11-07 18:35:11.208   913  1132 D ConnectivityService: NetworkAgentInfo [WIFI () - 101] EVENT_NETWORK_INFO_CHANGED, going from CONNECTED to DISCONNECTED
11-07 18:35:11.209   913  1132 D ConnectivityService: NetworkAgentInfo [WIFI () - 101] got DISCONNECTED, was satisfying 9
11-07 18:35:11.294   597   597 I wificond: Pno scan started
11-07 18:35:11.454  5153 25700 E ActivityThread: Failed to find provider info for com.google.android.wearable.settings
11-07 18:35:11.459  5153 25700 E ActivityThread: Failed to find provider info for com.google.android.wearable.settings
11-07 18:35:11.627   913  1132 D ConnectivityService: Sending DISCONNECTED broadcast for type 1 NetworkAgentInfo [WIFI () - 101] isDefaultNetwork=true
11-07 18:35:11.632   913  1132 D ConnectivityService: Switching to new default network: NetworkAgentInfo{ ni{[type: MOBILE[LTE], state: CONNECTED/CONNECTED, reason: connected, extra: web.be, failover: false, available: true, roaming: false, metered: true]}  network{102}  nethandle{438103100126}  lp{{InterfaceName: rmnet_data0 LinkAddresses: [10.78.249.56/28,]  Routes: [0.0.0.0/0 -> 10.78.249.57 rmnet_data0,] DnsAddresses: [217.72.230.1,217.72.230.129,] Domains: null MTU: 1500 TcpBufferSizes: 2097152,4194304,8388608,262144,524288,1048576}}  nc{[ Transports: CELLULAR Capabilities: SUPL&INTERNET&NOT_RESTRICTED&TRUSTED&NOT_VPN&VALIDATED LinkUpBandwidth>=51200Kbps LinkDnBandwidth>=102400Kbps Specifier: <1>]}  Score{50}  everValidated{true}  lastValidated{true}  created{true} lingering{false} explicitlySelected{false} acceptUnvalidated{false} everCaptivePortalDetected{false} lastCaptivePortalDetected{false} }
11-07 18:35:11.670   913  1132 D ConnectivityService: Sending CONNECTED broadcast for type 0 NetworkAgentInfo [MOBILE (LTE) - 102] isDefaultNetwork=true
11-07 18:35:11.800   913 25741 D ConnectivityService: Returning blocked NetworkInfo to uid=10098
11-07 18:35:12.184  5153 25760 E ActivityThread: Failed to find provider info for com.google.android.wearable.settings
11-07 18:35:12.187  5153 25760 E ActivityThread: Failed to find provider info for com.google.android.wearable.settings
11-07 18:35:12.297   913  5360 I ActivityManager: Start proc 25811:com.itube.colorseverywhere/u0a90 for broadcast com.itube.colorseverywhere/.util.NetworkChangeReceiver
11-07 18:35:13.168  5153 25700 E ActivityThread: Failed to find provider info for com.google.android.wearable.settings
11-07 18:35:13.170  5153 25700 E ActivityThread: Failed to find provider info for com.google.android.wearable.settings
11-07 18:35:13.699   597   597 I wificond: Pno scan result ready event
11-07 18:35:13.706   597   597 I wificond: Pno scan stopped
11-07 18:35:13.725   597   597 W wificond: Scan is not started. Ignore abort request
11-07 18:35:14.117   913  1123 D ConnectivityService: registerNetworkAgent NetworkAgentInfo{ ni{[type: WIFI[], state: CONNECTING/CONNECTING, reason: (unspecified), extra: "campusroam", failover: false, available: true, roaming: false, metered: false]}  network{103}  nethandle{442398067422}  lp{{LinkAddresses: []  Routes: [] DnsAddresses: [] Domains: null MTU: 0}}  nc{[ Transports: WIFI Capabilities: NOT_METERED&INTERNET&NOT_RESTRICTED&TRUSTED&NOT_VPN LinkUpBandwidth>=1048576Kbps LinkDnBandwidth>=1048576Kbps]}  Score{20}  everValidated{false}  lastValidated{false}  created{false} lingering{false} explicitlySelected{false} acceptUnvalidated{false} everCaptivePortalDetected{false} lastCaptivePortalDetected{false} }
11-07 18:35:14.117   913  1132 D ConnectivityService: NetworkAgentInfo [WIFI () - 103] EVENT_NETWORK_INFO_CHANGED, going from null to CONNECTING
11-07 18:35:14.155  5153 25760 E ActivityThread: Failed to find provider info for com.google.android.wearable.settings
11-07 18:35:20.084  5153 25760 I chatty  : uid=10029(u0_a29) com.google.android.gms.persistent identical 6 lines
11-07 18:35:20.090  5153 25760 E ActivityThread: Failed to find provider info for com.google.android.wearable.settings
11-07 18:35:20.761   913  2105 I ActivityManager: Start proc 25916:com.android.webview:sandboxed_process0/u0i11 for webview_service com.itube.colorseverywhere/org.chromium.content.app.SandboxedProcessService0
11-07 18:35:20.965   913 10662 I ActivityManager: Killing 24612:com.android.chrome:sandboxed_process0/u0a121i10 (adj 906): empty #17
11-07 18:35:21.008   913 25740 W ActivityManager: Scheduling restart of crashed service com.android.chrome/org.chromium.content.app.SandboxedProcessService0 in 1000ms
11-07 18:35:21.065  5153 25760 E ActivityThread: Failed to find provider info for com.google.android.wearable.settings
11-07 18:35:27.509  5153 25760 I chatty  : uid=10029(u0_a29) com.google.android.gms.persistent identical 4 lines
11-07 18:35:27.517  5153 25760 E ActivityThread: Failed to find provider info for com.google.android.wearable.settings
11-07 18:35:27.595   913  1132 D ConnectivityService: NetworkAgentInfo [WIFI () - 103] EVENT_NETWORK_INFO_CHANGED, going from CONNECTING to CONNECTED
11-07 18:35:27.603   913  1132 D ConnectivityService: Adding iface wlan0 to network 103
11-07 18:35:27.652   913  1132 D ConnectivityService: Setting DNS servers for network 103 to [/134.58.126.3, /134.58.127.1]
11-07 18:35:27.806   913  1132 D ConnectivityService: NetworkAgentInfo [WIFI () - 103] validation passed
11-07 18:35:27.807   913  1132 D ConnectivityService: Switching to new default network: NetworkAgentInfo{ ni{[type: WIFI[], state: CONNECTED/CONNECTED, reason: (unspecified), extra: "campusroam", failover: false, available: true, roaming: false, metered: false]}  network{103}  nethandle{442398067422}  lp{{InterfaceName: wlan0 LinkAddresses: [fe80::cac4:26ff:fece:9a4e/64,10.46.182.225/17,]  Routes: [fe80::/64 -> :: wlan0,10.46.128.0/17 -> 0.0.0.0 wlan0,0.0.0.0/0 -> 10.46.255.254 wlan0,] DnsAddresses: [134.58.126.3,134.58.127.1,] Domains: extern.kuleuven.be MTU: 0 TcpBufferSizes: 524288,2097152,4194304,262144,524288,1048576}}  nc{[ Transports: WIFI Capabilities: NOT_METERED&INTERNET&NOT_RESTRICTED&TRUSTED&NOT_VPN&VALIDATED&FOREGROUND LinkUpBandwidth>=1048576Kbps LinkDnBandwidth>=1048576Kbps SignalStrength: -80]}  Score{60}  everValidated{true}  lastValidated{true}  created{true} lingering{false} explicitlySelected{false} acceptUnvalidated{false} everCaptivePortalDetected{false} lastCaptivePortalDetected{false} }
11-07 18:35:27.900   913  1132 D ConnectivityService: Lingering NetworkAgentInfo [MOBILE (LTE) - 102] for 30000ms
11-07 18:35:27.903   913  1132 D ConnectivityService: Sending DISCONNECTED broadcast for type 0 NetworkAgentInfo [MOBILE (LTE) - 102] isDefaultNetwork=true
11-07 18:35:27.905   913  1132 D ConnectivityService: Sending CONNECTED broadcast for type 1 NetworkAgentInfo [WIFI () - 103] isDefaultNetwork=true
11-07 18:35:27.983  5153 25760 E ActivityThread: Failed to find provider info for com.google.android.wearable.settings
11-07 18:35:27.987  5153 25760 E ActivityThread: Failed to find provider info for com.google.android.wearable.settings
11-07 18:35:28.116   913  5331 I ActivityManager: Killing 24647:com.android.chrome:privileged_process0/u0a121 (adj 904): empty #17
11-07 18:35:28.180   913 10651 W ActivityManager: Scheduling restart of crashed service com.android.chrome/org.chromium.content.app.PrivilegedProcessService0 in 1000ms
11-07 18:35:34.303  5153 17080 E ActivityThread: Failed to find provider info for com.google.android.wearable.settings
11-07 18:35:34.309  5153 17080 E ActivityThread: Failed to find provider info for com.google.android.wearable.settings
11-07 18:35:34.735   597   597 W wificond: Failed to get NL80211_ATTR_STATUS_CODE
11-07 18:35:34.739   597   597 E wificond: Failed to get NL80211_STA_INFO_TX_PACKETS
11-07 18:35:38.070   913   956 E BatteryStatsService: modem info is invalid: ModemActivityInfo{ mTimestamp=0 mSleepTimeMs=0 mIdleTimeMs=0 mTxTimeMs[]=[0, 0, 0, 0, 0] mRxTimeMs=0 mEnergyUsed=0}
11-07 18:35:38.209  5153 17080 E ActivityThread: Failed to find provider info for com.google.android.wearable.settings
11-07 18:35:39.839  5153 17080 I chatty  : uid=10029(u0_a29) com.google.android.gms.persistent identical 8 lines
11-07 18:35:39.844  5153 17080 E ActivityThread: Failed to find provider info for com.google.android.wearable.settings
11-07 18:35:57.807   913  1132 D ConnectivityService: handleLingerComplete for NetworkAgentInfo [MOBILE (LTE) - 102]
11-07 18:35:58.870  5153 25700 E ActivityThread: Failed to find provider info for com.google.android.wearable.settings
11-07 18:36:02.719  5153 25700 I chatty  : uid=10029(u0_a29) com.google.android.gms.persistent identical 2 lines
11-07 18:36:02.724  5153 25700 E ActivityThread: Failed to find provider info for com.google.android.wearable.settings
11-07 18:36:06.384   913   953 I ActivityManager: Waited long enough for: ServiceRecord{be674b7 u0 com.whatsapp/.messaging.MessageService}
11-07 18:36:06.796   913   956 E BatteryStatsService: modem info is invalid: ModemActivityInfo{ mTimestamp=0 mSleepTimeMs=0 mIdleTimeMs=0 mTxTimeMs[]=[0, 0, 0, 0, 0] mRxTimeMs=0 mEnergyUsed=0}
11-07 18:36:07.390   597   597 W wificond: Failed to get NL80211_ATTR_STATUS_CODE
11-07 18:36:07.392   597   597 E wificond: Failed to get NL80211_STA_INFO_TX_PACKETS
11-07 18:36:07.583  5153 25700 E ActivityThread: Failed to find provider info for com.google.android.wearable.settings
11-07 18:36:10.514  5153 25700 I chatty  : uid=10029(u0_a29) com.google.android.gms.persistent identical 12 lines
11-07 18:36:10.520  5153 25700 E ActivityThread: Failed to find provider info for com.google.android.wearable.settings
11-07 18:36:17.787  5153 25759 E ActivityThread: Failed to find provider info for com.google.android.wearable.settings
11-07 18:36:28.268  5153 25759 I chatty  : uid=10029(u0_a29) com.google.android.gms.persistent identical 12 lines
11-07 18:36:28.277  5153 25759 E ActivityThread: Failed to find provider info for com.google.android.wearable.settings
11-07 18:36:29.942   913  1132 D ConnectivityService: NetworkAgentInfo [WIFI () - 103] EVENT_NETWORK_INFO_CHANGED, going from CONNECTED to DISCONNECTED
11-07 18:36:29.942   913  1132 D ConnectivityService: NetworkAgentInfo [WIFI () - 103] got DISCONNECTED, was satisfying 10
11-07 18:36:29.996   913 10651 I ActivityManager: Killing 24548:com.android.chrome/u0a121 (adj 906): empty #17
11-07 18:36:30.015   597   597 I wificond: Pno scan started
