11-07 19:36:16.207   913  1132 D ConnectivityService: handleLingerComplete for NetworkAgentInfo [MOBILE (LTE) - 102]
11-07 19:36:25.659   913   956 E BatteryStatsService: modem info is invalid: ModemActivityInfo{ mTimestamp=0 mSleepTimeMs=0 mIdleTimeMs=0 mTxTimeMs[]=[0, 0, 0, 0, 0] mRxTimeMs=0 mEnergyUsed=0}
11-07 19:36:37.425   913 10650 E BatteryStatsService: no controller energy info supplied
11-07 19:36:37.452   913 10650 E BatteryStatsService: modem info is invalid: ModemActivityInfo{ mTimestamp=0 mSleepTimeMs=0 mIdleTimeMs=0 mTxTimeMs[]=[0, 0, 0, 0, 0] mRxTimeMs=0 mEnergyUsed=0}
11-07 19:36:52.357  5153 31618 E ActivityThread: Failed to find provider info for com.google.android.wearable.settings
11-07 19:36:52.359  5153 31618 E ActivityThread: Failed to find provider info for com.google.android.wearable.settings
11-07 19:38:00.943   913   913 E NotificationService: Error creating vibration waveform with pattern: [0, 0, 0, 0]
11-07 19:38:33.855  5153 31618 E ActivityThread: Failed to find provider info for com.google.android.wearable.settings
11-07 19:38:33.856  5153 31618 E ActivityThread: Failed to find provider info for com.google.android.wearable.settings
11-07 19:39:22.541   913   913 E NotificationService: Error creating vibration waveform with pattern: [0, 0, 0, 0]
11-07 19:39:22.661  5153 31657 E ActivityThread: Failed to find provider info for com.google.android.wearable.settings
11-07 19:39:22.662  5153 31657 E ActivityThread: Failed to find provider info for com.google.android.wearable.settings
11-07 19:39:44.749  5153 31618 E ActivityThread: Failed to find provider info for com.google.android.wearable.settings
11-07 19:39:44.756  5153 31618 E ActivityThread: Failed to find provider info for com.google.android.wearable.settings
11-07 19:39:48.055  5153 31657 E ActivityThread: Failed to find provider info for com.google.android.wearable.settings
11-07 19:40:35.265  5153 31657 I chatty  : uid=10029(u0_a29) com.google.android.gms.persistent identical 16 lines
11-07 19:40:35.270  5153 31657 E ActivityThread: Failed to find provider info for com.google.android.wearable.settings
11-07 19:40:45.706   913  5367 D ConnectivityService: Returning blocked NetworkInfo to uid=10119
11-07 19:40:45.715   913  5331 D ConnectivityService: Returning blocked NetworkInfo to uid=10132
11-07 19:40:45.716   913  5375 D ConnectivityService: Returning blocked NetworkInfo to uid=10127
11-07 19:40:45.767   913  2662 D ConnectivityService: Returning blocked NetworkInfo to uid=10103
11-07 19:40:45.894  5153 31619 E ActivityThread: Failed to find provider info for com.google.android.wearable.settings
11-07 19:40:45.896  5153 31619 E ActivityThread: Failed to find provider info for com.google.android.wearable.settings
11-07 19:41:46.271  5153 31618 E ActivityThread: Failed to find provider info for com.google.android.wearable.settings
11-07 19:43:16.758  5153 31618 I chatty  : uid=10029(u0_a29) com.google.android.gms.persistent identical 30 lines
11-07 19:43:16.763  5153 31618 E ActivityThread: Failed to find provider info for com.google.android.wearable.settings
11-07 19:43:25.523   913   913 E NotificationService: Error creating vibration waveform with pattern: [0, 0, 0, 0]
11-07 19:43:36.166  5153 31619 E ActivityThread: Failed to find provider info for com.google.android.wearable.settings
11-07 19:43:37.525  5153 31619 I chatty  : uid=10029(u0_a29) com.google.android.gms.persistent identical 6 lines
11-07 19:43:37.529  5153 31619 E ActivityThread: Failed to find provider info for com.google.android.wearable.settings
11-07 19:43:48.260  5153 32482 E ActivityThread: Failed to find provider info for com.google.android.wearable.settings
11-07 19:43:49.361  5153 32482 I chatty  : uid=10029(u0_a29) com.google.android.gms.persistent identical 4 lines
11-07 19:43:49.368  5153 32482 E ActivityThread: Failed to find provider info for com.google.android.wearable.settings
11-07 19:44:07.729   913   930 W ActivityManager: Unable to start service Intent { act=com.google.firebase.MESSAGING_EVENT pkg=com.whatsapp (has extras) } U=0: not found
11-07 19:44:07.903   913 10656 D ConnectivityService: Returning unblocked NetworkInfo to uid=10103
11-07 19:46:04.494  1612  1612 W FingerprintManager: Invalid acquired message: 6, 0
11-07 19:46:05.229  1612  1612 W FingerprintManager: Invalid acquired message: 6, 0
11-07 19:46:05.557   913   913 V FingerprintService: onAuthenticated(owner=com.android.systemui, id=-1306448241, gp=0)
11-07 19:46:05.565   913   913 V FingerprintService: Done with client: com.android.systemui
11-07 19:46:05.575   913  2105 I PowerManagerService: Waking up from dozing (uid 10027)...
11-07 19:46:05.597   913   977 I DisplayPowerController: Blocking screen on until initial contents have been drawn.
11-07 19:46:05.611   913   973 I DisplayManagerService: Display device changed state: "Built-in Screen", ON
11-07 19:46:05.718   913   929 D ConnectivityService: Returning unblocked NetworkInfo to uid=10119
11-07 19:46:05.725   913   913 V FingerprintService: startAuthentication(com.android.systemui)
11-07 19:46:05.725   913   913 V FingerprintService: starting client AuthenticationClient(com.android.systemui), initiatedByClient = true)
11-07 19:46:05.757   913   913 W FingerprintService: client com.android.systemui is authenticating...
11-07 19:46:05.980   913   913 V FingerprintService: stop client com.android.systemui
11-07 19:46:06.000   913  2662 D ConnectivityService: Returning unblocked NetworkInfo to uid=10132
11-07 19:46:06.010   913   913 W FingerprintService: client com.android.systemui is no longer authenticating
11-07 19:46:06.010   913   913 V FingerprintService: Done with client: com.android.systemui
11-07 19:46:06.010   913   913 V FingerprintService: handleError(client=com.android.systemui, error = 5)
11-07 19:46:06.046   913   977 I DisplayPowerController: Unblocked screen on after 448 ms
11-07 19:46:06.048   913   977 W PowerManagerService: Screen on took 473 ms
11-07 19:46:06.048   913   977 I DreamManagerService: Gently waking up from dream.
11-07 19:46:06.048   913   971 I DreamManagerService: Performing gentle wake from dream.
11-07 19:46:06.061   913  5346 I DreamManagerService: Leaving dreamland.
11-07 19:46:06.062   913   971 I DreamManagerService: Performing gentle wake from dream.
11-07 19:46:06.062   913   971 I DreamController: Stopping dream: name=ComponentInfo{com.android.systemui/com.android.systemui.doze.DozeService}, isTest=false, canDoze=true, userId=0
11-07 19:46:06.080   913 10656 D ConnectivityService: Returning unblocked NetworkInfo to uid=10127
11-07 19:46:06.261  5153 32552 E ActivityThread: Failed to find provider info for com.google.android.wearable.settings
11-07 19:46:07.236  5153 32552 I chatty  : uid=10029(u0_a29) com.google.android.gms.persistent identical 4 lines
11-07 19:46:07.237  5153 32552 E ActivityThread: Failed to find provider info for com.google.android.wearable.settings
11-07 19:46:13.917   913  1112 I ActivityManager: START u0 {act=android.intent.action.MAIN cat=[android.intent.category.HOME] flg=0x10200000 cmp=com.teslacoilsw.launcher/.NovaLauncher (has extras)} from uid 1000
11-07 19:46:14.616   913  5386 W ActivityManager: Unable to start service Intent { act=com.samsung.accessory.api.ISAFrameworkManagerV2 pkg=com.samsung.accessory } U=0: not found
11-07 19:46:14.646   913 25741 W ActivityManager: Unable to start service Intent { act=com.samsung.accessory.api.ISAFrameworkManagerV2 pkg=com.samsung.accessory } U=0: not found
11-07 19:46:18.577   913  1112 I ActivityManager: START u0 {act=android.intent.action.MAIN cat=[android.intent.category.HOME] flg=0x10200000 cmp=com.teslacoilsw.launcher/.NovaLauncher (has extras)} from uid 1000
11-07 19:46:19.275   913 10655 I ActivityManager: START u0 {act=android.intent.action.MAIN cat=[android.intent.category.LAUNCHER] flg=0x10200000 cmp=com.spotify.music/.MainActivity bnds=[432,1253][648,1490] (has extras)} from uid 10106
11-07 19:46:19.333   913  5362 I ActivityManager: Start proc 497:com.spotify.music/u0a120 for activity com.spotify.music/.MainActivity
11-07 19:46:22.704   913 25745 I ActivityManager: START u0 {flg=0x4000000 cmp=com.spotify.music/com.spotify.mobile.android.ui.activity.PlayerActivity} from uid 10120
11-07 19:46:23.717   913 10659 I ActivityManager: START u0 {cmp=com.spotify.music/com.spotify.mobile.android.ui.activity.DevicePickerActivity (has extras)} from uid 10120
11-07 19:46:27.539   913   956 E BatteryStatsService: no controller energy info supplied
11-07 19:46:27.568   913   956 E BatteryStatsService: modem info is invalid: ModemActivityInfo{ mTimestamp=0 mSleepTimeMs=0 mIdleTimeMs=0 mTxTimeMs[]=[0, 0, 0, 0, 0] mRxTimeMs=0 mEnergyUsed=0}
11-07 19:46:33.160   913  5386 I ActivityManager: START u0 {act=android.intent.action.VIEW dat=spotify:collection flg=0x4000000 cmp=com.spotify.music/.MainActivity (has extras)} from uid 10120
11-07 19:46:34.369   913 10654 I ActivityManager: START u0 {act=android.intent.action.VIEW dat=spotify:internal:collection:playlists flg=0x4000000 cmp=com.spotify.music/.MainActivity} from uid 10120
11-07 19:46:35.639   913  5361 I ActivityManager: START u0 {act=android.intent.action.VIEW dat=spotify:user:117295122:playlist:23C9IelPXwpVrXIiT56oSR flg=0x4000000 cmp=com.spotify.music/.MainActivity (has extras)} from uid 10120
11-07 19:46:37.701   913  5346 I ActivityManager: START u0 {cmp=com.spotify.music/com.spotify.mobile.android.ui.activity.VolumeWidgetActivity (has extras)} from uid 10120
11-07 19:46:41.861   913  5367 I ActivityManager: START u0 {cmp=com.spotify.music/com.spotify.mobile.android.ui.activity.VolumeWidgetActivity (has extras)} from uid 10120
11-07 19:46:41.948   497   497 W ViewRootImpl[VolumeWidgetActivity]: Cancelling event due to no window focus: KeyEvent { action=ACTION_UP, keyCode=KEYCODE_VOLUME_DOWN, scanCode=114, metaState=0, flags=0x28, repeatCount=0, eventTime=11639410, downTime=11639240, deviceId=7, source=0x101 }
11-07 19:46:41.948   497   497 I chatty  : uid=10120(u0_a120) com.spotify.music identical 4 lines
11-07 19:46:41.948   497   497 W ViewRootImpl[VolumeWidgetActivity]: Cancelling event due to no window focus: KeyEvent { action=ACTION_UP, keyCode=KEYCODE_VOLUME_DOWN, scanCode=114, metaState=0, flags=0x28, repeatCount=0, eventTime=11639410, downTime=11639240, deviceId=7, source=0x101 }
11-07 19:46:47.195   913  5360 I ActivityManager: START u0 {cmp=com.spotify.music/com.spotify.mobile.android.ui.activity.VolumeWidgetActivity (has extras)} from uid 10120
11-07 19:46:47.267   497   497 W ViewRootImpl[VolumeWidgetActivity]: Cancelling event due to no window focus: KeyEvent { action=ACTION_UP, keyCode=KEYCODE_VOLUME_DOWN, scanCode=114, metaState=0, flags=0x28, repeatCount=0, eventTime=11644710, downTime=11644580, deviceId=7, source=0x101 }
11-07 19:46:47.268   497   497 I chatty  : uid=10120(u0_a120) com.spotify.music identical 4 lines
11-07 19:46:47.268   497   497 W ViewRootImpl[VolumeWidgetActivity]: Cancelling event due to no window focus: KeyEvent { action=ACTION_UP, keyCode=KEYCODE_VOLUME_DOWN, scanCode=114, metaState=0, flags=0x28, repeatCount=0, eventTime=11644710, downTime=11644580, deviceId=7, source=0x101 }
11-07 19:46:48.200   913  1113 I PowerManagerService: Going to sleep due to power button (uid 1000)...
11-07 19:46:48.234   913   913 V FingerprintService: startAuthentication(com.android.systemui)
11-07 19:46:48.234   913   913 V FingerprintService: starting client AuthenticationClient(com.android.systemui), initiatedByClient = true)
11-07 19:46:48.255   913   913 W FingerprintService: client com.android.systemui is authenticating...
11-07 19:46:48.698   913  1113 I PowerManagerService: Waking up from dozing (uid 1000)...
11-07 19:46:49.003   497   497 W ViewRootImpl[VolumeWidgetActivity]: Dropping event due to no window focus: MotionEvent { action=ACTION_MOVE, actionButton=0, id[0]=0, x[0]=621.1579, y[0]=238.0, toolType[0]=TOOL_TYPE_FINGER, buttonState=0, metaState=0, flags=0x0, edgeFlags=0x0, pointerCount=1, historySize=1, eventTime=11646535, downTime=11646255, deviceId=9, source=0x1002 }
11-07 19:46:49.020   497   497 W ViewRootImpl[VolumeWidgetActivity]: Dropping event due to no window focus: MotionEvent { action=ACTION_MOVE, actionButton=0, id[0]=0, x[0]=614.0121, y[0]=238.0, toolType[0]=TOOL_TYPE_FINGER, buttonState=0, metaState=0, flags=0x0, edgeFlags=0x0, pointerCount=1, historySize=2, eventTime=11646552, downTime=11646255, deviceId=9, source=0x1002 }
11-07 19:46:49.037   497   497 W ViewRootImpl[VolumeWidgetActivity]: Dropping event due to no window focus: MotionEvent { action=ACTION_MOVE, actionButton=0, id[0]=0, x[0]=606.0048, y[0]=239.74878, toolType[0]=TOOL_TYPE_FINGER, buttonState=0, metaState=0, flags=0x0, edgeFlags=0x0, pointerCount=1, historySize=2, eventTime=11646569, downTime=11646255, deviceId=9, source=0x1002 }
11-07 19:46:49.053   497   497 W ViewRootImpl[VolumeWidgetActivity]: Dropping event due to no window focus: MotionEvent { action=ACTION_MOVE, actionButton=0, id[0]=0, x[0]=597.23413, y[0]=241.75317, toolType[0]=TOOL_TYPE_FINGER, buttonState=0, metaState=0, flags=0x0, edgeFlags=0x0, pointerCount=1, historySize=2, eventTime=11646585, downTime=11646255, deviceId=9, source=0x1002 }
11-07 19:46:49.070   497   497 W ViewRootImpl[VolumeWidgetActivity]: Dropping event due to no window focus: MotionEvent { action=ACTION_MOVE, actionButton=0, id[0]=0, x[0]=587.5497, y[0]=244.69006, toolType[0]=TOOL_TYPE_FINGER, buttonState=0, metaState=0, flags=0x0, edgeFlags=0x0, pointerCount=1, historySize=2, eventTime=11646602, downTime=11646255, deviceId=9, source=0x1002 }
11-07 19:46:49.087   497   497 W ViewRootImpl[VolumeWidgetActivity]: Dropping event due to no window focus: MotionEvent { action=ACTION_MOVE, actionButton=0, id[0]=0, x[0]=579.1764, y[0]=248.4118, toolType[0]=TOOL_TYPE_FINGER, buttonState=0, metaState=0, flags=0x0, edgeFlags=0x0, pointerCount=1, historySize=2, eventTime=11646619, downTime=11646255, deviceId=9, source=0x1002 }
11-07 19:46:49.103   497   497 W ViewRootImpl[VolumeWidgetActivity]: Dropping event due to no window focus: MotionEvent { action=ACTION_MOVE, actionButton=0, id[0]=0, x[0]=571.84875, y[0]=251.7171, toolType[0]=TOOL_TYPE_FINGER, buttonState=0, metaState=0, flags=0x0, edgeFlags=0x0, pointerCount=1, historySize=2, eventTime=11646635, downTime=11646255, deviceId=9, source=0x1002 }
11-07 19:46:49.121   497   497 W ViewRootImpl[VolumeWidgetActivity]: Dropping event due to no window focus: MotionEvent { action=ACTION_MOVE, actionButton=0, id[0]=0, x[0]=565.0445, y[0]=255.47772, toolType[0]=TOOL_TYPE_FINGER, buttonState=0, metaState=0, flags=0x0, edgeFlags=0x0, pointerCount=1, historySize=2, eventTime=11646652, downTime=11646255, deviceId=9, source=0x1002 }
11-07 19:46:49.137   497   497 W ViewRootImpl[VolumeWidgetActivity]: Dropping event due to no window focus: MotionEvent { action=ACTION_MOVE, actionButton=0, id[0]=0, x[0]=558.89355, y[0]=258.4043, toolType[0]=TOOL_TYPE_FINGER, buttonState=0, metaState=0, flags=0x0, edgeFlags=0x0, pointerCount=1, historySize=2, eventTime=11646669, downTime=11646255, deviceId=9, source=0x1002 }
11-07 19:46:49.153   497   497 W ViewRootImpl[VolumeWidgetActivity]: Dropping event due to no window focus: MotionEvent { action=ACTION_MOVE, actionButton=0, id[0]=0, x[0]=554.4681, y[0]=261.53192, toolType[0]=TOOL_TYPE_FINGER, buttonState=0, metaState=0, flags=0x0, edgeFlags=0x0, pointerCount=1, historySize=2, eventTime=11646685, downTime=11646255, deviceId=9, source=0x1002 }
11-07 19:46:49.171   497   497 W ViewRootImpl[VolumeWidgetActivity]: Dropping event due to no window focus: MotionEvent { action=ACTION_MOVE, actionButton=0, id[0]=0, x[0]=550.53186, y[0]=264.73407, toolType[0]=TOOL_TYPE_FINGER, buttonState=0, metaState=0, flags=0x0, edgeFlags=0x0, pointerCount=1, historySize=2, eventTime=11646702, downTime=11646255, deviceId=9, source=0x1002 }
11-07 19:46:49.187   497   497 W ViewRootImpl[VolumeWidgetActivity]: Dropping event due to no window focus: MotionEvent { action=ACTION_MOVE, actionButton=0, id[0]=0, x[0]=546.63354, y[0]=267.36646, toolType[0]=TOOL_TYPE_FINGER, buttonState=0, metaState=0, flags=0x0, edgeFlags=0x0, pointerCount=1, historySize=2, eventTime=11646718, downTime=11646255, deviceId=9, source=0x1002 }
11-07 19:46:49.203   497   497 W ViewRootImpl[VolumeWidgetActivity]: Dropping event due to no window focus: MotionEvent { action=ACTION_MOVE, actionButton=0, id[0]=0, x[0]=543.2439, y[0]=271.51227, toolType[0]=TOOL_TYPE_FINGER, buttonState=0, metaState=0, flags=0x0, edgeFlags=0x0, pointerCount=1, historySize=2, eventTime=11646735, downTime=11646255, deviceId=9, source=0x1002 }
11-07 19:46:49.220   497   497 W ViewRootImpl[VolumeWidgetActivity]: Dropping event due to no window focus: MotionEvent { action=ACTION_MOVE, actionButton=0, id[0]=0, x[0]=541.3113, y[0]=274.37744, toolType[0]=TOOL_TYPE_FINGER, buttonState=0, metaState=0, flags=0x0, edgeFlags=0x0, pointerCount=1, historySize=2, eventTime=11646752, downTime=11646255, deviceId=9, source=0x1002 }
11-07 19:46:49.237   497   497 W ViewRootImpl[VolumeWidgetActivity]: Dropping event due to no window focus: MotionEvent { action=ACTION_MOVE, actionButton=0, id[0]=0, x[0]=539.38574, y[0]=276.61426, toolType[0]=TOOL_TYPE_FINGER, buttonState=0, metaState=0, flags=0x0, edgeFlags=0x0, pointerCount=1, historySize=2, eventTime=11646768, downTime=11646255, deviceId=9, source=0x1002 }
11-07 19:46:49.253   497   497 W ViewRootImpl[VolumeWidgetActivity]: Dropping event due to no window focus: MotionEvent { action=ACTION_MOVE, actionButton=0, id[0]=0, x[0]=538.0, y[0]=278.60992, toolType[0]=TOOL_TYPE_FINGER, buttonState=0, metaState=0, flags=0x0, edgeFlags=0x0, pointerCount=1, historySize=2, eventTime=11646785, downTime=11646255, deviceId=9, source=0x1002 }
11-07 19:46:49.270   497   497 W ViewRootImpl[VolumeWidgetActivity]: Dropping event due to no window focus: MotionEvent { action=ACTION_MOVE, actionButton=0, id[0]=0, x[0]=537.0, y[0]=279.6369, toolType[0]=TOOL_TYPE_FINGER, buttonState=0, metaState=0, flags=0x0, edgeFlags=0x0, pointerCount=1, historySize=2, eventTime=11646802, downTime=11646255, deviceId=9, source=0x1002 }
11-07 19:46:49.287   497   497 W ViewRootImpl[VolumeWidgetActivity]: Dropping event due to no window focus: MotionEvent { action=ACTION_MOVE, actionButton=0, id[0]=0, x[0]=536.31665, y[0]=281.0, toolType[0]=TOOL_TYPE_FINGER, buttonState=0, metaState=0, flags=0x0, edgeFlags=0x0, pointerCount=1, historySize=2, eventTime=11646818, downTime=11646255, deviceId=9, source=0x1002 }
11-07 19:46:49.303   497   497 W ViewRootImpl[VolumeWidgetActivity]: Dropping event due to no window focus: MotionEvent { action=ACTION_MOVE, actionButton=0, id[0]=0, x[0]=534.4324, y[0]=281.56763, toolType[0]=TOOL_TYPE_FINGER, buttonState=0, metaState=0, flags=0x0, edgeFlags=0x0, pointerCount=1, historySize=2, eventTime=11646835, downTime=11646255, deviceId=9, source=0x1002 }
11-07 19:46:49.320   497   497 W ViewRootImpl[VolumeWidgetActivity]: Dropping event due to no window focus: MotionEvent { action=ACTION_MOVE, actionButton=0, id[0]=0, x[0]=533.377, y[0]=283.0, toolType[0]=TOOL_TYPE_FINGER, buttonState=0, metaState=0, flags=0x0, edgeFlags=0x0, pointerCount=1, historySize=2, eventTime=11646851, downTime=11646255, deviceId=9, source=0x1002 }
11-07 19:46:49.336   497   497 W ViewRootImpl[VolumeWidgetActivity]: Dropping event due to no window focus: MotionEvent { action=ACTION_MOVE, actionButton=0, id[0]=0, x[0]=532.5, y[0]=283.0, toolType[0]=TOOL_TYPE_FINGER, buttonState=0, metaState=0, flags=0x0, edgeFlags=0x0, pointerCount=1, historySize=1, eventTime=11646860, downTime=11646255, deviceId=9, source=0x1002 }
11-07 19:46:49.353   497   497 W ViewRootImpl[VolumeWidgetActivity]: Dropping event due to no window focus: MotionEvent { action=ACTION_MOVE, actionButton=0, id[0]=0, x[0]=531.3174, y[0]=283.0, toolType[0]=TOOL_TYPE_FINGER, buttonState=0, metaState=0, flags=0x0, edgeFlags=0x0, pointerCount=1, historySize=1, eventTime=11646885, downTime=11646255, deviceId=9, source=0x1002 }
11-07 19:46:49.370   497   497 W ViewRootImpl[VolumeWidgetActivity]: Dropping event due to no window focus: MotionEvent { action=ACTION_MOVE, actionButton=0, id[0]=0, x[0]=530.18427, y[0]=283.0, toolType[0]=TOOL_TYPE_FINGER, buttonState=0, metaState=0, flags=0x0, edgeFlags=0x0, pointerCount=1, historySize=1, eventTime=11646901, downTime=11646255, deviceId=9, source=0x1002 }
11-07 19:46:49.386   497   497 W ViewRootImpl[VolumeWidgetActivity]: Dropping event due to no window focus: MotionEvent { action=ACTION_MOVE, actionButton=0, id[0]=0, x[0]=529.5254, y[0]=283.0, toolType[0]=TOOL_TYPE_FINGER, buttonState=0, metaState=0, flags=0x0, edgeFlags=0x0, pointerCount=1, historySize=1, eventTime=11646912, downTime=11646255, deviceId=9, source=0x1002 }
11-07 19:46:49.403   497   497 W ViewRootImpl[VolumeWidgetActivity]: Dropping event due to no window focus: MotionEvent { action=ACTION_MOVE, actionButton=0, id[0]=0, x[0]=528.3322, y[0]=283.0, toolType[0]=TOOL_TYPE_FINGER, buttonState=0, metaState=0, flags=0x0, edgeFlags=0x0, pointerCount=1, historySize=1, eventTime=11646935, downTime=11646255, deviceId=9, source=0x1002 }
11-07 19:46:49.420   497   497 W ViewRootImpl[VolumeWidgetActivity]: Dropping event due to no window focus: MotionEvent { action=ACTION_MOVE, actionButton=0, id[0]=0, x[0]=526.2794, y[0]=283.0, toolType[0]=TOOL_TYPE_FINGER, buttonState=0, metaState=0, flags=0x0, edgeFlags=0x0, pointerCount=1, historySize=2, eventTime=11646951, downTime=11646255, deviceId=9, source=0x1002 }
11-07 19:46:49.436   497   497 W ViewRootImpl[VolumeWidgetActivity]: Dropping event due to no window focus: MotionEvent { action=ACTION_MOVE, actionButton=0, id[0]=0, x[0]=524.5, y[0]=283.0, toolType[0]=TOOL_TYPE_FINGER, buttonState=0, metaState=0, flags=0x0, edgeFlags=0x0, pointerCount=1, historySize=2, eventTime=11646966, downTime=11646255, deviceId=9, source=0x1002 }
11-07 19:46:49.453   497   497 W ViewRootImpl[VolumeWidgetActivity]: Dropping event due to no window focus: MotionEvent { action=ACTION_MOVE, actionButton=0, id[0]=0, x[0]=524.26556, y[0]=282.0, toolType[0]=TOOL_TYPE_FINGER, buttonState=0, metaState=0, flags=0x0, edgeFlags=0x0, pointerCount=1, historySize=1, eventTime=11646985, downTime=11646255, deviceId=9, source=0x1002 }
11-07 19:46:49.469   497   497 W ViewRootImpl[VolumeWidgetActivity]: Dropping event due to no window focus: MotionEvent { action=ACTION_MOVE, actionButton=0, id[0]=0, x[0]=523.4712, y[0]=280.4712, toolType[0]=TOOL_TYPE_FINGER, buttonState=0, metaState=0, flags=0x0, edgeFlags=0x0, pointerCount=1, historySize=2, eventTime=11647001, downTime=11646255, deviceId=9, source=0x1002 }
11-07 19:46:49.486   497   497 W ViewRootImpl[VolumeWidgetActivity]: Dropping event due to no window focus: MotionEvent { action=ACTION_MOVE, actionButton=0, id[0]=0, x[0]=523.0, y[0]=278.5, toolType[0]=TOOL_TYPE_FINGER, buttonState=0, metaState=0, flags=0x0, edgeFlags=0x0, pointerCount=1, historySize=2, eventTime=11647018, downTime=11646255, deviceId=9, source=0x1002 }
11-07 19:46:49.503   497   497 W ViewRootImpl[VolumeWidgetActivity]: Dropping event due to no window focus: MotionEvent { action=ACTION_MOVE, actionButton=0, id[0]=0, x[0]=523.0, y[0]=276.39764, toolType[0]=TOOL_TYPE_FINGER, buttonState=0, metaState=0, flags=0x0, edgeFlags=0x0, pointerCount=1, historySize=1, eventTime=11647034, downTime=11646255, deviceId=9, source=0x1002 }
11-07 19:46:49.519   497   497 W ViewRootImpl[VolumeWidgetActivity]: Dropping event due to no window focus: MotionEvent { action=ACTION_MOVE, actionButton=0, id[0]=0, x[0]=523.0, y[0]=275.02478, toolType[0]=TOOL_TYPE_FINGER, buttonState=0, metaState=0, flags=0x0, edgeFlags=0x0, pointerCount=1, historySize=1, eventTime=11647051, downTime=11646255, deviceId=9, source=0x1002 }
11-07 19:46:49.524   497   497 W ViewRootImpl[VolumeWidgetActivity]: Dropping event due to no window focus: MotionEvent { action=ACTION_MOVE, actionButton=0, id[0]=0, x[0]=523.0, y[0]=274.0, toolType[0]=TOOL_TYPE_FINGER, buttonState=0, metaState=0, flags=0x0, edgeFlags=0x0, pointerCount=1, historySize=1, eventTime=11647057, downTime=11646255, deviceId=9, source=0x1002 }
11-07 19:46:49.524   497   497 W ViewRootImpl[VolumeWidgetActivity]: Cancelling event due to no window focus: MotionEvent { action=ACTION_CANCEL, actionButton=0, id[0]=0, x[0]=523.0, y[0]=274.0, toolType[0]=TOOL_TYPE_FINGER, buttonState=0, metaState=0, flags=0x0, edgeFlags=0x0, pointerCount=1, historySize=0, eventTime=11647060, downTime=11646255, deviceId=9, source=0x1002 }
11-07 19:46:49.524   497   497 I chatty  : uid=10120(u0_a120) com.spotify.music identical 2 lines
11-07 19:46:49.525   497   497 W ViewRootImpl[VolumeWidgetActivity]: Cancelling event due to no window focus: MotionEvent { action=ACTION_CANCEL, actionButton=0, id[0]=0, x[0]=523.0, y[0]=274.0, toolType[0]=TOOL_TYPE_FINGER, buttonState=0, metaState=0, flags=0x0, edgeFlags=0x0, pointerCount=1, historySize=0, eventTime=11647060, downTime=11646255, deviceId=9, source=0x1002 }
11-07 19:46:58.920   913   977 I PowerManagerService: Going to sleep due to screen timeout (uid 1000)...
11-07 19:46:59.470   913   977 I DisplayPowerController: Blocking screen off
11-07 19:46:59.479   913   977 I DisplayPowerController: Unblocked screen off after 9 ms
11-07 19:46:59.521   913   977 I DreamManagerService: Entering dreamland.
11-07 19:46:59.522   913   973 I DisplayManagerService: Display device changed state: "Built-in Screen", OFF
11-07 19:46:59.522   913   977 I PowerManagerService: Dozing...
11-07 19:46:59.531   913   971 I DreamController: Starting dream: name=ComponentInfo{com.android.systemui/com.android.systemui.doze.DozeService}, isTest=false, canDoze=true, userId=0
11-07 19:47:09.855   913 25740 I ActivityManager: Killing 28656:com.google.android.partnersetup/u0a33 (adj 906): empty for 1802s
11-07 19:47:16.256   913   913 I NotificationService: Cannot find enqueued record for key: 0|com.whatsapp|12|null|10103
11-07 19:48:59.662   913   953 I ActivityManager: Killing 27957:com.google.android.gm/u0a124 (adj 906): empty for 1804s
11-07 19:49:35.783   913   913 E NotificationService: Error creating vibration waveform with pattern: [0, 0, 0, 0]
11-07 19:49:35.852   913   977 I DisplayPowerController: Blocking screen on until initial contents have been drawn.
11-07 19:49:35.853   913   973 I DisplayManagerService: Display device changed state: "Built-in Screen", DOZE
11-07 19:49:35.911   913   977 I DisplayPowerController: Unblocked screen on after 60 ms
11-07 19:49:43.784   913   977 I DisplayPowerController: Blocking screen off
11-07 19:49:43.784   913   977 I DisplayPowerController: Unblocked screen off after 1 ms
11-07 19:49:43.786   913   973 I DisplayManagerService: Display device changed state: "Built-in Screen", OFF
11-07 19:49:45.880   913 25743 I ActivityManager: Killing 28910:com.android.providers.calendar/u0a3 (adj 906): empty for 1803s
11-07 19:50:02.523   913  1113 I PowerManagerService: Waking up from dozing (uid 1000)...
11-07 19:50:02.546   913   977 I DisplayPowerController: Blocking screen on until initial contents have been drawn.
11-07 19:50:02.555   913   973 I DisplayManagerService: Display device changed state: "Built-in Screen", ON
11-07 19:50:02.614   913   977 I DisplayPowerController: Unblocked screen on after 68 ms
11-07 19:50:02.872   913   977 W PowerManagerService: Screen on took 354 ms
11-07 19:50:02.872   913   977 I DreamManagerService: Gently waking up from dream.
11-07 19:50:02.873   913   971 I DreamManagerService: Performing gentle wake from dream.
11-07 19:50:02.899   913  5386 I DreamManagerService: Leaving dreamland.
11-07 19:50:02.899   913   971 I DreamManagerService: Performing gentle wake from dream.
11-07 19:50:02.899   913   971 I DreamController: Stopping dream: name=ComponentInfo{com.android.systemui/com.android.systemui.doze.DozeService}, isTest=false, canDoze=true, userId=0
11-07 19:51:00.732   913   977 I PowerManagerService: Going to sleep due to screen timeout (uid 1000)...
11-07 19:51:01.224   913   977 I DisplayPowerController: Blocking screen off
11-07 19:51:01.236   913   977 I DisplayPowerController: Unblocked screen off after 12 ms
11-07 19:51:01.282   913   977 I DreamManagerService: Entering dreamland.
11-07 19:51:01.282   913   973 I DisplayManagerService: Display device changed state: "Built-in Screen", OFF
11-07 19:51:01.283   913   977 I PowerManagerService: Dozing...
11-07 19:51:01.289   913   971 I DreamController: Starting dream: name=ComponentInfo{com.android.systemui/com.android.systemui.doze.DozeService}, isTest=false, canDoze=true, userId=0
11-07 19:52:26.725   913  1113 I PowerManagerService: Waking up from dozing (uid 1000)...
11-07 19:52:26.752   913   977 I DisplayPowerController: Blocking screen on until initial contents have been drawn.
11-07 19:52:26.767   913   973 I DisplayManagerService: Display device changed state: "Built-in Screen", ON
11-07 19:52:26.836   913   977 I DisplayPowerController: Unblocked screen on after 85 ms
11-07 19:52:27.086   913   977 W PowerManagerService: Screen on took 367 ms
11-07 19:52:27.086   913   977 I DreamManagerService: Gently waking up from dream.
11-07 19:52:27.087   913   971 I DreamManagerService: Performing gentle wake from dream.
11-07 19:52:27.090   913 10655 I DreamManagerService: Leaving dreamland.
11-07 19:52:27.091   913   971 I DreamManagerService: Performing gentle wake from dream.
11-07 19:52:27.091   913   971 I DreamController: Stopping dream: name=ComponentInfo{com.android.systemui/com.android.systemui.doze.DozeService}, isTest=false, canDoze=true, userId=0
11-07 19:52:28.307   913  1113 I PowerManagerService: Going to sleep due to power button (uid 1000)...
11-07 19:52:28.640  5153  1541 E ActivityThread: Failed to find provider info for com.google.android.wearable.settings
11-07 19:52:28.648  5153  1541 E ActivityThread: Failed to find provider info for com.google.android.wearable.settings
11-07 19:52:28.812   913   977 I DisplayPowerController: Blocking screen off
11-07 19:52:28.825   913   977 I DisplayPowerController: Unblocked screen off after 14 ms
11-07 19:52:28.862   913   977 I DreamManagerService: Entering dreamland.
11-07 19:52:28.862   913   973 I DisplayManagerService: Display device changed state: "Built-in Screen", OFF
11-07 19:52:28.863   913   977 I PowerManagerService: Dozing...
11-07 19:52:28.872   913   971 I DreamController: Starting dream: name=ComponentInfo{com.android.systemui/com.android.systemui.doze.DozeService}, isTest=false, canDoze=true, userId=0
11-07 19:52:28.930   913  1113 I PowerManagerService: Waking up from dozing (uid 1000)...
11-07 19:52:28.949   913   977 I DisplayPowerController: Blocking screen on until initial contents have been drawn.
11-07 19:52:28.973   913   973 I DisplayManagerService: Display device changed state: "Built-in Screen", ON
11-07 19:52:29.065   913   977 I DisplayPowerController: Unblocked screen on after 116 ms
11-07 19:52:29.293   913   977 W PowerManagerService: Screen on took 365 ms
11-07 19:52:29.293   913   977 I DreamManagerService: Gently waking up from dream.
11-07 19:52:29.294   913   971 I DreamManagerService: Performing gentle wake from dream.
11-07 19:52:29.322   913 25741 I DreamManagerService: Leaving dreamland.
11-07 19:52:29.322   913   971 I DreamManagerService: Performing gentle wake from dream.
11-07 19:52:29.322   913   971 I DreamController: Stopping dream: name=ComponentInfo{com.android.systemui/com.android.systemui.doze.DozeService}, isTest=false, canDoze=true, userId=0
11-07 19:52:29.624  5153 31618 E ActivityThread: Failed to find provider info for com.google.android.wearable.settings
11-07 19:52:29.625  5153 31618 E ActivityThread: Failed to find provider info for com.google.android.wearable.settings
11-07 19:52:32.157   913  1113 I PowerManagerService: Going to sleep due to power button (uid 1000)...
11-07 19:52:32.660   913   977 I DisplayPowerController: Blocking screen off
11-07 19:52:32.670   913   977 I DisplayPowerController: Unblocked screen off after 10 ms
11-07 19:52:32.725   913   973 I DisplayManagerService: Display device changed state: "Built-in Screen", OFF
11-07 19:52:32.725   913   977 I DreamManagerService: Entering dreamland.
11-07 19:52:32.725   913   977 I PowerManagerService: Dozing...
11-07 19:52:32.738   913   971 I DreamController: Starting dream: name=ComponentInfo{com.android.systemui/com.android.systemui.doze.DozeService}, isTest=false, canDoze=true, userId=0
11-07 19:54:22.959   913  1113 I PowerManagerService: Waking up from dozing (uid 1000)...
11-07 19:54:23.001   913   977 I DisplayPowerController: Blocking screen on until initial contents have been drawn.
11-07 19:54:23.010   913   973 I DisplayManagerService: Display device changed state: "Built-in Screen", ON
11-07 19:54:23.084   913   977 I DisplayPowerController: Unblocked screen on after 83 ms
11-07 19:54:23.336   913   977 W PowerManagerService: Screen on took 385 ms
11-07 19:54:23.336   913   977 I DreamManagerService: Gently waking up from dream.
11-07 19:54:23.336   913   971 I DreamManagerService: Performing gentle wake from dream.
11-07 19:54:23.339   913 25743 I DreamManagerService: Leaving dreamland.
11-07 19:54:23.340   913   971 I DreamManagerService: Performing gentle wake from dream.
11-07 19:54:23.341   913   971 I DreamController: Stopping dream: name=ComponentInfo{com.android.systemui/com.android.systemui.doze.DozeService}, isTest=false, canDoze=true, userId=0
11-07 19:54:32.006  1612  1612 W FingerprintManager: Invalid acquired message: 6, 0
11-07 19:54:32.327   913   913 V FingerprintService: onAuthenticated(owner=com.android.systemui, id=-1306448241, gp=0)
11-07 19:54:32.342   913   913 V FingerprintService: Done with client: com.android.systemui
11-07 19:54:32.430   913   913 V FingerprintService: startAuthentication(com.android.systemui)
11-07 19:54:32.430   913   913 V FingerprintService: starting client AuthenticationClient(com.android.systemui), initiatedByClient = true)
11-07 19:54:32.462   913   913 W FingerprintService: client com.android.systemui is authenticating...
11-07 19:54:32.730   913   913 V FingerprintService: stop client com.android.systemui
11-07 19:54:32.742   913   913 W FingerprintService: client com.android.systemui is no longer authenticating
11-07 19:54:32.742   913   913 V FingerprintService: Done with client: com.android.systemui
11-07 19:54:32.742   913   913 V FingerprintService: handleError(client=com.android.systemui, error = 5)
11-07 19:54:35.121   913  5375 I ActivityManager: START u0 {flg=0x4000000 cmp=com.spotify.music/com.spotify.mobile.android.ui.activity.PlayerActivity} from uid 10120
11-07 19:54:35.725   913 10655 I ActivityManager: START u0 {cmp=com.spotify.music/com.spotify.mobile.android.spotlets.connect.dialogs.NewDeviceActivity (has extras)} from uid 10120
11-07 19:54:38.294   913 25743 I ActivityManager: START u0 {cmp=com.spotify.music/com.spotify.mobile.android.ui.activity.DevicePickerActivity (has extras)} from uid 10120
11-07 19:54:45.556   913   956 E BatteryStatsService: no controller energy info supplied
11-07 19:54:45.591   913   956 E BatteryStatsService: modem info is invalid: ModemActivityInfo{ mTimestamp=0 mSleepTimeMs=0 mIdleTimeMs=0 mTxTimeMs[]=[0, 0, 0, 0, 0] mRxTimeMs=0 mEnergyUsed=0}
11-07 19:55:01.967   913  1112 I ActivityManager: START u0 {act=android.intent.action.MAIN cat=[android.intent.category.HOME] flg=0x10200000 cmp=com.teslacoilsw.launcher/.NovaLauncher (has extras)} from uid 1000
11-07 19:55:06.222   913  1907 I ActivityManager: START u0 {act=android.intent.action.MAIN cat=[android.intent.category.LAUNCHER] flg=0x10200000 cmp=com.google.android.apps.chromecast.app/.DiscoveryActivity (has extras)} from uid 10106
11-07 19:55:06.285   913 10650 I ActivityManager: Start proc 2145:com.google.android.apps.chromecast.app/u0a96 for activity com.google.android.apps.chromecast.app/.DiscoveryActivity
11-07 19:55:06.799   913   929 I ActivityManager: START u0 {flg=0x4000000 cmp=com.google.android.apps.chromecast.app/.core.NewMainActivity} from uid 10096
11-07 19:55:15.918   913 10660 I ActivityManager: START u0 {cmp=com.google.android.apps.chromecast.app/.devices.DevicesActivity} from uid 10096
11-07 19:55:18.627   913 25743 I ActivityManager: START u0 {cmp=com.google.android.apps.chromecast.app/.setup.DeviceSettingsActivity (has extras)} from uid 10096
11-07 19:55:22.204   913  1113 I PowerManagerService: Going to sleep due to power button (uid 1000)...
11-07 19:55:22.253   913   913 V FingerprintService: startAuthentication(com.android.systemui)
11-07 19:55:22.253   913   913 V FingerprintService: starting client AuthenticationClient(com.android.systemui), initiatedByClient = true)
11-07 19:55:22.267   913   913 W FingerprintService: client com.android.systemui is authenticating...
11-07 19:55:22.727   913   977 I DisplayPowerController: Blocking screen off
11-07 19:55:22.756   913   977 I DreamManagerService: Entering dreamland.
11-07 19:55:22.759   913   977 I PowerManagerService: Dozing...
11-07 19:55:22.763   913   971 I DreamController: Starting dream: name=ComponentInfo{com.android.systemui/com.android.systemui.doze.DozeService}, isTest=false, canDoze=true, userId=0
11-07 19:55:22.782   913   977 I DisplayPowerController: Unblocked screen off after 56 ms
11-07 19:55:22.870   913   973 I DisplayManagerService: Display device changed state: "Built-in Screen", OFF
11-07 19:57:29.078   913   953 I ActivityManager: Killing 29381:com.vikingco.vikingapp/u0a117 (adj 906): empty for 1800s
11-07 19:57:29.175   913   913 E NotificationService: Error creating vibration waveform with pattern: [0, 0, 0, 0]
11-07 19:57:29.269   913   977 I DisplayPowerController: Blocking screen on until initial contents have been drawn.
11-07 19:57:29.270   913   973 I DisplayManagerService: Display device changed state: "Built-in Screen", DOZE
11-07 19:57:29.351   913   977 I DisplayPowerController: Unblocked screen on after 81 ms
11-07 19:57:37.191   913   977 I DisplayPowerController: Blocking screen off
11-07 19:57:37.198   913   977 I DisplayPowerController: Unblocked screen off after 7 ms
11-07 19:57:37.200   913   973 I DisplayManagerService: Display device changed state: "Built-in Screen", OFF
11-07 20:00:18.106   913   913 E NotificationService: Error creating vibration waveform with pattern: [0, 0, 0, 0]
11-07 20:00:18.191   913   977 I DisplayPowerController: Blocking screen on until initial contents have been drawn.
11-07 20:00:18.192   913   973 I DisplayManagerService: Display device changed state: "Built-in Screen", DOZE
11-07 20:00:18.270   913   977 I DisplayPowerController: Unblocked screen on after 78 ms
11-07 20:00:23.436   913  1907 D ConnectivityService: Returning blocked NetworkInfo to uid=10119
11-07 20:00:23.437   913 25740 D ConnectivityService: Returning blocked NetworkInfo to uid=10127
11-07 20:00:23.437   913  5360 D ConnectivityService: Returning blocked NetworkInfo to uid=10132
11-07 20:00:23.457   913  5386 D ConnectivityService: Returning blocked NetworkInfo to uid=10103
11-07 20:00:26.125   913   977 I DisplayPowerController: Blocking screen off
11-07 20:00:26.130   913   977 I DisplayPowerController: Unblocked screen off after 6 ms
11-07 20:00:26.132   913   973 I DisplayManagerService: Display device changed state: "Built-in Screen", OFF
11-07 20:01:33.527   913 10662 I ActivityManager: Killing 30092:android.process.media/u0a9 (adj 906): empty for 1824s
11-07 20:01:39.835   913 25743 D ConnectivityService: Returning blocked NetworkInfo to uid=10120
11-07 20:01:59.134   913  2094 D ConnectivityService: Returning blocked NetworkInfo to uid=10131
11-07 20:02:42.580   913   956 E BatteryStatsService: no controller energy info supplied
11-07 20:02:42.611   913   956 E BatteryStatsService: modem info is invalid: ModemActivityInfo{ mTimestamp=0 mSleepTimeMs=0 mIdleTimeMs=0 mTxTimeMs[]=[0, 0, 0, 0, 0] mRxTimeMs=0 mEnergyUsed=0}
11-07 20:03:32.702   913   952 I UsageStatsService: User[0] Flushing usage stats to disk
11-07 20:03:52.216   913   913 E NotificationService: Error creating vibration waveform with pattern: [0, 0, 0, 0]
11-07 20:03:52.298   913   977 I DisplayPowerController: Blocking screen on until initial contents have been drawn.
11-07 20:03:52.309   913   973 I DisplayManagerService: Display device changed state: "Built-in Screen", DOZE
11-07 20:03:52.411   913   977 I DisplayPowerController: Unblocked screen on after 113 ms
11-07 20:03:54.470   913 25744 D ConnectivityService: Returning blocked NetworkInfo to uid=10122
11-07 20:04:00.197   913   977 I DisplayPowerController: Blocking screen off
11-07 20:04:00.199   913   977 I DisplayPowerController: Unblocked screen off after 2 ms
11-07 20:04:00.201   913   973 I DisplayManagerService: Display device changed state: "Built-in Screen", OFF
11-07 20:04:17.207   913   913 E NotificationService: Error creating vibration waveform with pattern: [0, 0, 0, 0]
11-07 20:04:17.261   913   977 I DisplayPowerController: Blocking screen on until initial contents have been drawn.
11-07 20:04:17.262   913   973 I DisplayManagerService: Display device changed state: "Built-in Screen", DOZE
11-07 20:04:17.355   913   977 I DisplayPowerController: Unblocked screen on after 93 ms
11-07 20:04:25.171   913   977 I DisplayPowerController: Blocking screen off
11-07 20:04:25.172   913   977 I DisplayPowerController: Unblocked screen off after 1 ms
11-07 20:04:25.175   913   973 I DisplayManagerService: Display device changed state: "Built-in Screen", OFF
11-07 20:06:20.088   913 25745 D ConnectivityService: Returning unblocked NetworkInfo to uid=10127
11-07 20:06:20.144   913   913 I ActivityManager: Start proc 2718:com.google.android.partnersetup/u0a33 for service com.google.android.partnersetup/.InstalledAppJobService
11-07 20:06:20.180   913 10656 I ActivityManager: Start proc 2734:com.android.providers.calendar/u0a3 for content provider com.android.providers.calendar/.CalendarProvider2
11-07 20:06:22.224   913 25740 D ConnectivityService: Returning unblocked NetworkInfo to uid=10120
11-07 20:06:36.402   913   913 E NotificationService: Error creating vibration waveform with pattern: [0, 0, 0, 0]
11-07 20:06:36.476   913   977 I DisplayPowerController: Blocking screen on until initial contents have been drawn.
11-07 20:06:36.478   913   973 I DisplayManagerService: Display device changed state: "Built-in Screen", DOZE
11-07 20:06:36.583   913   977 I DisplayPowerController: Unblocked screen on after 107 ms
11-07 20:06:44.361   913   977 I DisplayPowerController: Blocking screen off
11-07 20:06:44.367   913   977 I DisplayPowerController: Unblocked screen off after 6 ms
11-07 20:06:44.369   913   973 I DisplayManagerService: Display device changed state: "Built-in Screen", OFF
11-07 20:07:33.125   913  5361 I ActivityManager: Start proc 2830:com.google.android.gms.ui/u0a29 for service com.google.android.gms/.chimera.UiIntentOperationService
11-07 20:07:33.194   913  2094 I ActivityManager: Start proc 2846:com.android.vending:instant_app_installer/u0a36 for broadcast com.android.vending/com.google.android.finsky.instantapps.PhenotypeUpdateReceiver
11-07 20:07:33.481   913  5367 I ActivityManager: Start proc 2871:com.google.android.apps.photos/u0a146 for broadcast com.google.android.apps.photos/.experiments.phenotype.full.PhenotypeUpdateBroadcastReceiver
11-07 20:07:34.151   913 25741 I ActivityManager: Start proc 2909:com.google.android.apps.messaging/u0a113 for broadcast com.google.android.apps.messaging/.shared.experiments.BuglePhenotypeBroadcastReceiver
11-07 20:07:34.476   913 10660 I ActivityManager: Start proc 2934:com.google.android.apps.messaging:rcs/u0a113 for broadcast com.google.android.apps.messaging/com.google.android.ims.library.phenotype.PhenotypeConfigurationReceiver
11-07 20:07:34.712   913  1907 D MmsServiceBroker: getCarrierConfigValues() by com.google.android.apps.messaging
11-07 20:07:34.758   913  2105 D MmsServiceBroker: getCarrierConfigValues() by com.google.android.apps.messaging
11-07 20:07:34.806   913 10660 D MmsServiceBroker: getCarrierConfigValues() by com.google.android.apps.messaging
11-07 20:07:34.815  2909  2929 E ActivityThread: Failed to find provider info for com.teslacoilsw.notifier
11-07 20:07:34.820  2909  2929 I chatty  : uid=10113(u0_a113) BackgroundThrea identical 1 line
11-07 20:07:34.825  2909  2929 E ActivityThread: Failed to find provider info for com.teslacoilsw.notifier
11-07 20:07:34.854   913  5386 D ConnectivityService: Returning blocked NetworkInfo to uid=10113
11-07 20:07:35.535   913 25740 I ActivityManager: Start proc 2971:com.google.android.apps.docs/u0a111 for broadcast com.google.android.apps.docs/.mendel.MendelReceiver
11-07 20:07:36.124   913 25742 D ConnectivityService: Returning blocked NetworkInfo to uid=10111
11-07 20:07:36.878   913 25742 I ActivityManager: Start proc 3023:com.google.android.calendar/u0a129 for broadcast com.google.android.calendar/com.google.android.apps.calendar.config.phenotypesupport.PhenotypeBroadcastReceiver
11-07 20:07:37.044   913 10660 D ConnectivityService: Returning blocked NetworkInfo to uid=10036
11-07 20:07:37.265   913 25741 I ActivityManager: Killing 31510:com.google.android.apps.fitness/u0a92 (adj 906): empty #17
11-07 20:07:45.386   913 10651 I ActivityManager: Killing 31966:com.itube.colorseverywhere/u0a90 (adj 906): empty #17
11-07 20:07:45.453   913  5386 D ConnectivityService: ConnectivityService NetworkRequestInfo binderDied(NetworkRequest [ LISTEN id=42, [ Capabilities: INTERNET&NOT_RESTRICTED&TRUSTED&FOREGROUND] ], android.os.BinderProxy@4b54caf)
11-07 20:07:45.455   913  1132 E ConnectivityService: RemoteException caught trying to send a callback msg for NetworkRequest [ LISTEN id=42, [ Capabilities: INTERNET&NOT_RESTRICTED&TRUSTED&FOREGROUND] ]
11-07 20:07:45.465   913  5362 I ActivityManager: Killing 32204:com.android.webview:sandboxed_process0/u0a90i15 (adj 0): isolated not needed
11-07 20:11:50.349   913  1109 W ActivityManager: Unable to start service Intent { act=com.alibaba.aliexpresshd.intent.action.COCKROACH flg=0x4 (has extras) } U=0: not found
11-07 20:15:18.673   913   956 E BatteryStatsService: no controller energy info supplied
11-07 20:15:18.701   913   956 E BatteryStatsService: modem info is invalid: ModemActivityInfo{ mTimestamp=0 mSleepTimeMs=0 mIdleTimeMs=0 mTxTimeMs[]=[0, 0, 0, 0, 0] mRxTimeMs=0 mEnergyUsed=0}
11-07 20:15:33.690   913 25744 D ConnectivityService: reportNetworkConnectivity(111, false) by 10029
11-07 20:15:33.724   913  2094 D ConnectivityService: Returning blocked NetworkInfo to uid=10127
11-07 20:15:33.725   913  1132 D ConnectivityService: NetworkAgentInfo [WIFI () - 111] validation failed
11-07 20:15:33.726   913  1132 D ConnectivityService: Switching to new default network: NetworkAgentInfo{ ni{[type: MOBILE[LTE], state: CONNECTED/CONNECTED, reason: (unspecified), extra: web.be, failover: false, available: true, roaming: false, metered: true]}  network{102}  nethandle{438103100126}  lp{{InterfaceName: rmnet_data0 LinkAddresses: [10.78.249.56/28,]  Routes: [0.0.0.0/0 -> 10.78.249.57 rmnet_data0,] DnsAddresses: [217.72.230.1,217.72.230.129,] Domains: null MTU: 1500 TcpBufferSizes: 2097152,4194304,8388608,262144,524288,1048576}}  nc{[ Transports: CELLULAR Capabilities: SUPL&INTERNET&NOT_RESTRICTED&TRUSTED&NOT_VPN&VALIDATED LinkUpBandwidth>=51200Kbps LinkDnBandwidth>=102400Kbps Specifier: <1>]}  Score{50}  everValidated{true}  lastValidated{true}  created{true} lingering{false} explicitlySelected{false} acceptUnvalidated{false} everCaptivePortalDetected{false} lastCaptivePortalDetected{false} }
11-07 20:15:33.757   913  1132 D ConnectivityService: Sending DISCONNECTED broadcast for type 1 NetworkAgentInfo [WIFI () - 111] isDefaultNetwork=true
11-07 20:15:33.763   913  1132 D ConnectivityService: Sending CONNECTED broadcast for type 0 NetworkAgentInfo [MOBILE (LTE) - 102] isDefaultNetwork=true
11-07 20:15:33.771   913  1132 D ConnectivityService: handleNetworkUnvalidated NetworkAgentInfo [WIFI () - 111] cap=[ Transports: WIFI Capabilities: NOT_METERED&INTERNET&NOT_RESTRICTED&TRUSTED&NOT_VPN&FOREGROUND LinkUpBandwidth>=1048576Kbps LinkDnBandwidth>=1048576Kbps SignalStrength: -64]
11-07 20:15:33.771   913  1132 D ConnectivityService: NetworkAgentInfo [WIFI () - 111] EVENT_NETWORK_INFO_CHANGED, going from CONNECTED to DISCONNECTED
11-07 20:15:33.771   913  1132 D ConnectivityService: NetworkAgentInfo [WIFI () - 111] got DISCONNECTED, was satisfying 11
11-07 20:15:33.798   597   597 I wificond: Pno scan started
11-07 20:15:33.837   913 10654 D ConnectivityService: Returning blocked NetworkInfo to uid=10126
11-07 20:15:33.837   913 10662 D ConnectivityService: Returning blocked NetworkInfo to uid=10096
11-07 20:15:33.838   913 10658 D ConnectivityService: Returning blocked NetworkInfo to uid=10112
11-07 20:15:33.838   913  2662 D ConnectivityService: Returning blocked NetworkInfo to uid=10042
11-07 20:15:33.839   913 10657 D ConnectivityService: Returning blocked NetworkInfo to uid=10120
11-07 20:15:33.843   913 25743 D ConnectivityService: Returning blocked NetworkInfo to uid=10086
11-07 20:15:34.066   913   930 I ActivityManager: Start proc 3277:com.itube.colorseverywhere/u0a90 for broadcast com.itube.colorseverywhere/.util.NetworkChangeReceiver
11-07 20:15:36.200   597   597 I wificond: Pno scan result ready event
11-07 20:15:36.215   597   597 I wificond: Pno scan stopped
11-07 20:15:36.238   597   597 W wificond: Scan is not started. Ignore abort request
