Last login: Tue Nov  7 20:29:01 on ttys001
➜  ~ adb logcat
--------- beginning of system
11-07 16:00:04.034   445   445 I android.hardware.wifi@1.0-service: Wifi HAL started
11-07 16:00:04.044   913   913 I chatty  : uid=1000 system_server expire 78 lines
11-07 16:00:04.057   913   977 I chatty  : uid=1000(system) PowerManagerSer expire 1 line
11-07 16:00:04.120   913   973 I chatty  : uid=1000(system) android.display expire 3 lines
11-07 16:00:04.371   913  1115 I chatty  : uid=1000(system) StorageManagerS expire 7 lines
11-07 16:00:04.373   372   377 D vold    : e4crypt_unlock_user_key 0 serial=0 token_present=0
11-07 16:00:04.375   913  1117 I chatty  : uid=1000(system) CryptdConnector expire 1 line
11-07 16:00:04.376   913   953 I chatty  : uid=1000(system) ActivityManager expire 1 line
11-07 16:00:04.378   913  1139 I chatty  : uid=1000(system) AudioService expire 1 line
11-07 16:00:04.379   913  1116 I chatty  : uid=1000(system) VoldConnector expire 10 lines
11-07 16:00:04.381   913   971 I chatty  : uid=1000(system) android.fg expire 1 line
11-07 16:00:04.391   372   376 V vold    : Waiting for FUSE to spin up...
11-07 16:00:04.408   913  1111 I chatty  : uid=1000(system) HwBinder:913_2 expire 1 line
11-07 16:00:04.437   913   913 I chatty  : uid=1000 system_server expire 84 lines
11-07 16:00:04.438   913  1034 I chatty  : uid=1000 system_server expire 9 lines
11-07 16:00:04.442   913  1116 I chatty  : uid=1000(system) VoldConnector expire 3 lines
11-07 16:00:04.537   913  1120 I chatty  : uid=1000(system) NetworkPolicy expire 1 line
11-07 16:00:04.903  1570  2079 E ActivityThread: Failed to find provider info for user_dictionary
11-07 16:00:05.096   913   954 I chatty  : uid=1000(system) android.ui expire 2 lines
11-07 16:00:05.428   597   597 I wificond: create scanner for interface with index: 22
11-07 16:00:05.429   597   597 I wificond: subscribe scan result for interface with index: 22
11-07 16:00:05.454   913   953 I chatty  : uid=1000(system) ActivityManager expire 25 lines
11-07 16:00:05.461   913  2430 I chatty  : uid=1000(system) BluetoothRouteM expire 1 line
11-07 16:00:05.471   913  1033 I chatty  : uid=1000(system) android.anim expire 1 line
11-07 16:00:05.508   913  2468 I chatty  : uid=1000(system) uteStateMachine expire 1 line
11-07 16:00:05.518   913  2490 I chatty  : uid=1000(system) CallAudioModeSt expire 1 line
11-07 16:00:05.696   913   930 I chatty  : uid=1000(system) Binder:913_2 expire 4 lines
11-07 16:00:05.933   913  1138 I chatty  : uid=1000(system) onProviders.ECP expire 2 lines
11-07 16:00:05.956   913  2105 I chatty  : uid=1000(system) Binder:913_5 expire 14 lines
11-07 16:00:06.246   913   952 I chatty  : uid=1000(system) android.bg expire 7 lines
11-07 16:00:06.258   913  1132 I chatty  : uid=1000(system) ConnectivitySer expire 5 lines
11-07 16:00:06.344  2146  2990 E ActivityThread: Failed to find provider info for com.android.contacts
11-07 16:00:06.349   913  2662 I chatty  : uid=1000(system) Binder:913_6 expire 5 lines
11-07 16:00:06.360  1612  1612 I StatusBar: isKeyguardShowing() called before startKeyguard(), returning true
11-07 16:00:06.362  1612  1612 W StatusBar: isKeyguardSecure() called before startKeyguard(), returning false
11-07 16:00:06.362  1612  1612 W StatusBar: java.lang.Throwable
11-07 16:00:06.362  1612  1612 W StatusBar: 	at com.android.systemui.statusbar.phone.StatusBar.isKeyguardSecure(StatusBar.java:7058)
11-07 16:00:06.362  1612  1612 W StatusBar: 	at com.android.systemui.statusbar.phone.StatusBar.isCameraAllowedByAdmin(StatusBar.java:5100)
11-07 16:00:06.362  1612  1612 W StatusBar: 	at com.android.systemui.statusbar.phone.KeyguardBottomAreaView$DefaultRightButton.getIcon(KeyguardBottomAreaView.java:850)
11-07 16:00:06.362  1612  1612 W StatusBar: 	at com.android.systemui.statusbar.phone.KeyguardBottomAreaView.updateCameraVisibility(KeyguardBottomAreaView.java:371)
11-07 16:00:06.362  1612  1612 W StatusBar: 	at com.android.systemui.statusbar.phone.KeyguardBottomAreaView.setStatusBar(KeyguardBottomAreaView.java:340)
11-07 16:00:06.362  1612  1612 W StatusBar: 	at com.android.systemui.statusbar.phone.StatusBar.makeStatusBarView(StatusBar.java:1161)
11-07 16:00:06.362  1612  1612 W StatusBar: 	at com.android.systemui.statusbar.phone.StatusBar.addStatusBarWindow(StatusBar.java:3527)
11-07 16:00:06.362  1612  1612 W StatusBar: 	at com.android.systemui.statusbar.phone.StatusBar.createAndAddWindows(StatusBar.java:3523)
11-07 16:00:06.362  1612  1612 W StatusBar: 	at com.android.systemui.statusbar.phone.StatusBar.start(StatusBar.java:875)
11-07 16:00:06.362  1612  1612 W StatusBar: 	at com.android.systemui.SystemBars.createStatusBarFromConfig(SystemBars.java:71)
11-07 16:00:06.362  1612  1612 W StatusBar: 	at com.android.systemui.SystemBars.start(SystemBars.java:42)
11-07 16:00:06.362  1612  1612 W StatusBar: 	at com.android.systemui.SystemUIApplication.startServicesIfNeeded(SystemUIApplication.java:208)
11-07 16:00:06.362  1612  1612 W StatusBar: 	at com.android.systemui.SystemUIApplication.startServicesIfNeeded(SystemUIApplication.java:163)
11-07 16:00:06.362  1612  1612 W StatusBar: 	at com.android.systemui.keyguard.KeyguardService.onCreate(KeyguardService.java:46)
11-07 16:00:06.362  1612  1612 W StatusBar: 	at android.app.ActivityThread.handleCreateService(ActivityThread.java:3404)
11-07 16:00:06.362  1612  1612 W StatusBar: 	at android.app.ActivityThread.-wrap4(Unknown Source:0)
11-07 16:00:06.362  1612  1612 W StatusBar: 	at android.app.ActivityThread$H.handleMessage(ActivityThread.java:1683)
11-07 16:00:06.362  1612  1612 W StatusBar: 	at android.os.Handler.dispatchMessage(Handler.java:105)
11-07 16:00:06.362  1612  1612 W StatusBar: 	at android.os.Looper.loop(Looper.java:164)
11-07 16:00:06.362  1612  1612 W StatusBar: 	at android.app.ActivityThread.main(ActivityThread.java:6541)
11-07 16:00:06.362  1612  1612 W StatusBar: 	at java.lang.reflect.Method.invoke(Native Method)
11-07 16:00:06.362  1612  1612 W StatusBar: 	at com.android.internal.os.Zygote$MethodAndArgsCaller.run(Zygote.java:240)
11-07 16:00:06.362  1612  1612 W StatusBar: 	at com.android.internal.os.ZygoteInit.main(ZygoteInit.java:767)
11-07 16:00:06.364  1612  1612 I StatusBar: isKeyguardShowing() called before startKeyguard(), returning true
11-07 16:00:06.364  1612  1612 W StatusBar: isKeyguardSecure() called before startKeyguard(), returning false
11-07 16:00:06.364  1612  1612 W StatusBar: java.lang.Throwable
11-07 16:00:06.364  1612  1612 W StatusBar: 	at com.android.systemui.statusbar.phone.StatusBar.isKeyguardSecure(StatusBar.java:7058)
11-07 16:00:06.364  1612  1612 W StatusBar: 	at com.android.systemui.statusbar.phone.StatusBar.isCameraAllowedByAdmin(StatusBar.java:5100)
11-07 16:00:06.364  1612  1612 W StatusBar: 	at com.android.systemui.statusbar.phone.KeyguardBottomAreaView$DefaultRightButton.getIcon(KeyguardBottomAreaView.java:850)
11-07 16:00:06.364  1612  1612 W StatusBar: 	at com.android.systemui.statusbar.phone.KeyguardBottomAreaView.updateCameraVisibility(KeyguardBottomAreaView.java:371)
11-07 16:00:06.364  1612  1612 W StatusBar: 	at com.android.systemui.statusbar.phone.KeyguardBottomAreaView.setUserSetupComplete(KeyguardBottomAreaView.java:349)
11-07 16:00:06.364  1612  1612 W StatusBar: 	at com.android.systemui.statusbar.phone.StatusBar.makeStatusBarView(StatusBar.java:1162)
11-07 16:00:06.364  1612  1612 W StatusBar: 	at com.android.systemui.statusbar.phone.StatusBar.addStatusBarWindow(StatusBar.java:3527)
11-07 16:00:06.364  1612  1612 W StatusBar: 	at com.android.systemui.statusbar.phone.StatusBar.createAndAddWindows(StatusBar.java:3523)
11-07 16:00:06.364  1612  1612 W StatusBar: 	at com.android.systemui.statusbar.phone.StatusBar.start(StatusBar.java:875)
11-07 16:00:06.364  1612  1612 W StatusBar: 	at com.android.systemui.SystemBars.createStatusBarFromConfig(SystemBars.java:71)
11-07 16:00:06.364  1612  1612 W StatusBar: 	at com.android.systemui.SystemBars.start(SystemBars.java:42)
11-07 16:00:06.364  1612  1612 W StatusBar: 	at com.android.systemui.SystemUIApplication.startServicesIfNeeded(SystemUIApplication.java:208)
11-07 16:00:06.364  1612  1612 W StatusBar: 	at com.android.systemui.SystemUIApplication.startServicesIfNeeded(SystemUIApplication.java:163)
11-07 16:00:06.364  1612  1612 W StatusBar: 	at com.android.systemui.keyguard.KeyguardService.onCreate(KeyguardService.java:46)
11-07 16:00:06.364  1612  1612 W StatusBar: 	at android.app.ActivityThread.handleCreateService(ActivityThread.java:3404)
11-07 16:00:06.364  1612  1612 W StatusBar: 	at android.app.ActivityThread.-wrap4(Unknown Source:0)
11-07 16:00:06.364  1612  1612 W StatusBar: 	at android.app.ActivityThread$H.handleMessage(ActivityThread.java:1683)
11-07 16:00:06.364  1612  1612 W StatusBar: 	at android.os.Handler.dispatchMessage(Handler.java:105)
11-07 16:00:06.364  1612  1612 W StatusBar: 	at android.os.Looper.loop(Looper.java:164)
11-07 16:00:06.364  1612  1612 W StatusBar: 	at android.app.ActivityThread.main(ActivityThread.java:6541)
11-07 16:00:06.364  1612  1612 W StatusBar: 	at java.lang.reflect.Method.invoke(Native Method)
11-07 16:00:06.364  1612  1612 W StatusBar: 	at com.android.internal.os.Zygote$MethodAndArgsCaller.run(Zygote.java:240)
11-07 16:00:06.364  1612  1612 W StatusBar: 	at com.android.internal.os.ZygoteInit.main(ZygoteInit.java:767)
11-07 16:00:06.381  2146  2146 I TelecomFramework: TtyManager: updateUiTtyMode -1 -> 0
11-07 16:00:06.387  2146  2146 I TelecomFramework: TtyManager: updateUiTtyMode -1 -> 0
11-07 16:00:06.438   597   597 I wificond: New interface event callback registered
11-07 16:00:06.477  1612  1612 I StatusBar: isKeyguardShowing() called before startKeyguard(), returning true
11-07 16:00:06.477  1612  1612 W StatusBar: isKeyguardSecure() called before startKeyguard(), returning false
11-07 16:00:06.477  1612  1612 W StatusBar: java.lang.Throwable
11-07 16:00:06.477  1612  1612 W StatusBar: 	at com.android.systemui.statusbar.phone.StatusBar.isKeyguardSecure(StatusBar.java:7058)
11-07 16:00:06.477  1612  1612 W StatusBar: 	at com.android.systemui.statusbar.phone.StatusBar.isCameraAllowedByAdmin(StatusBar.java:5100)
11-07 16:00:06.477  1612  1612 W StatusBar: 	at com.android.systemui.statusbar.phone.KeyguardBottomAreaView$DefaultRightButton.getIcon(KeyguardBottomAreaView.java:850)
11-07 16:00:06.477  1612  1612 W StatusBar: 	at com.android.systemui.statusbar.phone.KeyguardBottomAreaView.updateCameraVisibility(KeyguardBottomAreaView.java:371)
11-07 16:00:06.477  1612  1612 W StatusBar: 	at com.android.systemui.statusbar.phone.KeyguardBottomAreaView.setUserSetupComplete(KeyguardBottomAreaView.java:349)
11-07 16:00:06.477  1612  1612 W StatusBar: 	at com.android.systemui.statusbar.phone.StatusBar$1.onUserSetupChanged(StatusBar.java:505)
11-07 16:00:06.477  1612  1612 W StatusBar: 	at com.android.systemui.statusbar.policy.DeviceProvisionedControllerImpl.addCallback(DeviceProvisionedControllerImpl.java:69)
11-07 16:00:06.477  1612  1612 W StatusBar: 	at com.android.systemui.statusbar.policy.DeviceProvisionedControllerImpl.addCallback(DeviceProvisionedControllerImpl.java:63)
11-07 16:00:06.477  1612  1612 W StatusBar: 	at com.android.systemui.statusbar.phone.StatusBar.makeStatusBarView(StatusBar.java:1250)
11-07 16:00:06.477  1612  1612 W StatusBar: 	at com.android.systemui.statusbar.phone.StatusBar.addStatusBarWindow(StatusBar.java:3527)
11-07 16:00:06.477  1612  1612 W StatusBar: 	at com.android.systemui.statusbar.phone.StatusBar.createAndAddWindows(StatusBar.java:3523)
11-07 16:00:06.477  1612  1612 W StatusBar: 	at com.android.systemui.statusbar.phone.StatusBar.start(StatusBar.java:875)
11-07 16:00:06.477  1612  1612 W StatusBar: 	at com.android.systemui.SystemBars.createStatusBarFromConfig(SystemBars.java:71)
11-07 16:00:06.477  1612  1612 W StatusBar: 	at com.android.systemui.SystemBars.start(SystemBars.java:42)
11-07 16:00:06.477  1612  1612 W StatusBar: 	at com.android.systemui.SystemUIApplication.startServicesIfNeeded(SystemUIApplication.java:208)
11-07 16:00:06.477  1612  1612 W StatusBar: 	at com.android.systemui.SystemUIApplication.startServicesIfNeeded(SystemUIApplication.java:163)
11-07 16:00:06.477  1612  1612 W StatusBar: 	at com.android.systemui.keyguard.KeyguardService.onCreate(KeyguardService.java:46)
11-07 16:00:06.477  1612  1612 W StatusBar: 	at android.app.ActivityThread.handleCreateService(ActivityThread.java:3404)
11-07 16:00:06.477  1612  1612 W StatusBar: 	at android.app.ActivityThread.-wrap4(Unknown Source:0)
11-07 16:00:06.477  1612  1612 W StatusBar: 	at android.app.ActivityThread$H.handleMessage(ActivityThread.java:1683)
11-07 16:00:06.477  1612  1612 W StatusBar: 	at android.os.Handler.dispatchMessage(Handler.java:105)
11-07 16:00:06.477  1612  1612 W StatusBar: 	at android.os.Looper.loop(Looper.java:164)
11-07 16:00:06.477  1612  1612 W StatusBar: 	at android.app.ActivityThread.main(ActivityThread.java:6541)
11-07 16:00:06.477  1612  1612 W StatusBar: 	at java.lang.reflect.Method.invoke(Native Method)
11-07 16:00:06.477  1612  1612 W StatusBar: 	at com.android.internal.os.Zygote$MethodAndArgsCaller.run(Zygote.java:240)
11-07 16:00:06.477  1612  1612 W StatusBar: 	at com.android.internal.os.ZygoteInit.main(ZygoteInit.java:767)
11-07 16:00:06.632   913  2094 I chatty  : uid=1000(system) Binder:913_4 expire 4 lines
11-07 16:00:06.646   913  1907 I chatty  : uid=1000(system) Binder:913_3 expire 2 lines
11-07 16:00:06.647   372   377 D VoldCryptCmdListener: cryptfs getpw
11-07 16:00:06.648   913  1117 I chatty  : uid=1000(system) CryptdConnector expire 3 lines
11-07 16:00:06.649   372   377 D VoldCryptCmdListener: cryptfs clearpw
11-07 16:00:06.668  1612  3069 E ActivityThread: Failed to find provider info for com.android.contacts
11-07 16:00:06.794  1612  3069 E ActivityThread: Failed to find provider info for com.android.contacts
11-07 16:00:06.903   913  1122 I chatty  : uid=1000(system) WifiService expire 1 line
11-07 16:00:07.005  1612  2993 E ActivityThread: Failed to find provider info for com.android.contacts
11-07 16:00:07.180   913   956 I chatty  : uid=1000(system) batterystats-sy expire 2 lines
11-07 16:00:07.209  2146  2146 I TelecomFramework: AccountEntry: Registered phoneAccount: [[ ] PhoneAccount: ComponentInfo{com.android.phone/com.android.services.telephony.TelephonyConnectionService}, [****], UserHandle{0} Capabilities: CallProvider MultiUser PlaceEmerg SimSub  Audio Routes: BESW Schemes: tel voicemail  Extras: null GroupId: [****]] with handle: ComponentInfo{com.android.phone/com.android.services.telephony.TelephonyConnectionService}, [****], UserHandle{0}
11-07 16:00:07.209  2146  2146 I TelecomFramework: PstnIncomingCallNotifier: Registering: Handler (com.android.internal.telephony.GsmCdmaPhone) {c6fc375}
11-07 16:00:07.316  2146  2146 I TelecomFramework: PstnIncomingCallNotifier: Unregistering: Handler (com.android.internal.telephony.GsmCdmaPhone) {c6fc375}
11-07 16:00:07.337  2146  2146 I TelecomFramework: AccountEntry: Registered phoneAccount: [[ ] PhoneAccount: ComponentInfo{com.android.phone/com.android.services.telephony.TelephonyConnectionService}, [****], UserHandle{0} Capabilities: CallProvider MultiUser PlaceEmerg SimSub  Audio Routes: BESW Schemes: tel voicemail  Extras: null GroupId: [****]] with handle: ComponentInfo{com.android.phone/com.android.services.telephony.TelephonyConnectionService}, [****], UserHandle{0}
11-07 16:00:07.337  2146  2146 I TelecomFramework: PstnIncomingCallNotifier: Registering: Handler (com.android.internal.telephony.GsmCdmaPhone) {c6fc375}
11-07 16:00:07.346  2146  2146 I TelecomFramework: PstnPhoneCapabilitiesNotifier: handleVideoCapabilitesChanged. Video capability - false
11-07 16:00:07.417  2146  2146 I chatty  : uid=1001(radio) com.android.phone identical 2 lines
11-07 16:00:07.513  2146  2146 I TelecomFramework: PstnPhoneCapabilitiesNotifier: handleVideoCapabilitesChanged. Video capability - false
11-07 16:00:07.551  2146  2146 I TelecomFramework: PstnIncomingCallNotifier: Unregistering: Handler (com.android.internal.telephony.GsmCdmaPhone) {c6fc375}
11-07 16:00:07.580  2146  2146 I TelecomFramework: AccountEntry: Registered phoneAccount: [[ ] PhoneAccount: ComponentInfo{com.android.phone/com.android.services.telephony.TelephonyConnectionService}, [****], UserHandle{0} Capabilities: CallProvider MultiUser PlaceEmerg SimSub  Audio Routes: BESW Schemes: tel voicemail  Extras: null GroupId: [****]] with handle: ComponentInfo{com.android.phone/com.android.services.telephony.TelephonyConnectionService}, [****], UserHandle{0}
11-07 16:00:07.581  2146  2146 I TelecomFramework: PstnIncomingCallNotifier: Registering: Handler (com.android.internal.telephony.GsmCdmaPhone) {c6fc375}
11-07 16:00:07.600  2146  2146 I TelecomFramework: PstnIncomingCallNotifier: Unregistering: Handler (com.android.internal.telephony.GsmCdmaPhone) {c6fc375}
11-07 16:00:07.620   913   929 I chatty  : uid=1000(system) Binder:913_1 expire 4 lines
11-07 16:00:07.625  2146  2146 I TelecomFramework: AccountEntry: Registered phoneAccount: [[ ] PhoneAccount: ComponentInfo{com.android.phone/com.android.services.telephony.TelephonyConnectionService}, [****], UserHandle{0} Capabilities: CallProvider MultiUser PlaceEmerg SimSub  Audio Routes: BESW Schemes: tel voicemail  Extras: null GroupId: [****]] with handle: ComponentInfo{com.android.phone/com.android.services.telephony.TelephonyConnectionService}, [****], UserHandle{0}
11-07 16:00:07.625  2146  2146 I TelecomFramework: PstnIncomingCallNotifier: Registering: Handler (com.android.internal.telephony.GsmCdmaPhone) {c6fc375}
11-07 16:00:07.662  2146  2146 I TelecomFramework: PstnPhoneCapabilitiesNotifier: handleVideoCapabilitesChanged. Video capability - false
11-07 16:00:07.663  2146  2146 I TelecomFramework: PstnPhoneCapabilitiesNotifier: handleVideoCapabilitesChanged. Video capability - false
11-07 16:00:07.774  2146  2146 D MccTable: updateMccMncConfiguration mccmnc='' fromServiceState=false
11-07 16:00:07.848   913   973 I chatty  : uid=1000(system) android.display expire 10 lines
11-07 16:00:08.065  2146  2146 I TelecomFramework: PstnIncomingCallNotifier: Unregistering: Handler (com.android.internal.telephony.GsmCdmaPhone) {c6fc375}
11-07 16:00:08.108  2146  2146 I TelecomFramework: AccountEntry: Registered phoneAccount: [[ ] PhoneAccount: ComponentInfo{com.android.phone/com.android.services.telephony.TelephonyConnectionService}, [****], UserHandle{0} Capabilities: CallProvider MultiUser PlaceEmerg SimSub  Audio Routes: BESW Schemes: tel voicemail  Extras: null GroupId: [****]] with handle: ComponentInfo{com.android.phone/com.android.services.telephony.TelephonyConnectionService}, [****], UserHandle{0}
11-07 16:00:08.108  2146  2146 I TelecomFramework: PstnIncomingCallNotifier: Registering: Handler (com.android.internal.telephony.GsmCdmaPhone) {c6fc375}
11-07 16:00:08.178  2146  2146 I TelecomFramework: PstnIncomingCallNotifier: Unregistering: Handler (com.android.internal.telephony.GsmCdmaPhone) {c6fc375}
11-07 16:00:08.222  2146  2146 I TelecomFramework: AccountEntry: Registered phoneAccount: [[ ] PhoneAccount: ComponentInfo{com.android.phone/com.android.services.telephony.TelephonyConnectionService}, [****], UserHandle{0} Capabilities: CallProvider MultiUser PlaceEmerg SimSub  Audio Routes: BESW Schemes: tel voicemail  Extras: null GroupId: [****]] with handle: ComponentInfo{com.android.phone/com.android.services.telephony.TelephonyConnectionService}, [****], UserHandle{0}
11-07 16:00:08.222  2146  2146 I TelecomFramework: PstnIncomingCallNotifier: Registering: Handler (com.android.internal.telephony.GsmCdmaPhone) {c6fc375}
11-07 16:00:08.272  2146  2146 I TelecomFramework: PstnIncomingCallNotifier: Unregistering: Handler (com.android.internal.telephony.GsmCdmaPhone) {c6fc375}
11-07 16:00:08.311  2146  2146 I TelecomFramework: AccountEntry: Registered phoneAccount: [[ ] PhoneAccount: ComponentInfo{com.android.phone/com.android.services.telephony.TelephonyConnectionService}, [****], UserHandle{0} Capabilities: CallProvider MultiUser PlaceEmerg SimSub  Audio Routes: BESW Schemes: tel voicemail  Extras: null GroupId: [****]] with handle: ComponentInfo{com.android.phone/com.android.services.telephony.TelephonyConnectionService}, [****], UserHandle{0}
11-07 16:00:08.312  2146  2146 I TelecomFramework: PstnIncomingCallNotifier: Registering: Handler (com.android.internal.telephony.GsmCdmaPhone) {c6fc375}
11-07 16:00:08.334  2146  2146 I TelecomFramework: PstnPhoneCapabilitiesNotifier: handleVideoCapabilitesChanged. Video capability - false
11-07 16:00:08.335  2146  2146 I TelecomFramework: PstnPhoneCapabilitiesNotifier: handleVideoCapabilitesChanged. Video capability - false
11-07 16:00:09.734  2146  2146 I TelecomFramework: PstnIncomingCallNotifier: Unregistering: Handler (com.android.internal.telephony.GsmCdmaPhone) {c6fc375}
11-07 16:00:09.760  2146  2146 I TelecomFramework: AccountEntry: Registered phoneAccount: [[ ] PhoneAccount: ComponentInfo{com.android.phone/com.android.services.telephony.TelephonyConnectionService}, [****], UserHandle{0} Capabilities: CallProvider MultiUser PlaceEmerg SimSub  Audio Routes: BESW Schemes: tel voicemail  Extras: null GroupId: [****]] with handle: ComponentInfo{com.android.phone/com.android.services.telephony.TelephonyConnectionService}, [****], UserHandle{0}
11-07 16:00:09.760  2146  2146 I TelecomFramework: PstnIncomingCallNotifier: Registering: Handler (com.android.internal.telephony.GsmCdmaPhone) {c6fc375}
11-07 16:00:09.765  2146  2146 I TelecomFramework: PstnPhoneCapabilitiesNotifier: handleVideoCapabilitesChanged. Video capability - false
11-07 16:00:13.173   913  1161 I chatty  : uid=1000(system) LiveDisplay expire 1 line
11-07 16:00:13.196   372   377 D vold    : e4crypt_prepare_user_storage for volume null, user 0, serial 0, flags 2
11-07 16:00:13.197   372   377 D vold    : Preparing: /data/system_ce/0
11-07 16:00:13.198   372   377 D vold    : Preparing: /data/misc_ce/0
11-07 16:00:13.198   372   377 D vold    : Preparing: /data/media/0
11-07 16:00:13.199   372   377 D vold    : Preparing: /data/data
11-07 16:00:13.477   913   972 I chatty  : uid=1000(system) android.io expire 1 line
11-07 16:00:13.480   372   376 D vold    : Linking /storage/emulated/0 to /mnt/user/0/primary
11-07 16:00:13.482   913  1115 I chatty  : uid=1000(system) StorageManagerS expire 1 line
11-07 16:00:13.954   597   597 I wificond: Unexpected empty scan result!
11-07 16:00:13.954   597   597 I wificond: Unexpected empty scan result!
11-07 16:00:14.032   913  5152 I chatty  : uid=1000(system) backup expire 1 line
11-07 16:00:14.663   913  5361 I chatty  : uid=1000(system) Binder:913_A expire 1 line
11-07 16:00:14.752   913  5375 I chatty  : uid=1000(system) Binder:913_E expire 1 line
11-07 16:00:14.900  2146  2146 I TelecomFramework: PstnIncomingCallNotifier: Unregistering: Handler (com.android.internal.telephony.GsmCdmaPhone) {c6fc375}
11-07 16:00:15.056   913  5386 I chatty  : uid=1000(system) Binder:913_F expire 12 lines
11-07 16:00:15.063  2146  2146 I TelecomFramework: AccountEntry: Registered phoneAccount: [[ ] PhoneAccount: ComponentInfo{com.android.phone/com.android.services.telephony.TelephonyConnectionService}, [****], UserHandle{0} Capabilities: CallProvider MultiUser PlaceEmerg SimSub  Audio Routes: BESW Schemes: tel voicemail  Extras: null GroupId: [****]] with handle: ComponentInfo{com.android.phone/com.android.services.telephony.TelephonyConnectionService}, [****], UserHandle{0}
11-07 16:00:15.063  2146  2146 I TelecomFramework: PstnIncomingCallNotifier: Registering: Handler (com.android.internal.telephony.GsmCdmaPhone) {c6fc375}
11-07 16:00:15.067  2146  2146 I TelecomFramework: PstnPhoneCapabilitiesNotifier: handleVideoCapabilitesChanged. Video capability - false
11-07 16:00:15.198  5269  5269 W KeyphraseEnrollmentInfo: No Enrollment application supports the given keyphrase/locale
11-07 16:00:15.333  5425  5425 D ActivityThread: Loading provider com.whatsapp.provider.contact: com.whatsapp.contact.ContactProvider
11-07 16:00:15.962   913  5646 I chatty  : uid=1000(system) power_metrics_r expire 6 lines
11-07 16:00:16.018   913   913 I chatty  : uid=1000 system_server expire 11 lines
11-07 16:00:16.599   913  5362 I chatty  : uid=1000(system) Binder:913_B expire 1 line
11-07 16:00:17.850   913  5842 I chatty  : uid=1000(system) IzatServiceBase expire 1 line
11-07 16:00:18.216   913  2105 I chatty  : uid=1000(system) Binder:913_5 expire 10 lines
11-07 16:00:18.645   913  5361 I chatty  : uid=1000(system) Binder:913_A expire 10 lines
11-07 16:00:18.664   913  2662 I chatty  : uid=1000(system) Binder:913_6 expire 8 lines
11-07 16:00:19.599   913   913 I chatty  : uid=1000 system_server expire 15 lines
11-07 16:00:19.623   913  5367 I chatty  : uid=1000(system) Binder:913_D expire 10 lines
11-07 16:00:19.698   913   953 I chatty  : uid=1000(system) ActivityManager expire 11 lines
11-07 16:00:21.125   913   929 I chatty  : uid=1000(system) Binder:913_1 expire 9 lines
11-07 16:00:21.476   913   930 I chatty  : uid=1000(system) Binder:913_2 expire 10 lines
11-07 16:00:21.712   913  5386 I chatty  : uid=1000(system) Binder:913_F expire 4 lines
11-07 16:00:22.095   913  5331 I chatty  : uid=1000(system) Binder:913_7 expire 11 lines
11-07 16:00:22.144  6454  6471 D ActivityThread: Loading provider com.android.email.provider;com.android.email.notifier: com.android.email.provider.EmailProvider
11-07 16:00:22.542   913  5366 I chatty  : uid=1000(system) Binder:913_C expire 10 lines
11-07 16:00:23.227   913  5362 I chatty  : uid=1000(system) Binder:913_B expire 10 lines
11-07 16:00:23.234   913  1907 I chatty  : uid=1000(system) Binder:913_3 expire 4 lines
11-07 16:00:23.320   913  5360 I chatty  : uid=1000(system) Binder:913_9 expire 10 lines
11-07 16:00:23.476   913  5346 I chatty  : uid=1000(system) Binder:913_8 expire 10 lines
11-07 16:00:23.488  6454  6454 E ActivityThread: Service com.android.email.service.EmailBroadcastProcessorService has leaked ServiceConnection com.android.emailcommon.service.ServiceProxy$ProxyConnection@c934363 that was originally bound here
11-07 16:00:23.488  6454  6454 E ActivityThread: android.app.ServiceConnectionLeaked: Service com.android.email.service.EmailBroadcastProcessorService has leaked ServiceConnection com.android.emailcommon.service.ServiceProxy$ProxyConnection@c934363 that was originally bound here
11-07 16:00:23.488  6454  6454 E ActivityThread: 	at android.app.LoadedApk$ServiceDispatcher.<init>(LoadedApk.java:1514)
11-07 16:00:23.488  6454  6454 E ActivityThread: 	at android.app.LoadedApk.getServiceDispatcher(LoadedApk.java:1406)
11-07 16:00:23.488  6454  6454 E ActivityThread: 	at android.app.ContextImpl.bindServiceCommon(ContextImpl.java:1589)
11-07 16:00:23.488  6454  6454 E ActivityThread: 	at android.app.ContextImpl.bindService(ContextImpl.java:1541)
11-07 16:00:23.488  6454  6454 E ActivityThread: 	at android.content.ContextWrapper.bindService(ContextWrapper.java:678)
11-07 16:00:23.488  6454  6454 E ActivityThread: 	at com.android.emailcommon.service.ServiceProxy.setTask(ServiceProxy.java:181)
11-07 16:00:23.488  6454  6454 E ActivityThread: 	at com.android.emailcommon.service.ServiceProxy.test(ServiceProxy.java:224)
11-07 16:00:23.488  6454  6454 E ActivityThread: 	at com.android.email.service.EmailServiceUtils.isServiceAvailable(EmailServiceUtils.java:160)
11-07 16:00:23.488  6454  6454 E ActivityThread: 	at com.android.email.provider.AccountReconciler.reconcileAccountsInternal(AccountReconciler.java:171)
11-07 16:00:23.488  6454  6454 E ActivityThread: 	at com.android.email.provider.AccountReconciler.reconcileAccounts(AccountReconciler.java:115)
11-07 16:00:23.488  6454  6454 E ActivityThread: 	at com.android.email.service.EmailBroadcastProcessorService.reconcileAndStartServices(EmailBroadcastProcessorService.java:305)
11-07 16:00:23.488  6454  6454 E ActivityThread: 	at com.android.email.service.EmailBroadcastProcessorService.onBootCompleted(EmailBroadcastProcessorService.java:295)
11-07 16:00:23.488  6454  6454 E ActivityThread: 	at com.android.email.service.EmailBroadcastProcessorService.onHandleIntent(EmailBroadcastProcessorService.java:130)
11-07 16:00:23.488  6454  6454 E ActivityThread: 	at android.app.IntentService$ServiceHandler.handleMessage(IntentService.java:68)
11-07 16:00:23.488  6454  6454 E ActivityThread: 	at android.os.Handler.dispatchMessage(Handler.java:105)
11-07 16:00:23.488  6454  6454 E ActivityThread: 	at android.os.Looper.loop(Looper.java:164)
11-07 16:00:23.488  6454  6454 E ActivityThread: 	at android.os.HandlerThread.run(HandlerThread.java:65)
11-07 16:00:26.814   913   973 I chatty  : uid=1000(system) android.display expire 1 line
11-07 16:00:30.363   597   597 E wificond: Failed to get wiphy index from reg changed message
11-07 16:00:30.383   597   597 W wificond: Scan is not started. Ignore abort request
11-07 16:00:30.859  7115  7150 E ActivityThread: Failed to find provider info for com.teslacoilsw.notifier
11-07 16:00:30.863  7115  7150 I chatty  : uid=10113(u0_a113) com.google.android.apps.messaging identical 1 line
11-07 16:00:30.871  7115  7150 E ActivityThread: Failed to find provider info for com.teslacoilsw.notifier
11-07 16:00:31.632   913  2094 I chatty  : uid=1000(system) Binder:913_4 expire 7 lines
11-07 16:00:32.250   913  5375 I chatty  : uid=1000(system) Binder:913_E expire 7 lines
11-07 16:00:32.582   913   972 I chatty  : uid=1000(system) android.io expire 14 lines
11-07 16:00:32.799  7299  7336 D ActivityThread: Loading provider com.google.android.gmail.provider;com.android.mail.notifier;com.google.android.gm.email.provider;com.google.android.gm.tasks.provider;com.google.android.gm.email.notifier: com.android.email.provider.EmailProvider
11-07 16:00:33.545   597   597 E wificond: Received error messsage: Device or resource busy
11-07 16:00:33.545   597   597 E wificond: NL80211_CMD_TRIGGER_SCAN failed
11-07 16:00:35.867   597   597 E wificond: Received error messsage: Device or resource busy
11-07 16:00:35.867   597   597 E wificond: NL80211_CMD_TRIGGER_SCAN failed
11-07 16:00:36.426  5447  7475 E ActivityThread: Failed to find provider info for com.google.android.wearable.settings
11-07 16:00:37.602   913   930 I chatty  : uid=1000(system) Binder:913_2 expire 7 lines
11-07 16:00:37.727  5309  5309 W ContextImpl: Calling a method in the system process without a qualified user: android.app.ContextImpl.startService:1460 android.content.ContextWrapper.startService:644 android.content.ContextWrapper.startService:644 com.qualcomm.qti.tetherservice.TetherReceiver.onReceive:32 android.app.ActivityThread.handleReceiver:3252 
11-07 16:00:38.483   597   597 E wificond: Received error messsage: Device or resource busy
11-07 16:00:38.483   597   597 E wificond: NL80211_CMD_TRIGGER_SCAN failed
11-07 16:00:41.386  5153  7886 E ActivityThread: Failed to find provider info for com.google.android.wearable.settings
11-07 16:00:41.402  5153  7886 E ActivityThread: Failed to find provider info for com.google.android.wearable.settings
11-07 16:00:45.600   913   913 I chatty  : uid=1000 system_server expire 18 lines
11-07 16:00:45.624   913   952 I chatty  : uid=1000(system) android.bg expire 1 line
11-07 16:00:45.918   597   597 W wificond: Scan is not started. Ignore abort request
11-07 16:00:51.480  2146  2146 D MccTable: updateMccMncConfiguration mccmnc='20620' fromServiceState=false
11-07 16:00:51.483  2146  2146 D MccTable: updateMccMncConfiguration defaultMccMnc=
11-07 16:00:51.483  2146  2146 D MccTable: updateMccMncConfiguration: mcc=206, mnc=20
11-07 16:00:51.483  2146  2146 D MccTable: updateMccMncConfiguration updateConfig config={0.0 206mcc20mnc ?localeList ?layoutDir ?swdp ?wdp ?hdp ?density ?lsize ?long ?ldr ?wideColorGamut ?orien ?uimode ?night ?touch ?keyb/?/? ?nav/?}
11-07 16:00:51.824  2146  2146 I TelecomFramework: PstnIncomingCallNotifier: Unregistering: Handler (com.android.internal.telephony.GsmCdmaPhone) {c6fc375}
11-07 16:00:51.846  2146  2146 I TelecomFramework: AccountEntry: Registered phoneAccount: [[ ] PhoneAccount: ComponentInfo{com.android.phone/com.android.services.telephony.TelephonyConnectionService}, [****], UserHandle{0} Capabilities: CallProvider MultiUser PlaceEmerg SimSub  Audio Routes: BESW Schemes: tel voicemail  Extras: null GroupId: [****]] with handle: ComponentInfo{com.android.phone/com.android.services.telephony.TelephonyConnectionService}, [****], UserHandle{0}
11-07 16:00:51.846  2146  2146 I TelecomFramework: PstnIncomingCallNotifier: Registering: Handler (com.android.internal.telephony.GsmCdmaPhone) {c6fc375}
11-07 16:00:51.848  2146  2146 I TelecomFramework: TelecomAccountRegistry: Unregistering phone account ComponentInfo{com.android.phone/com.android.services.telephony.TelephonyConnectionService}, [****], UserHandle{0}.
11-07 16:00:52.038  2146  2146 D MccTable: updateMccMncConfiguration mccmnc='20620' fromServiceState=false
11-07 16:00:52.039  2146  2146 D MccTable: updateMccMncConfiguration defaultMccMnc=20620
11-07 16:00:52.039  2146  2146 D MccTable: updateMccMncConfiguration: mcc=206, mnc=20
11-07 16:00:52.039  2146  2146 D MccTable: updateMccMncConfiguration updateConfig config={0.0 206mcc20mnc ?localeList ?layoutDir ?swdp ?wdp ?hdp ?density ?lsize ?long ?ldr ?wideColorGamut ?orien ?uimode ?night ?touch ?keyb/?/? ?nav/?}
11-07 16:00:52.157  2146  2146 I TelecomFramework: PstnPhoneCapabilitiesNotifier: handleVideoCapabilitesChanged. Video capability - false
11-07 16:00:52.179   913   953 I chatty  : uid=1000(system) ActivityManager expire 3 lines
11-07 16:00:52.242   913  5366 I chatty  : uid=1000(system) Binder:913_C expire 3 lines
11-07 16:00:52.251  2146  2146 I TelecomFramework: PstnIncomingCallNotifier: Unregistering: Handler (com.android.internal.telephony.GsmCdmaPhone) {c6fc375}
11-07 16:00:52.299  2146  2146 I TelecomFramework: AccountEntry: Registered phoneAccount: [[ ] PhoneAccount: ComponentInfo{com.android.phone/com.android.services.telephony.TelephonyConnectionService}, [****], UserHandle{0} Capabilities: CallProvider MultiUser PlaceEmerg SimSub  Audio Routes: BESW Schemes: tel voicemail  Extras: null GroupId: [****]] with handle: ComponentInfo{com.android.phone/com.android.services.telephony.TelephonyConnectionService}, [****], UserHandle{0}
11-07 16:00:52.299  2146  2146 I TelecomFramework: PstnIncomingCallNotifier: Registering: Handler (com.android.internal.telephony.GsmCdmaPhone) {c6fc375}
11-07 16:00:52.325  2146  2146 I TelecomFramework: PstnIncomingCallNotifier: Unregistering: Handler (com.android.internal.telephony.GsmCdmaPhone) {c6fc375}
11-07 16:00:52.347   913  5367 I chatty  : uid=1000(system) Binder:913_D expire 1 line
11-07 16:00:52.351  2146  2146 I TelecomFramework: AccountEntry: Registered phoneAccount: [[ ] PhoneAccount: ComponentInfo{com.android.phone/com.android.services.telephony.TelephonyConnectionService}, [****], UserHandle{0} Capabilities: CallProvider MultiUser PlaceEmerg SimSub  Audio Routes: BESW Schemes: tel voicemail  Extras: null GroupId: [****]] with handle: ComponentInfo{com.android.phone/com.android.services.telephony.TelephonyConnectionService}, [****], UserHandle{0}
11-07 16:00:52.351  2146  2146 I TelecomFramework: PstnIncomingCallNotifier: Registering: Handler (com.android.internal.telephony.GsmCdmaPhone) {c6fc375}
11-07 16:00:52.380  2146  2146 I TelecomFramework: PstnPhoneCapabilitiesNotifier: handleVideoCapabilitesChanged. Video capability - false
11-07 16:00:52.380  2146  2146 I TelecomFramework: PstnPhoneCapabilitiesNotifier: handleVideoCapabilitesChanged. Video capability - false
11-07 16:00:52.398   913  5362 I chatty  : uid=1000(system) Binder:913_B expire 2 lines
11-07 16:00:52.589   913  1132 I chatty  : uid=1000(system) ConnectivitySer expire 8 lines
11-07 16:00:52.654  2146  2146 D MccTable: updateMccMncConfiguration mccmnc='20620' fromServiceState=true
11-07 16:00:52.655  2146  2146 D MccTable: updateMccMncConfiguration defaultMccMnc=20620
11-07 16:00:52.655  2146  2146 D MccTable: updateMccMncConfiguration: mcc=206, mnc=20
11-07 16:00:52.655  2146  2146 D MccTable: WIFI_COUNTRY_CODE set to be
11-07 16:00:52.655   913  5361 I chatty  : uid=1000(system) Binder:913_A expire 4 lines
11-07 16:00:52.697   913  2105 I chatty  : uid=1000(system) Binder:913_5 expire 2 lines
11-07 16:00:52.723  2146  2146 I TelecomFramework: PstnIncomingCallNotifier: Unregistering: Handler (com.android.internal.telephony.GsmCdmaPhone) {c6fc375}
11-07 16:00:52.745  2146  2146 I TelecomFramework: AccountEntry: Registered phoneAccount: [[ ] PhoneAccount: ComponentInfo{com.android.phone/com.android.services.telephony.TelephonyConnectionService}, [****], UserHandle{0} Capabilities: CallProvider MultiUser PlaceEmerg SimSub  Audio Routes: BESW Schemes: tel voicemail  Extras: null GroupId: [****]] with handle: ComponentInfo{com.android.phone/com.android.services.telephony.TelephonyConnectionService}, [****], UserHandle{0}
11-07 16:00:52.745  2146  2146 I TelecomFramework: PstnIncomingCallNotifier: Registering: Handler (com.android.internal.telephony.GsmCdmaPhone) {c6fc375}
11-07 16:00:52.749  2146  2146 I TelecomFramework: PstnIncomingCallNotifier: Unregistering: Handler (com.android.internal.telephony.GsmCdmaPhone) {c6fc375}
11-07 16:00:52.798  2146  2146 I TelecomFramework: AccountEntry: Registered phoneAccount: [[ ] PhoneAccount: ComponentInfo{com.android.phone/com.android.services.telephony.TelephonyConnectionService}, [****], UserHandle{0} Capabilities: CallProvider MultiUser PlaceEmerg SimSub  Audio Routes: BESW Schemes: tel voicemail  Extras: null GroupId: [****]] with handle: ComponentInfo{com.android.phone/com.android.services.telephony.TelephonyConnectionService}, [****], UserHandle{0}
11-07 16:00:52.798  2146  2146 I TelecomFramework: PstnIncomingCallNotifier: Registering: Handler (com.android.internal.telephony.GsmCdmaPhone) {c6fc375}
11-07 16:00:52.827   913  5331 I chatty  : uid=1000(system) Binder:913_7 expire 3 lines
11-07 16:00:52.881  2146  2146 I TelecomFramework: PstnPhoneCapabilitiesNotifier: handleVideoCapabilitesChanged. Video capability - false
11-07 16:00:52.881  2146  2146 I TelecomFramework: PstnPhoneCapabilitiesNotifier: handleVideoCapabilitesChanged. Video capability - false
11-07 16:00:52.922  1612  1612 W FingerprintManager: Invalid acquired message: 6, 0
11-07 16:00:53.074  1612  1612 W FingerprintManager: Invalid acquired message: 6, 0
11-07 16:00:53.163  1612  1612 W FingerprintManager: Invalid acquired message: 6, 0
11-07 16:00:54.075   913  1138 I chatty  : uid=1000(system) onProviders.ECP expire 1 line
11-07 16:00:54.081   913  1120 I chatty  : uid=1000(system) NetworkPolicy expire 1 line
11-07 16:00:55.677   913  5346 I chatty  : uid=1000(system) Binder:913_8 expire 1 line
11-07 16:00:56.627   597   597 E wificond: Received error messsage: Device or resource busy
11-07 16:00:56.627   597   597 E wificond: NL80211_CMD_TRIGGER_SCAN failed
11-07 16:00:56.812   913   913 I chatty  : uid=1000 system_server expire 10 lines
11-07 16:00:56.945   913  5360 I chatty  : uid=1000(system) Binder:913_9 expire 9 lines
11-07 16:00:58.566   913  1907 I chatty  : uid=1000(system) Binder:913_3 expire 10 lines
11-07 16:00:59.569   913  5362 I chatty  : uid=1000(system) Binder:913_B expire 5 lines
11-07 16:00:59.606   913  5375 I chatty  : uid=1000(system) Binder:913_E expire 10 lines
11-07 16:00:59.609   913  5361 I chatty  : uid=1000(system) Binder:913_A expire 7 lines
11-07 16:00:59.745   913  5331 I chatty  : uid=1000(system) Binder:913_7 expire 9 lines
11-07 16:00:59.841   913   953 I chatty  : uid=1000(system) ActivityManager expire 12 lines
11-07 16:01:02.665   913  2662 I chatty  : uid=1000(system) Binder:913_6 expire 11 lines
11-07 16:01:05.502   913  5366 I chatty  : uid=1000(system) Binder:913_C expire 8 lines
11-07 16:01:09.262   913  5386 I chatty  : uid=1000(system) Binder:913_F expire 4 lines
11-07 16:01:09.590   913  2105 I chatty  : uid=1000(system) Binder:913_5 expire 6 lines
11-07 16:01:12.653   913  5367 I chatty  : uid=1000(system) Binder:913_D expire 11 lines
11-07 16:01:13.143   913  5346 I chatty  : uid=1000(system) Binder:913_8 expire 7 lines
11-07 16:01:21.000 10050 10050 D ActivityThread: Loading provider com.whatsapp.provider.contact: com.whatsapp.contact.ContactProvider
11-07 16:01:21.256   913   973 I chatty  : uid=1000(system) android.display expire 1 line
11-07 16:01:25.408   913   930 I chatty  : uid=1000(system) Binder:913_2 expire 5 lines
11-07 16:01:26.715   913   954 I chatty  : uid=1000(system) android.ui expire 2 lines
11-07 16:01:27.523   597   597 W wificond: Scan is not started. Ignore abort request
11-07 16:01:28.143   913   971 I chatty  : uid=1000(system) android.fg expire 3 lines
11-07 16:01:28.414   913   929 I chatty  : uid=1000(system) Binder:913_1 expire 10 lines
11-07 16:01:28.772   913  1123 I chatty  : uid=1000(system) WifiStateMachin expire 1 line
11-07 16:01:28.773   913  1132 I chatty  : uid=1000(system) ConnectivitySer expire 10 lines
11-07 16:01:30.072   913  5367 I chatty  : uid=1000(system) Binder:913_D expire 9 lines
11-07 16:01:34.597   913   913 I chatty  : uid=1000 system_server expire 3 lines
11-07 16:01:34.602  5447  7475 E ActivityThread: Failed to find provider info for com.google.android.wearable.settings
11-07 16:01:35.238   913  2094 I chatty  : uid=1000(system) Binder:913_4 expire 7 lines
11-07 16:01:36.233   913 10656 I chatty  : uid=1000(system) Binder:913_14 expire 5 lines
11-07 16:01:36.246 10472 10523 E ActivityThread: Failed to find provider info for com.teslacoilsw.notifier
11-07 16:01:36.253   913 10651 I chatty  : uid=1000(system) Binder:913_11 expire 6 lines
11-07 16:01:36.255 10472 10523 E ActivityThread: Failed to find provider info for com.teslacoilsw.notifier
11-07 16:01:36.267 10472 10523 E ActivityThread: Failed to find provider info for com.teslacoilsw.notifier
11-07 16:01:36.740   913 10659 I chatty  : uid=1000(system) Binder:913_17 expire 4 lines
11-07 16:01:37.194   913  1120 I chatty  : uid=1000(system) NetworkPolicy expire 2 lines
11-07 16:01:39.163  5447  7475 E ActivityThread: Failed to find provider info for com.google.android.wearable.settings
11-07 16:01:39.191 10855 10885 D ActivityThread: Loading provider com.android.email.provider;com.android.email.notifier: com.android.email.provider.EmailProvider
11-07 16:01:39.332   913 10655 I chatty  : uid=1000(system) Binder:913_13 expire 6 lines
11-07 16:01:39.637   913 10654 I chatty  : uid=1000(system) Binder:913_12 expire 1 line
11-07 16:01:39.706   913 10657 I chatty  : uid=1000(system) Binder:913_15 expire 3 lines
11-07 16:01:43.257   913   956 I chatty  : uid=1000(system) batterystats-sy expire 4 lines
11-07 16:01:44.115 11023 11041 D ActivityThread: Loading provider com.google.android.gmail.provider;com.android.mail.notifier;com.google.android.gm.email.provider;com.google.android.gm.tasks.provider;com.google.android.gm.email.notifier: com.android.email.provider.EmailProvider
11-07 16:01:45.384   913 10662 I chatty  : uid=1000(system) Binder:913_1A expire 5 lines
11-07 16:01:47.672   913 10650 I chatty  : uid=1000(system) Binder:913_10 expire 4 lines
11-07 16:01:52.921   913  1109 I chatty  : uid=1000(system) AlarmManager expire 1 line
11-07 16:01:54.867  5447  7462 E ActivityThread: Failed to find provider info for com.google.android.wearable.settings
11-07 16:01:54.966   913 10658 I chatty  : uid=1000(system) Binder:913_16 expire 2 lines
11-07 16:01:55.401   913 10660 I chatty  : uid=1000(system) Binder:913_18 expire 4 lines
11-07 16:01:55.594   913  1132 I chatty  : uid=1000(system) ConnectivitySer expire 5 lines
11-07 16:01:55.793 11537 11537 E ActivityThread: Failed to find provider info for com.teslacoilsw.notifier
11-07 16:01:56.629   913   953 I chatty  : uid=1000(system) ActivityManager expire 6 lines
11-07 16:01:56.645   913  2662 I chatty  : uid=1000(system) Binder:913_6 expire 4 lines
11-07 16:01:58.919  5447  7462 E ActivityThread: Failed to find provider info for com.google.android.wearable.settings
11-07 16:02:01.792   913  1907 I chatty  : uid=1000(system) Binder:913_3 expire 1 line
11-07 16:02:02.077   913 10661 I chatty  : uid=1000(system) Binder:913_19 expire 2 lines
11-07 16:02:03.338   913   929 I chatty  : uid=1000(system) Binder:913_1 expire 2 lines
11-07 16:02:05.672   913   952 I chatty  : uid=1000(system) android.bg expire 3 lines
11-07 16:02:09.835 12238 12258 D ActivityThread: Loading provider com.android.email.provider;com.android.email.notifier: com.android.email.provider.EmailProvider
11-07 16:02:15.149   913   953 I chatty  : uid=1000(system) ActivityManager expire 27 lines
11-07 16:02:15.690   913 10656 I chatty  : uid=1000(system) Binder:913_14 expire 4 lines
11-07 16:02:15.727   913   956 I chatty  : uid=1000(system) batterystats-sy expire 10 lines
11-07 16:02:18.697   913 10659 I chatty  : uid=1000(system) Binder:913_17 expire 7 lines
11-07 16:02:22.061   913   913 I chatty  : uid=1000 system_server expire 10 lines
11-07 16:02:22.274   913 10660 I chatty  : uid=1000(system) Binder:913_18 expire 4 lines
11-07 16:02:23.088   913  2662 I chatty  : uid=1000(system) Binder:913_6 expire 5 lines
11-07 16:02:23.543   913  1907 I chatty  : uid=1000(system) Binder:913_3 expire 5 lines
11-07 16:02:24.416   913 10661 I chatty  : uid=1000(system) Binder:913_19 expire 4 lines
11-07 16:02:26.723   913 10651 I chatty  : uid=1000(system) Binder:913_11 expire 7 lines
11-07 16:02:26.810   913  5360 I chatty  : uid=1000(system) Binder:913_9 expire 5 lines
11-07 16:02:31.290   913  5375 I chatty  : uid=1000(system) Binder:913_E expire 8 lines
11-07 16:02:31.327   913   930 I chatty  : uid=1000(system) Binder:913_2 expire 8 lines
11-07 16:02:33.264   913  2094 I chatty  : uid=1000(system) Binder:913_4 expire 3 lines
11-07 16:02:33.265   913  1132 I chatty  : uid=1000(system) ConnectivitySer expire 4 lines
11-07 16:02:33.499   913  5361 I chatty  : uid=1000(system) Binder:913_A expire 4 lines
11-07 16:02:33.671   913   929 I chatty  : uid=1000(system) Binder:913_1 expire 5 lines
11-07 16:02:33.715   913 10658 I chatty  : uid=1000(system) Binder:913_16 expire 1 line
11-07 16:02:33.724 12706 12725 E ActivityThread: Failed to find provider info for com.teslacoilsw.notifier
11-07 16:02:33.727 12706 12725 I chatty  : uid=10113(u0_a113) com.google.android.apps.messaging identical 1 line
11-07 16:02:33.733 12706 12725 E ActivityThread: Failed to find provider info for com.teslacoilsw.notifier
11-07 16:02:34.074   913  5367 I chatty  : uid=1000(system) Binder:913_D expire 2 lines
11-07 16:02:35.474   913  2105 I chatty  : uid=1000(system) Binder:913_5 expire 3 lines
11-07 16:02:49.574   913 10655 I chatty  : uid=1000(system) Binder:913_13 expire 4 lines
11-07 16:02:50.692   913 10657 I chatty  : uid=1000(system) Binder:913_15 expire 3 lines
11-07 16:03:03.073   913 10662 I chatty  : uid=1000(system) Binder:913_1A expire 5 lines
11-07 16:03:25.959  5153  7886 E ActivityThread: Failed to find provider info for com.google.android.wearable.settings
11-07 16:03:25.967  5153  7886 I chatty  : uid=10029(u0_a29) com.google.android.gms.persistent identical 2 lines
11-07 16:03:25.971  5153  7886 E ActivityThread: Failed to find provider info for com.google.android.wearable.settings
11-07 16:03:34.981   913  5386 I chatty  : uid=1000(system) Binder:913_F expire 2 lines
11-07 16:03:40.317   913  1113 I chatty  : uid=1000(system) InputReader expire 3 lines
11-07 16:03:40.878   913   977 I chatty  : uid=1000(system) PowerManagerSer expire 17 lines
11-07 16:03:40.897   913   971 I chatty  : uid=1000(system) android.fg expire 8 lines
11-07 16:03:40.962   913   973 I chatty  : uid=1000(system) android.display expire 7 lines
11-07 16:03:48.137  1612  1612 I PowerUI.Notification: show low battery warning: level=12 [-1] playSound=true
11-07 16:03:54.804  1612  1612 I PowerUI.Notification: dismissing low battery notification
11-07 16:03:54.825   913   956 I chatty  : uid=1000(system) batterystats-sy expire 5 lines
11-07 16:03:55.806   913   913 I chatty  : uid=1000 system_server expire 10 lines
11-07 16:04:06.700   913   982 I chatty  : uid=1000(system) PackageManager expire 16 lines
11-07 16:04:07.920   913  5362 I chatty  : uid=1000(system) Binder:913_B expire 1 line
11-07 16:04:07.937   913  5366 I chatty  : uid=1000(system) Binder:913_C expire 3 lines
11-07 16:04:17.775   913  5331 I chatty  : uid=1000(system) Binder:913_7 expire 2 lines
11-07 16:04:24.004   913  5346 I chatty  : uid=1000(system) Binder:913_8 expire 5 lines
11-07 16:05:19.885  1612  1612 W FingerprintManager: Invalid acquired message: 6, 0
11-07 16:05:20.098   913   913 I chatty  : uid=1000 system_server expire 9 lines
11-07 16:05:32.254 14411 14411 E ActivityThread: Failed to find provider info for com.teslacoilsw.notifier
11-07 16:06:07.396   913   982 I chatty  : uid=1000(system) PackageManager expire 5 lines
11-07 16:06:20.495   913   953 I chatty  : uid=1000(system) ActivityManager expire 25 lines
--------- beginning of crash
11-07 16:06:20.533 14411 14678 F libc    : Fatal signal 11 (SIGSEGV), code 1, fault addr 0x2000 in tid 14678 (mqt_js)
11-07 16:06:20.891 14808 14808 F DEBUG   : *** *** *** *** *** *** *** *** *** *** *** *** *** *** *** ***
11-07 16:06:20.891 14808 14808 F DEBUG   : Build fingerprint: 'OnePlus/OnePlus2/OnePlus2:6.0.1/MMB29M/1447841500:user/release-keys'
11-07 16:06:20.891 14808 14808 F DEBUG   : Revision: '0'
11-07 16:06:20.891 14808 14808 F DEBUG   : ABI: 'arm'
11-07 16:06:20.891 14808 14808 F DEBUG   : pid: 14411, tid: 14678, name: mqt_js  >>> host.exp.exponent <<<
11-07 16:06:20.891 14808 14808 F DEBUG   : signal 11 (SIGSEGV), code 1 (SEGV_MAPERR), fault addr 0x2000
11-07 16:06:20.891 14808 14808 F DEBUG   :     r0 00008000  r1 00003800  r2 00002000  r3 00004000
11-07 16:06:20.891 14808 14808 F DEBUG   :     r4 00003000  r5 00004000  r6 00004000  r7 00000004
