11-07 20:31:57.727  4963  4963 W unknown:ViewManagerPropertyUpdater: Could not find generated setter for class abi22_0_0.com.facebook.react.views.view.ReactViewManager
11-07 20:31:57.733  4963  4963 D AndroidRuntime: Shutting down VM
11-07 20:31:57.739  4963  4963 E AndroidRuntime: FATAL EXCEPTION: main
11-07 20:31:57.739  4963  4963 E AndroidRuntime: Process: host.exp.exponent, PID: 4963
11-07 20:31:57.739  4963  4963 E AndroidRuntime: abi22_0_0.com.facebook.react.uimanager.IllegalViewOperationException: ViewManager for tag 15 could not be found
11-07 20:31:57.739  4963  4963 E AndroidRuntime: 	at abi22_0_0.com.facebook.react.uimanager.NativeViewHierarchyManager.resolveViewManager(NativeViewHierarchyManager.java:109)
11-07 20:31:57.739  4963  4963 E AndroidRuntime: 	at abi22_0_0.com.facebook.react.uimanager.NativeViewHierarchyManager.manageChildren(NativeViewHierarchyManager.java:265)
11-07 20:31:57.739  4963  4963 E AndroidRuntime: 	at abi22_0_0.com.facebook.react.uimanager.UIViewOperationQueue$ManageChildrenOperation.execute(UIViewOperationQueue.java:180)
11-07 20:31:57.739  4963  4963 E AndroidRuntime: 	at abi22_0_0.com.facebook.react.uimanager.UIViewOperationQueue$1.run(UIViewOperationQueue.java:815)
11-07 20:31:57.739  4963  4963 E AndroidRuntime: 	at abi22_0_0.com.facebook.react.uimanager.UIViewOperationQueue.flushPendingBatches(UIViewOperationQueue.java:922)
11-07 20:31:57.739  4963  4963 E AndroidRuntime: 	at abi22_0_0.com.facebook.react.uimanager.UIViewOperationQueue.access$2100(UIViewOperationQueue.java:47)
11-07 20:31:57.739  4963  4963 E AndroidRuntime: 	at abi22_0_0.com.facebook.react.uimanager.UIViewOperationQueue$DispatchUIFrameCallback.doFrameGuarded(UIViewOperationQueue.java:982)
11-07 20:31:57.739  4963  4963 E AndroidRuntime: 	at abi22_0_0.com.facebook.react.uimanager.GuardedFrameCallback.doFrame(GuardedFrameCallback.java:31)
11-07 20:31:57.739  4963  4963 E AndroidRuntime: 	at abi22_0_0.com.facebook.react.modules.core.ReactChoreographer$ReactChoreographerDispatcher.doFrame(ReactChoreographer.java:136)
11-07 20:31:57.739  4963  4963 E AndroidRuntime: 	at abi22_0_0.com.facebook.react.modules.core.ChoreographerCompat$FrameCallback$1.doFrame(ChoreographerCompat.java:107)
11-07 20:31:57.739  4963  4963 E AndroidRuntime: 	at android.view.Choreographer$CallbackRecord.run(Choreographer.java:909)
11-07 20:31:57.739  4963  4963 E AndroidRuntime: 	at android.view.Choreographer.doCallbacks(Choreographer.java:723)
11-07 20:31:57.739  4963  4963 E AndroidRuntime: 	at android.view.Choreographer.doFrame(Choreographer.java:655)
11-07 20:31:57.739  4963  4963 E AndroidRuntime: 	at android.view.Choreographer$FrameDisplayEventReceiver.run(Choreographer.java:897)
11-07 20:31:57.739  4963  4963 E AndroidRuntime: 	at android.os.Handler.handleCallback(Handler.java:789)
11-07 20:31:57.739  4963  4963 E AndroidRuntime: 	at android.os.Handler.dispatchMessage(Handler.java:98)
11-07 20:31:57.739  4963  4963 E AndroidRuntime: 	at android.os.Looper.loop(Looper.java:164)
11-07 20:31:57.739  4963  4963 E AndroidRuntime: 	at android.app.ActivityThread.main(ActivityThread.java:6541)
11-07 20:31:57.739  4963  4963 E AndroidRuntime: 	at java.lang.reflect.Method.invoke(Native Method)
11-07 20:31:57.739  4963  4963 E AndroidRuntime: 	at com.android.internal.os.Zygote$MethodAndArgsCaller.run(Zygote.java:240)
11-07 20:31:57.739  4963  4963 E AndroidRuntime: 	at com.android.internal.os.ZygoteInit.main(ZygoteInit.java:767)
11-07 20:31:57.769  4963  5342 W unknown:ReactNative: Calling JS function after bridge has been destroyed: RCTDeviceEventEmitter.emit(["websocketOpen",{"id":1}])
11-07 20:31:57.857  4963  4970 I zygote  : Do full code cache collection, code=249KB, data=182KB
11-07 20:31:57.858  4963  4970 I zygote  : After code cache collection, code=221KB, data=142KB
11-07 20:31:57.909   913 10660 W ActivityManager:   Force finishing activity host.exp.exponent/.experience.ExperienceActivity
11-07 20:31:57.917   913 10660 W ContextImpl: Calling a method in the system process without a qualified user: android.app.ContextImpl.sendBroadcast:950 com.android.server.am.AppErrors.crashApplicationInner:393 com.android.server.am.AppErrors.crashApplication:321 com.android.server.am.ActivityManagerService.handleApplicationCrashInner:14282 com.android.server.am.ActivityManagerService.handleApplicationCrash:14264 
11-07 20:31:57.919   913   954 I ActivityManager: Showing crash dialog for package host.exp.exponent u0
11-07 20:31:58.002   453   453 I surfaceflinger: type=1400 audit(0.0:3585): avc: denied { ioctl } for path="/dev/kgsl-3d0" dev="tmpfs" ino=2845 ioctlcmd=915 scontext=u:r:surfaceflinger:s0 tcontext=u:object_r:device:s0 tclass=chr_file permissive=1
11-07 20:31:58.292  4963  5034 I CrashlyticsCore: Crashlytics report upload complete: 5A020A13013A-0001-1363-EED7C9715F49.cls
11-07 20:31:58.341   751   751 I MSM-irqbalance: Decided to move IRQ216 from CPU0 to CPU3
11-07 20:31:58.412   913   953 W ActivityManager: Activity pause timeout for ActivityRecord{9a361f6 u0 host.exp.exponent/.experience.ExperienceActivity t1975 f}
11-07 20:31:59.452   913   953 I ActivityManager: Start proc 5352:com.facebook.orca/u0a119 for service com.facebook.orca/com.facebook.mqttlite.MqttService
11-07 20:31:59.623  5352  5352 W SplashScreenApplication: error initializing nonodex
11-07 20:31:59.623  5352  5352 W SplashScreenApplication: java.lang.NoSuchMethodException: getResources [class android.app.ActivityThread]
11-07 20:31:59.623  5352  5352 W SplashScreenApplication: 	at java.lang.Class.getMethod(Class.java:2068)
11-07 20:31:59.623  5352  5352 W SplashScreenApplication: 	at java.lang.Class.getDeclaredMethod(Class.java:2047)
11-07 20:31:59.623  5352  5352 W SplashScreenApplication: 	at X.007.a(:2414)
11-07 20:31:59.623  5352  5352 W SplashScreenApplication: 	at X.007.d(:2494)
11-07 20:31:59.623  5352  5352 W SplashScreenApplication: 	at X.008.attachBaseContext(:2905)
11-07 20:31:59.623  5352  5352 W SplashScreenApplication: 	at com.facebook.messenger.app.MessengerApplication.attachBaseContext(:1832)
11-07 20:31:59.623  5352  5352 W SplashScreenApplication: 	at android.app.Application.attach(Application.java:189)
11-07 20:31:59.623  5352  5352 W SplashScreenApplication: 	at android.app.Instrumentation.newApplication(Instrumentation.java:1102)
11-07 20:31:59.623  5352  5352 W SplashScreenApplication: 	at android.app.Instrumentation.newApplication(Instrumentation.java:1086)
11-07 20:31:59.623  5352  5352 W SplashScreenApplication: 	at android.app.LoadedApk.makeApplication(LoadedApk.java:965)
11-07 20:31:59.623  5352  5352 W SplashScreenApplication: 	at android.app.ActivityThread.handleBindApplication(ActivityThread.java:5765)
11-07 20:31:59.623  5352  5352 W SplashScreenApplication: 	at android.app.ActivityThread.-wrap1(Unknown Source:0)
11-07 20:31:59.623  5352  5352 W SplashScreenApplication: 	at android.app.ActivityThread$H.handleMessage(ActivityThread.java:1661)
11-07 20:31:59.623  5352  5352 W SplashScreenApplication: 	at android.os.Handler.dispatchMessage(Handler.java:105)
11-07 20:31:59.623  5352  5352 W SplashScreenApplication: 	at android.os.Looper.loop(Looper.java:164)
11-07 20:31:59.623  5352  5352 W SplashScreenApplication: 	at android.app.ActivityThread.main(ActivityThread.java:6541)
11-07 20:31:59.623  5352  5352 W SplashScreenApplication: 	at java.lang.reflect.Method.invoke(Native Method)
11-07 20:31:59.623  5352  5352 W SplashScreenApplication: 	at com.android.internal.os.Zygote$MethodAndArgsCaller.run(Zygote.java:240)
11-07 20:31:59.623  5352  5352 W SplashScreenApplication: 	at com.android.internal.os.ZygoteInit.main(ZygoteInit.java:767)
11-07 20:31:59.676  5352  5352 I zygote  : Thread[1,tid=5352,Native,Thread*=0xe985a000,peer=0x727b6568,"main"] recursive attempt to load library "/data/user/0/com.facebook.orca/lib-xzs/libfb.so"
11-07 20:31:59.734  5352  5352 V appstatelogger: Registered App State Logger stream with Breakpad
11-07 20:31:59.747  5352  5352 W dalvik-internals: ignoring failure to find _ZN3art12FaultManager35EnsureArtActionInFrontOfSignalChainEv: could not hook _ZN3art12FaultManager35EnsureArtActionInFrontOfSignalChainEv
11-07 20:31:59.747  5352  5352 V dalvik-internals: hooked signal using trap ()
11-07 20:31:59.747  5352  5352 V dalvik-internals: hooked sysv_signal using trap ()
11-07 20:31:59.747  5352  5352 V dalvik-internals: hooked bsd_signal using trap ()
11-07 20:31:59.748  5352  5352 V dalvik-internals: hooked sigaction using trap ()
11-07 20:31:59.748  5352  5352 I dalvik-internals: installed sigmux crash handler for crash log
11-07 20:31:59.751  5352  5352 W DexLibLoader: disabling background optimization
11-07 20:31:59.772  5352  5352 W MemoryReductionHack: Couldn't update the Loader (NoSuchFieldException)
11-07 20:31:59.829  5352  5352 W 0M6     : Verify
11-07 20:31:59.973   913   925 I zygote64: Background concurrent copying GC freed 100996(5MB) AllocSpace objects, 31(668KB) LOS objects, 42% free, 20MB/35MB, paused 1.085ms total 165.232ms
11-07 20:32:02.672  5385  5385 I zygote64: Deoptimizing android.view.accessibility.AccessibilityNodeInfo android.view.accessibility.AccessibilityInteractionClient.findAccessibilityNodeInfoByAccessibilityId(int, int, long, boolean, int, android.os.Bundle) due to JIT inline cache
11-07 20:32:03.337   751   751 I MSM-irqbalance: Decided to move IRQ48 from CPU0 to CPU3
11-07 20:32:03.378  2146  2146 D VideoCall_LowBattery: BatteryIntent received: android.intent.action.BATTERY_CHANGED
11-07 20:32:03.412  2146  2146 D VideoCall_LowBattery:  allowVideoCallsInLowBattery: true isCarrierOneSupported: false mIsLowbattery: false
11-07 20:32:03.462   453   453 I surfaceflinger: type=1400 audit(0.0:3586): avc: denied { read write } for path="/dev/kgsl-3d0" dev="tmpfs" ino=2845 scontext=u:r:surfaceflinger:s0 tcontext=u:object_r:device:s0 tclass=chr_file permissive=1
11-07 20:32:03.629  1612  1655 I zygote64: NativeAllocBackground concurrent copying GC freed 18522(910KB) AllocSpace objects, 0(0B) LOS objects, 50% free, 5MB/10MB, paused 1.381ms total 122.387ms
11-07 20:32:04.211  5352  5352 I zygote  : IncrementDisableThreadFlip blocked for 6.545ms
11-07 20:32:04.496  5352  5515 I WebViewFactory: Loading com.android.webview version 58.0.3029.125 (code 303012550)
11-07 20:32:04.631  5352  5390 I zygote  : Waiting for a blocking GC ProfileSaver
11-07 20:32:04.795  5352  5515 I cr_LibraryLoader: Time to load native libraries: 16 ms (timestamps 455-471)
11-07 20:32:04.807  5352  5390 I zygote  : WaitForGcToComplete blocked for 176.555ms for cause ProfileSaver
11-07 20:32:04.812  5523  5523 I Bg_Shared7: type=1400 audit(0.0:3587): avc: denied { read } for name="boot_id" dev="proc" ino=326635 scontext=u:r:untrusted_app_25:s0:c512,c768 tcontext=u:object_r:proc:s0 tclass=file permissive=1
11-07 20:32:04.812  5523  5523 I Bg_Shared7: type=1400 audit(0.0:3588): avc: denied { open } for path="/proc/sys/kernel/random/boot_id" dev="proc" ino=326635 scontext=u:r:untrusted_app_25:s0:c512,c768 tcontext=u:object_r:proc:s0 tclass=file permissive=1
11-07 20:32:04.812  5523  5523 I Bg_Shared7: type=1400 audit(0.0:3589): avc: denied { getattr } for path="/proc/sys/kernel/random/boot_id" dev="proc" ino=326635 scontext=u:r:untrusted_app_25:s0:c512,c768 tcontext=u:object_r:proc:s0 tclass=file permissive=1
11-07 20:32:04.846  5352  5352 I chromium: [INFO:library_loader_hooks.cc(140)] Chromium logging enabled: level = 0, default verbosity = 0
11-07 20:32:04.846  5352  5352 I cr_LibraryLoader: Expected native library version number "58.0.3029.125", actual native library version number "58.0.3029.125"
11-07 20:32:04.900  5352  5529 W cr_ChildProcLauncher: Create a new ChildConnectionAllocator with package name = com.android.webview, inSandbox = true
11-07 20:32:04.901  5352  5352 I cr_BrowserStartup: Initializing chromium process, singleProcess=false
11-07 20:32:04.925  5530  5530 E /system/bin/webview_zygote32: failed to make and chown /acct/uid_99017: Permission denied
11-07 20:32:04.925  5530  5530 E Zygote  : createProcessGroup(99017, 0) failed: Permission denied
11-07 20:32:04.929   913  2094 I ActivityManager: Start proc 5530:com.android.webview:sandboxed_process0/u0i17 for webview_service com.facebook.orca/org.chromium.content.app.SandboxedProcessService0
11-07 20:32:04.999  5530  5530 I SamplingProfilerIntegration: Profiling disabled.
11-07 20:32:05.007  5352  5352 I Adreno  : QUALCOMM build                   : 74df444, I409c65498b
11-07 20:32:05.007  5352  5352 I Adreno  : Build Date                       : 06/22/16
11-07 20:32:05.007  5352  5352 I Adreno  : OpenGL ES Shader Compiler Version: XE031.08.00.02
11-07 20:32:05.007  5352  5352 I Adreno  : Local Branch                     : N16
11-07 20:32:05.007  5352  5352 I Adreno  : Remote Branch                    : 
11-07 20:32:05.007  5352  5352 I Adreno  : Remote Branch                    : 
11-07 20:32:05.007  5352  5352 I Adreno  : Reconstruct Branch               : 
11-07 20:32:05.048  5544  5544 E asset   : setgid: Operation not permitted
11-07 20:32:05.115  5530  5530 I LoadedApk: No resource references to update in package com.android.webview
11-07 20:32:05.121  5530  5530 I cr_ChildProcessService: Creating new ChildProcessService pid=5530
11-07 20:32:05.137  5292  5292 W VideoCapabilities: Unrecognized profile 2130706433 for video/avc
11-07 20:32:05.196  5292  5292 W VideoCapabilities: Unrecognized profile/level 0/3 for video/mpeg2
11-07 20:32:05.202  5352  5387 W zygote  : Suspending all threads took: 32.972ms
11-07 20:32:05.202  5292  5292 W VideoCapabilities: Unrecognized profile/level 0/3 for video/mpeg2
11-07 20:32:05.267  5352  5515 W zygote  : Long monitor contention with owner main (5352) at void com.android.webview.chromium.WebViewChromiumFactoryProvider$1.run()(WebViewChromiumFactoryProvider.java:375) waiters=1 in void java.lang.Object.wait() for 409ms
11-07 20:32:05.328  5292  5292 I VideoCapabilities: Unsupported profile 4 for video/mp4v-es
11-07 20:32:05.410  5292  5543 W TigonVideoService: TigonVideoService initHybrid
11-07 20:32:05.410  5292  5543 V tigonvideo: TigonVideo/JNI_OnLoad called
11-07 20:32:05.410  5292  5543 W TigonVideoService: TigonVideoService calling initHybrid
11-07 20:32:05.410  5292  5543 V tigonvideo: LigerVid TigonVideoService::initHybrid
11-07 20:32:05.411  5292  5543 V tigonliger: tigonapi/JNI_OnLoad called
11-07 20:32:05.411  5292  5543 W TigonVideoService: LigerVid TigonVideoService init
11-07 20:32:05.415  5352  5352 V tigonliger: tigonliger/JNI_OnLoad called
11-07 20:32:05.419  5352  5352 V tigonliger: tigonapi/JNI_OnLoad called
11-07 20:32:05.480  5352  5523 I mobileconfig: Using asset manager to read params_map.txt
11-07 20:32:05.496   913  1139 D AudioService: Stream muted, skip playback
11-07 20:32:05.497   913 10660 I ActivityManager: Killing 4963:host.exp.exponent/u0a151 (adj 0): crash
11-07 20:32:05.551   913 10660 I ActivityManager: Start proc 5576:host.exp.exponent/u0a151 for activity host.exp.exponent/.experience.HomeActivity
11-07 20:32:05.603  5576  5576 I MultiDex: VM with version 2.1.0 has multidex support
11-07 20:32:05.603  5576  5576 I MultiDex: install
11-07 20:32:05.603  5576  5576 I MultiDex: VM has multidex support, MultiDex support library is disabled.
11-07 20:32:05.605  5352  5523 I mobileconfig: Initialized MobileConfig - directory: /data/user/0/com.facebook.orca/files, deviceId: 6e9aa839-f4b9-4cca-b604-2d68cb693e77, appVersion: 142.0.0.18.63, session: 1301406508, paramHash: 76c47ed096a3244237ac318fb69e896f, urlParams: [locale=en_US,client_country_code=BE], readOnly: false, persistConfigTable: true, serveConfigTable: true
11-07 20:32:05.611  5576  5576 D FirebaseApp: com.google.firebase.auth.FirebaseAuth is not linked. Skipping initialization.
11-07 20:32:05.616  5576  5576 D FirebaseApp: com.google.firebase.crash.FirebaseCrash is not linked. Skipping initialization.
11-07 20:32:05.623  5576  5576 I FA      : App measurement is starting up, version: 9877
11-07 20:32:05.623  5576  5576 I FA      : To enable debug logging run: adb shell setprop log.tag.FA VERBOSE
11-07 20:32:05.627   913 10651 I WindowManager: WIN DEATH: Window{f2c9c8c u0 host.exp.exponent}
11-07 20:32:05.628   913 10651 W AppOps  : Finishing op nesting under-run: uid 10151 pkg host.exp.exponent code 24 time=0 duration=0 nesting=0
11-07 20:32:05.631  5576  5576 I FA      : To enable faster debug mode event logging run:
11-07 20:32:05.631  5576  5576 I FA      :   adb shell setprop firebase.analytics.debug-mode host.exp.exponent
11-07 20:32:05.633  5352  5526 I mobileconfig: Using asset manager to read params_map.txt
11-07 20:32:05.634   913 10656 I WindowManager: WIN DEATH: Window{d65df0f u0 host.exp.exponent/host.exp.exponent.experience.HomeActivity}
11-07 20:32:05.640  5576  5576 I FirebaseInitProvider: FirebaseApp initialization successful
11-07 20:32:05.651   913   973 W ActivityManager: setHasOverlayUi called on unknown pid: 4963
11-07 20:32:05.670  5576  5595 D NetworkSecurityConfig: No Network Security Config specified, using platform default
11-07 20:32:05.688  5576  5603 W AnalyticsUserIDStore: initStore should have been called before calling setUserID
11-07 20:32:05.696   913  1033 W AppOps  : Finishing op nesting under-run: uid 1000 pkg android code 24 time=0 duration=0 nesting=0
11-07 20:32:05.738  5352  5526 I mobileconfig: Initialized MobileConfig - directory: /data/user/0/com.facebook.orca/files, deviceId: 6e9aa839-f4b9-4cca-b604-2d68cb693e77, appVersion: 142.0.0.18.63, session: , paramHash: 76c47ed096a3244237ac318fb69e896f, urlParams: [locale=en_US,client_country_code=BE,access_token=256002347743983|374e60f8b9bb6b8cbb30f78030438895], readOnly: false, persistConfigTable: true, serveConfigTable: true
11-07 20:32:05.780  5576  5576 I CrashlyticsCore: Initializing Crashlytics 2.3.8.97
11-07 20:32:05.803  5576  5576 D c       : Finding badger
11-07 20:32:05.806  5576  5576 D c       : Current badger:me.leolin.shortcutbadger.impl.NovaHomeBadger
11-07 20:32:05.807  5576  5576 E ActivityThread: Failed to find provider info for com.teslacoilsw.notifier
11-07 20:32:05.812  5576  5576 V fb-UnpackingSoSource: locked dso store /data/user/0/host.exp.exponent/lib-main
11-07 20:32:05.813  5576  5576 I fb-UnpackingSoSource: dso store is up-to-date: /data/user/0/host.exp.exponent/lib-main
11-07 20:32:05.813  5576  5576 V fb-UnpackingSoSource: releasing dso store lock for /data/user/0/host.exp.exponent/lib-main
11-07 20:32:05.857  5576  5576 D d       : Using remote Expo kernel manifest: {"android":{"package":"host.exp.exponent","publishBundlePath":"..\/android\/app\/src\/main\/assets\/kernel.android.bundle"},"description":"","extra":{"amplitudeApiKey":"081e5ec53f869b440b225d5e40ec73f9"},"icon":"https:\/\/s3.amazonaws.com\/exp-brand-assets\/ExponentEmptyManifest_192.png","iconUrl":"https:\/\/s3.amazonaws.com\/exp-brand-assets\/ExponentEmptyManifest_192.png","ios":{"bundleIdentifier":"host.exp.exponent","publishBundlePath":"..\/ios\/Exponent\/Supporting\/kernel.ios.bundle","supportsTablet":true},"isKernel":true,"kernel":{"androidManifestPath":"..\/android\/app\/src\/main\/assets\/kernel-manifest.json","iosManifestPath":"..\/ios\/Exponent\/Supporting\/kernel-manifest.json"},"loading":{"hideExponentText":false,"icon":"https:\/\/s3.amazonaws.com\/exp-brand-assets\/ExponentEmptyManifest_192.png","iconUrl":"https:\/\/s3.amazonaws.com\/exp-brand-assets\/ExponentEmptyManifest_192.png"},"name":"exponent-home","notification":{"color":"#000000","icon":"https:\/\/s3.amazonaws.com\/exp-us-standard\/placeholder-push-icon-blue-circle.png","iconUrl":"https:\/\/s3.amazonaws.com\/exp-us-standard\/placeholder-push-icon-blue-circle.png"},"orientation":"portrait","packagerOpts":{"config":".\/_universe\/rn-cli.config.js"},"primaryColor":"#cccccc","privacy":"unlisted","scheme":"exp","sdkVersion":"UNVERSIONED","slug":"home","version":"22.0.1","id":"@exponent\/home","revisionId":"22.0.1-r.AjbORyoaqN","publishedTime":"2017-10-18T00:37:57.210Z","bundleUrl":"https:\/\/exp.host\/@exponent\/home\/bundle","isVerified":true}
11-07 20:32:05.878  5576  5640 D OpenGLRenderer: HWUI GL Pipeline
11-07 20:32:05.914  5576  5640 I Adreno  : QUALCOMM build                   : 74df444, I409c65498b
11-07 20:32:05.914  5576  5640 I Adreno  : Build Date                       : 06/22/16
11-07 20:32:05.914  5576  5640 I Adreno  : OpenGL ES Shader Compiler Version: XE031.08.00.02
11-07 20:32:05.914  5576  5640 I Adreno  : Local Branch                     : N16
11-07 20:32:05.914  5576  5640 I Adreno  : Remote Branch                    : 
11-07 20:32:05.914  5576  5640 I Adreno  : Remote Branch                    : 
11-07 20:32:05.914  5576  5640 I Adreno  : Reconstruct Branch               : 
11-07 20:32:05.945  5576  5640 I OpenGLRenderer: Initialized EGL, version 1.4
11-07 20:32:05.945  5576  5640 D OpenGLRenderer: Swap behavior 2
11-07 20:32:05.946  5576  5641 I zygote  : Thread[38,tid=5641,Native,Thread*=0xcb459a00,peer=0x12e1b2a8,"IntentService[RegistrationIntentService]"] recursive attempt to load library "/data/app/host.exp.exponent-vcuY402Ab5Yy_UtzKR0tuA==/lib/arm/libfb.so"
11-07 20:32:05.948  5576  5641 I RegistrationIntentService: GCM Registration Token: fElZMLgD-CA:APA91bHnGZbW-G3cxoSDwa-gQMuaagOhbiO-Cma3Lk4pPjoSpFLF4DNV8P51ZskcllzQURDF-Znyg_JuP0hFMqf87EyhCYyBERQFpud7a2LMiO9w03ZAf2SSEnb5xCHaQPOmtV89rMvm
11-07 20:32:05.956   357   357 W /system/bin/hwservicemanager: getTransportFromManifest: Cannot find entry android.hardware.graphics.mapper@2.0::IMapper in either framework or device manifest, using default transport.
11-07 20:32:05.983   913   973 I ActivityManager: Displayed host.exp.exponent/.experience.HomeActivity: +449ms
11-07 20:32:06.291   357   357 W /system/bin/hwservicemanager: getTransportFromManifest: Cannot find entry android.hardware.memtrack@1.0::IMemtrack in either framework or device manifest, using default transport.
11-07 20:32:06.292  5646  5646 I power_metrics_r: type=1400 audit(0.0:3590): avc: denied { read } for name="mem" dev="debugfs" ino=326647 scontext=u:r:untrusted_app_25:s0:c512,c768 tcontext=u:object_r:debugfs:s0 tclass=file permissive=1
11-07 20:32:06.292  5646  5646 I power_metrics_r: type=1400 audit(0.0:3591): avc: denied { open } for path="/sys/kernel/debug/kgsl/proc/5352/mem" dev="debugfs" ino=326647 scontext=u:r:untrusted_app_25:s0:c512,c768 tcontext=u:object_r:debugfs:s0 tclass=file permissive=1
11-07 20:32:06.292  5646  5646 I power_metrics_r: type=1400 audit(0.0:3592): avc: denied { getattr } for path="/sys/kernel/debug/kgsl/proc/5352/mem" dev="debugfs" ino=326647 scontext=u:r:untrusted_app_25:s0:c512,c768 tcontext=u:object_r:debugfs:s0 tclass=file permissive=1
11-07 20:32:06.339  5352  5524 W msgr.ServiceInfoParser: X.2ek: Service com.facebook.analytics2.logger.LollipopUploadService is missing meta key com.facebook.common.jobscheduler.compat.jobIds
11-07 20:32:06.405   913   953 W BroadcastQueue: Permission Denial: broadcasting Intent { act=android.net.conn.CONNECTIVITY_CHANGE flg=0x4000010 (has extras) } from null (pid=-1, uid=-1) requires com.facebook.permission.prod.FB_APP_COMMUNICATION due to registered receiver BroadcastFilter{f995fef u0 ReceiverList{4c1e4ce 5352 com.facebook.orca/10119/u0 remote:6de05c9}}
11-07 20:32:06.405   913   953 W BroadcastQueue: Permission Denial: broadcasting Intent { act=android.net.conn.INET_CONDITION_ACTION flg=0x4000010 (has extras) } from null (pid=-1, uid=-1) requires com.facebook.permission.prod.FB_APP_COMMUNICATION due to registered receiver BroadcastFilter{f995fef u0 ReceiverList{4c1e4ce 5352 com.facebook.orca/10119/u0 remote:6de05c9}}
11-07 20:32:06.409  5576  5607 D b       : Loaded exp.host status page.
11-07 20:32:06.424   913   953 W BroadcastQueue: Permission Denial: broadcasting Intent { act=android.net.conn.CONNECTIVITY_CHANGE flg=0x4000010 (has extras) } from null (pid=-1, uid=-1) requires com.facebook.permission.prod.FB_APP_COMMUNICATION due to registered receiver BroadcastFilter{c4ba501 u0 ReceiverList{280aae8 5352 com.facebook.orca/10119/u0 remote:7c60c0b}}
11-07 20:32:06.533  5576  5639 D b       : Got cached OkHttp response for https://exp.host/@exponent/home/bundle?versionName=2.0.0
11-07 20:32:06.533  5576  5639 D b       : Have cached source file for https://exp.host/@exponent/home/bundle?versionName=2.0.0
11-07 20:32:06.539  5576  5576 D ReactNative: ReactInstanceManager.ctor()
11-07 20:32:06.542  5576  5576 D ReactNative: ReactInstanceManager.createReactContextInBackground()
11-07 20:32:06.542  5576  5576 D ReactNative: ReactInstanceManager.recreateReactContextInBackgroundInner()
11-07 20:32:06.542  5576  5576 D ReactNative: ReactInstanceManager.recreateReactContextInBackgroundFromBundleLoader()
11-07 20:32:06.542  5576  5576 D ReactNative: ReactInstanceManager.recreateReactContextInBackground()
11-07 20:32:06.542  5576  5576 D ReactNative: ReactInstanceManager.runCreateReactContextOnNewThread()
11-07 20:32:06.544  5576  5662 D ReactNative: ReactInstanceManager.createReactContext()
11-07 20:32:06.573  5576  5662 W unknown:ViewManagerPropertyUpdater: Could not find generated setter for class com.facebook.react.views.art.ARTGroupViewManager
11-07 20:32:06.574  5576  5662 W unknown:ViewManagerPropertyUpdater: Could not find generated setter for class com.facebook.react.views.art.ARTGroupShadowNode
11-07 20:32:06.577  5576  5576 D j       : Kernel started running.
11-07 20:32:06.577  5576  5662 W unknown:ViewManagerPropertyUpdater: Could not find generated setter for class com.facebook.react.views.art.ARTShapeViewManager
11-07 20:32:06.578  5576  5662 W unknown:ViewManagerPropertyUpdater: Could not find generated setter for class com.facebook.react.views.art.ARTShapeShadowNode
11-07 20:32:06.572  5640  5640 I RenderThread: type=1400 audit(0.0:3593): avc: denied { ioctl } for path="/dev/kgsl-3d0" dev="tmpfs" ino=2845 ioctlcmd=93d scontext=u:r:untrusted_app_25:s0:c512,c768 tcontext=u:object_r:device:s0 tclass=chr_file permissive=1
11-07 20:32:06.581  5576  5662 W unknown:ViewManagerPropertyUpdater: Could not find generated setter for class com.facebook.react.views.art.ARTTextViewManager
11-07 20:32:06.581  5576  5662 W unknown:ViewManagerPropertyUpdater: Could not find generated setter for class com.facebook.react.views.art.ARTTextShadowNode
11-07 20:32:06.583  5576  5662 W unknown:ViewManagerPropertyUpdater: Could not find generated setter for class com.facebook.react.views.checkbox.ReactCheckBoxManager
11-07 20:32:06.587  5576  5662 W unknown:ViewManagerPropertyUpdater: Could not find generated setter for class com.facebook.react.uimanager.LayoutShadowNode
11-07 20:32:06.595  5576  5662 W unknown:ViewManagerPropertyUpdater: Could not find generated setter for class com.facebook.react.views.picker.ReactDialogPickerManager
11-07 20:32:06.598  5576  5662 W unknown:ViewManagerPropertyUpdater: Could not find generated setter for class com.facebook.react.views.drawer.ReactDrawerLayoutManager
11-07 20:32:06.600  5576  5662 W unknown:ViewManagerPropertyUpdater: Could not find generated setter for class com.facebook.react.views.picker.ReactDropdownPickerManager
11-07 20:32:06.601  5576  5662 W unknown:ViewManagerPropertyUpdater: Could not find generated setter for class com.facebook.react.views.scroll.ReactHorizontalScrollViewManager
11-07 20:32:06.610  5576  5662 W unknown:ViewManagerPropertyUpdater: Could not find generated setter for class com.facebook.react.views.progressbar.ReactProgressBarViewManager
11-07 20:32:06.611  5576  5662 W unknown:ViewManagerPropertyUpdater: Could not find generated setter for class com.facebook.react.views.progressbar.ProgressBarShadowNode
11-07 20:32:06.613  5576  5662 W unknown:ViewManagerPropertyUpdater: Could not find generated setter for class com.facebook.react.views.scroll.ReactScrollViewManager
11-07 20:32:06.615  5576  5662 W unknown:ViewManagerPropertyUpdater: Could not find generated setter for class com.facebook.react.views.slider.ReactSliderManager
11-07 20:32:06.617  5576  5662 W unknown:ViewManagerPropertyUpdater: Could not find generated setter for class com.facebook.react.views.slider.ReactSliderManager$ReactSliderShadowNode
11-07 20:32:06.617  5576  5662 W unknown:ViewManagerPropertyUpdater: Could not find generated setter for class com.facebook.react.views.switchview.ReactSwitchManager
11-07 20:32:06.619  5576  5662 W unknown:ViewManagerPropertyUpdater: Could not find generated setter for class com.facebook.react.views.switchview.ReactSwitchManager$ReactSwitchShadowNode
11-07 20:32:06.620  5576  5662 W unknown:ViewManagerPropertyUpdater: Could not find generated setter for class com.facebook.react.views.toolbar.ReactToolbarManager
11-07 20:32:06.623  5576  5662 W unknown:ViewManagerPropertyUpdater: Could not find generated setter for class com.facebook.react.views.webview.ReactWebViewManager
11-07 20:32:06.627  5576  5662 W unknown:ViewManagerPropertyUpdater: Could not find generated setter for class com.facebook.react.views.swiperefresh.SwipeRefreshLayoutManager
11-07 20:32:06.630  5576  5662 W unknown:ViewManagerPropertyUpdater: Could not find generated setter for class com.facebook.react.views.art.ARTSurfaceViewManager
11-07 20:32:06.630  5576  5662 W unknown:ViewManagerPropertyUpdater: Could not find generated setter for class com.facebook.react.views.art.ARTSurfaceViewShadowNode
11-07 20:32:06.631  5576  5662 W unknown:ViewManagerPropertyUpdater: Could not find generated setter for class com.facebook.react.views.text.frescosupport.FrescoBasedReactTextInlineImageViewManager
11-07 20:32:06.631  5576  5662 W unknown:ViewManagerPropertyUpdater: Could not find generated setter for class com.facebook.react.views.text.frescosupport.FrescoBasedReactTextInlineImageShadowNode
11-07 20:32:06.632  5576  5662 W unknown:ViewManagerPropertyUpdater: Could not find generated setter for class com.facebook.react.views.image.ReactImageManager
11-07 20:32:06.648  5576  5662 W unknown:ViewManagerPropertyUpdater: Could not find generated setter for class com.facebook.react.views.modal.ReactModalHostManager
11-07 20:32:06.652  5576  5662 W unknown:ViewManagerPropertyUpdater: Could not find generated setter for class com.facebook.react.views.modal.ModalHostShadowNode
11-07 20:32:06.652  5576  5662 W unknown:ViewManagerPropertyUpdater: Could not find generated setter for class com.facebook.react.views.text.ReactRawTextManager
11-07 20:32:06.658  5576  5662 W unknown:ViewManagerPropertyUpdater: Could not find generated setter for class com.facebook.react.views.text.ReactTextShadowNode
11-07 20:32:06.660  5576  5662 W unknown:ViewManagerPropertyUpdater: Could not find generated setter for class com.facebook.react.views.textinput.ReactTextInputManager
11-07 20:32:06.667  5576  5662 W unknown:ViewManagerPropertyUpdater: Could not find generated setter for class com.facebook.react.views.textinput.ReactTextInputShadowNode
11-07 20:32:06.668  5576  5662 W unknown:ViewManagerPropertyUpdater: Could not find generated setter for class com.facebook.react.views.text.ReactTextViewManager
11-07 20:32:06.668  5576  5662 W unknown:ViewManagerPropertyUpdater: Could not find generated setter for class com.facebook.react.views.view.ReactViewManager
11-07 20:32:06.671  5576  5662 W unknown:ViewManagerPropertyUpdater: Could not find generated setter for class com.facebook.react.views.viewpager.ReactViewPagerManager
11-07 20:32:06.673  5576  5662 W unknown:ViewManagerPropertyUpdater: Could not find generated setter for class com.facebook.react.views.text.ReactVirtualTextViewManager
11-07 20:32:06.673  5576  5662 W unknown:ViewManagerPropertyUpdater: Could not find generated setter for class versioned.host.exp.exponent.modules.api.components.LinearGradientManager
11-07 20:32:06.674  5576  5662 W unknown:ViewManagerPropertyUpdater: Could not find generated setter for class versioned.host.exp.exponent.modules.api.av.video.VideoViewManager
11-07 20:32:06.676  5576  5662 W unknown:ViewManagerPropertyUpdater: Could not find generated setter for class versioned.host.exp.exponent.modules.api.components.barcodescanner.BarCodeScannerViewManager
11-07 20:32:06.676  5352  5526 E AttributeStoreImpl.cpp: Read invalid json from disk: json parse error on line 0: expected json value
11-07 20:32:06.677  5576  5662 W unknown:ViewManagerPropertyUpdater: Could not find generated setter for class versioned.host.exp.exponent.modules.api.components.camera.CameraViewManager
11-07 20:32:06.679  5576  5662 W unknown:ViewManagerPropertyUpdater: Could not find generated setter for class versioned.host.exp.exponent.modules.api.gl.GLViewManager
11-07 20:32:06.681  5576  5662 W unknown:ViewManagerPropertyUpdater: Could not find generated setter for class versioned.host.exp.exponent.modules.api.fbads.NativeAdViewManager
11-07 20:32:06.682  5576  5662 W unknown:ViewManagerPropertyUpdater: Could not find generated setter for class versioned.host.exp.exponent.modules.api.fbads.BannerViewManager
11-07 20:32:06.683  5576  5662 W unknown:ViewManagerPropertyUpdater: Could not find generated setter for class versioned.host.exp.exponent.modules.api.components.svg.RenderableViewManager
11-07 20:32:06.684  5576  5662 W unknown:ViewManagerPropertyUpdater: Could not find generated setter for class versioned.host.exp.exponent.modules.api.components.svg.GroupShadowNode
11-07 20:32:06.688  5576  5662 W unknown:ViewManagerPropertyUpdater: Could not find generated setter for class versioned.host.exp.exponent.modules.api.components.svg.PathShadowNode
11-07 20:32:06.689  5576  5662 W unknown:ViewManagerPropertyUpdater: Could not find generated setter for class versioned.host.exp.exponent.modules.api.components.svg.CircleShadowNode
11-07 20:32:06.690  5576  5662 W unknown:ViewManagerPropertyUpdater: Could not find generated setter for class versioned.host.exp.exponent.modules.api.components.svg.EllipseShadowNode
11-07 20:32:06.690  5576  5662 W unknown:ViewManagerPropertyUpdater: Could not find generated setter for class versioned.host.exp.exponent.modules.api.components.svg.LineShadowNode
11-07 20:32:06.691  5576  5662 W unknown:ViewManagerPropertyUpdater: Could not find generated setter for class versioned.host.exp.exponent.modules.api.components.svg.RectShadowNode
11-07 20:32:06.692  5576  5662 W unknown:ViewManagerPropertyUpdater: Could not find generated setter for class versioned.host.exp.exponent.modules.api.components.svg.TextShadowNode
11-07 20:32:06.693  5576  5662 W unknown:ViewManagerPropertyUpdater: Could not find generated setter for class versioned.host.exp.exponent.modules.api.components.svg.TSpanShadowNode
11-07 20:32:06.694  5576  5662 W unknown:ViewManagerPropertyUpdater: Could not find generated setter for class versioned.host.exp.exponent.modules.api.components.svg.TextPathShadowNode
11-07 20:32:06.694  5576  5662 W unknown:ViewManagerPropertyUpdater: Could not find generated setter for class versioned.host.exp.exponent.modules.api.components.svg.ImageShadowNode
11-07 20:32:06.695  5576  5662 W unknown:ViewManagerPropertyUpdater: Could not find generated setter for class versioned.host.exp.exponent.modules.api.components.svg.ClipPathShadowNode
11-07 20:32:06.696  5576  5662 W unknown:ViewManagerPropertyUpdater: Could not find generated setter for class versioned.host.exp.exponent.modules.api.components.svg.DefsShadowNode
11-07 20:32:06.696  5576  5662 W unknown:ViewManagerPropertyUpdater: Could not find generated setter for class versioned.host.exp.exponent.modules.api.components.svg.UseShadowNode
11-07 20:32:06.697  5576  5662 W unknown:ViewManagerPropertyUpdater: Could not find generated setter for class versioned.host.exp.exponent.modules.api.components.svg.SymbolShadowNode
11-07 20:32:06.698  5576  5662 W unknown:ViewManagerPropertyUpdater: Could not find generated setter for class versioned.host.exp.exponent.modules.api.components.svg.LinearGradientShadowNode
11-07 20:32:06.699  5576  5662 W unknown:ViewManagerPropertyUpdater: Could not find generated setter for class versioned.host.exp.exponent.modules.api.components.svg.RadialGradientShadowNode
11-07 20:32:06.699  5576  5662 W unknown:ViewManagerPropertyUpdater: Could not find generated setter for class versioned.host.exp.exponent.modules.api.components.svg.SvgViewManager
11-07 20:32:06.700  5576  5662 W unknown:ViewManagerPropertyUpdater: Could not find generated setter for class versioned.host.exp.exponent.modules.api.components.svg.SvgViewShadowNode
11-07 20:32:06.701  5576  5662 W unknown:ViewManagerPropertyUpdater: Could not find generated setter for class versioned.host.exp.exponent.modules.api.components.maps.AirMapCalloutManager
11-07 20:32:06.702  5576  5662 W unknown:ViewManagerPropertyUpdater: Could not find generated setter for class versioned.host.exp.exponent.modules.api.components.maps.AirMapMarkerManager
11-07 20:32:06.703  5576  5581 I zygote  : Do partial code cache collection, code=31KB, data=23KB
11-07 20:32:06.704  5576  5581 I zygote  : After code cache collection, code=24KB, data=20KB
11-07 20:32:06.704  5576  5581 I zygote  : Increasing code cache capacity to 128KB
11-07 20:32:06.704  5576  5662 W unknown:ViewManagerPropertyUpdater: Could not find generated setter for class versioned.host.exp.exponent.modules.api.components.maps.AirMapPolylineManager
11-07 20:32:06.706  5576  5662 W unknown:ViewManagerPropertyUpdater: Could not find generated setter for class versioned.host.exp.exponent.modules.api.components.maps.AirMapPolygonManager
11-07 20:32:06.707  5576  5662 W unknown:ViewManagerPropertyUpdater: Could not find generated setter for class versioned.host.exp.exponent.modules.api.components.maps.AirMapCircleManager
11-07 20:32:06.709  5576  5662 W unknown:ViewManagerPropertyUpdater: Could not find generated setter for class versioned.host.exp.exponent.modules.api.components.maps.AirMapManager
11-07 20:32:06.712  5576  5662 W unknown:ViewManagerPropertyUpdater: Could not find generated setter for class versioned.host.exp.exponent.modules.api.components.maps.AirMapLiteManager
11-07 20:32:06.713  5576  5662 W unknown:ViewManagerPropertyUpdater: Could not find generated setter for class versioned.host.exp.exponent.modules.api.components.maps.AirMapUrlTileManager
11-07 20:32:06.718  5576  5662 W unknown:ViewManagerPropertyUpdater: Could not find generated setter for class versioned.host.exp.exponent.modules.api.components.lottie.LottieAnimationViewManager
11-07 20:32:06.721  5576  5662 W unknown:ViewManagerPropertyUpdater: Could not find generated setter for class versioned.host.exp.exponent.modules.api.components.gesturehandler.react.RNGestureHandlerButtonViewManager
11-07 20:32:06.723  5576  5662 W unknown:ViewManagerPropertyUpdater: Could not find generated setter for class versioned.host.exp.exponent.modules.api.components.gesturehandler.react.RNGestureHandlerPackage$DummyViewManager
11-07 20:32:06.723  5576  5662 W unknown:ViewManagerPropertyUpdater: Could not find generated setter for class com.facebook.react.uimanager.ReactShadowNode
11-07 20:32:06.772   605   605 I cnss-daemon: type=1400 audit(0.0:3594): avc: denied { read } for scontext=u:r:init:s0 tcontext=u:r:init:s0 tclass=netlink_socket permissive=1
11-07 20:32:06.855  5576  5662 D ReactNative: Initializing React Xplat Bridge.
11-07 20:32:06.862  5576  5662 D ReactNative: Initializing React Xplat Bridge before initializeBridge
11-07 20:32:06.882  5576  5662 D ReactNative: Initializing React Xplat Bridge after initializeBridge
11-07 20:32:06.882  5576  5662 D ReactNative: CatalystInstanceImpl.runJSBundle()
11-07 20:32:06.883  5576  5675 D ReactNative: ReactInstanceManager.setupReactContext()
11-07 20:32:06.883  5576  5675 D ReactNative: CatalystInstanceImpl.initialize()
11-07 20:32:06.890  5576  5675 D ReactNative: ReactInstanceManager.attachRootViewToInstance()
11-07 20:32:06.909  5576  5675 W unknown:Fresco: Fresco has already been initialized! `Fresco.initialize(...)` should only be called 1 single time to avoid memory leaks!
11-07 20:32:07.372  5576  5674 W ReactNativeJS: NetInfo's "change" event is deprecated. Listen to the "connectionChange" event instead.
11-07 20:32:07.562  2600  2600 I RenderThread: type=1400 audit(0.0:3595): avc: denied { ioctl } for path="/dev/kgsl-3d0" dev="tmpfs" ino=2845 ioctlcmd=93d scontext=u:r:platform_app:s0:c512,c768 tcontext=u:object_r:device:s0 tclass=chr_file permissive=1
11-07 20:32:07.861  5576  5674 I ReactNativeJS: Running application "main" with appParams: {"initialProps":{"exp":{"referrer":"utm_source=google-play&utm_medium=organic"}},"rootTag":1}. __DEV__ === false, development-level warning are OFF, performance optimizations are ON
11-07 20:32:07.873  5576  5674 I ReactNativeJS: expo root
11-07 20:32:07.902  5576  5674 W ReactNativeJS: Circular indeterminate `ProgressBarAndroid`is deprecated. Use `ActivityIndicator` instead.
11-07 20:32:08.007  5576  5576 D Event   : No subscribers registered for event class host.exp.exponent.experience.d$a
11-07 20:32:08.007  5576  5576 D Event   : No subscribers registered for event class b.a.a.g
11-07 20:32:08.022  5640  5640 I RenderThread: type=1400 audit(0.0:3596): avc: denied { read write } for path="/dev/kgsl-3d0" dev="tmpfs" ino=2845 scontext=u:r:untrusted_app_25:s0:c512,c768 tcontext=u:object_r:device:s0 tclass=chr_file permissive=1
11-07 20:32:08.025  5576  5706 I WebViewFactory: Loading com.android.webview version 58.0.3029.125 (code 303012550)
11-07 20:32:08.127  5576  5706 I cr_LibraryLoader: Time to load native libraries: 7 ms (timestamps 3805-3812)
11-07 20:32:08.134  5576  5706 I chromium: [INFO:library_loader_hooks.cc(140)] Chromium logging enabled: level = 0, default verbosity = 0
11-07 20:32:08.134  5576  5706 I cr_LibraryLoader: Expected native library version number "58.0.3029.125", actual native library version number "58.0.3029.125"
11-07 20:32:08.327   751   751 I MSM-irqbalance: Decided to move IRQ270 from CPU0 to CPU3
11-07 20:32:08.436  5576  5675 W unknown:ViewManagerPropertyUpdater: Could not find generated setter for class com.facebook.react.views.text.ReactVirtualTextShadowNode
11-07 20:32:08.553  5576  5581 I zygote  : Do partial code cache collection, code=61KB, data=47KB
11-07 20:32:08.555  5576  5581 I zygote  : After code cache collection, code=61KB, data=47KB
11-07 20:32:08.555  5576  5581 I zygote  : Increasing code cache capacity to 256KB
11-07 20:32:08.571  5576  5586 I zygote  : Background concurrent copying GC freed 34595(2MB) AllocSpace objects, 2(40KB) LOS objects, 50% free, 2MB/5MB, paused 219us total 102.848ms
11-07 20:32:08.768  5576  5576 I zygote  : Deoptimizing int android.view.ViewGroup$ViewLocationHolder.compareTo(android.view.ViewGroup$ViewLocationHolder) due to JIT inline cache
11-07 20:32:08.775  5576  5576 I zygote  : Deoptimizing void com.facebook.react.uimanager.UIViewOperationQueue$1.run() due to JIT inline cache
11-07 20:32:08.906  5576  5719 I zygote  : Deoptimizing long expolib_v1.b.n.a(byte, long, long) due to JIT inline cache
11-07 20:32:09.231  5385  5385 I zygote64: Explicit concurrent copying GC freed 32556(1491KB) AllocSpace objects, 0(0B) LOS objects, 60% free, 984KB/2MB, paused 293us total 25.625ms
11-07 20:32:09.726  9517  9619 E SO WIFI/Plot: Failed to send events
11-07 20:32:09.726  9517  9619 E SO WIFI/Plot: java.net.SocketTimeoutException: failed to connect to client-api.plotprojects.com/107.178.247.133 (port 443) from /192.168.0.128 (port 38471) after 30000ms
11-07 20:32:09.726  9517  9619 E SO WIFI/Plot: 	at libcore.io.IoBridge.connectErrno(IoBridge.java:185)
11-07 20:32:09.726  9517  9619 E SO WIFI/Plot: 	at libcore.io.IoBridge.connect(IoBridge.java:130)
11-07 20:32:09.726  9517  9619 E SO WIFI/Plot: 	at java.net.PlainSocketImpl.socketConnect(PlainSocketImpl.java:129)
11-07 20:32:09.726  9517  9619 E SO WIFI/Plot: 	at java.net.AbstractPlainSocketImpl.doConnect(AbstractPlainSocketImpl.java:356)
11-07 20:32:09.726  9517  9619 E SO WIFI/Plot: 	at java.net.AbstractPlainSocketImpl.connectToAddress(AbstractPlainSocketImpl.java:200)
11-07 20:32:09.726  9517  9619 E SO WIFI/Plot: 	at java.net.AbstractPlainSocketImpl.connect(AbstractPlainSocketImpl.java:182)
11-07 20:32:09.726  9517  9619 E SO WIFI/Plot: 	at java.net.SocksSocketImpl.connect(SocksSocketImpl.java:356)
11-07 20:32:09.726  9517  9619 E SO WIFI/Plot: 	at java.net.Socket.connect(Socket.java:616)
11-07 20:32:09.726  9517  9619 E SO WIFI/Plot: 	at com.android.okhttp.internal.Platform.connectSocket(Platform.java:145)
11-07 20:32:09.726  9517  9619 E SO WIFI/Plot: 	at com.android.okhttp.internal.io.RealConnection.connectSocket(RealConnection.java:141)
11-07 20:32:09.726  9517  9619 E SO WIFI/Plot: 	at com.android.okhttp.internal.io.RealConnection.connect(RealConnection.java:112)
11-07 20:32:09.726  9517  9619 E SO WIFI/Plot: 	at com.android.okhttp.internal.http.StreamAllocation.findConnection(StreamAllocation.java:184)
11-07 20:32:09.726  9517  9619 E SO WIFI/Plot: 	at com.android.okhttp.internal.http.StreamAllocation.findHealthyConnection(StreamAllocation.java:126)
11-07 20:32:09.726  9517  9619 E SO WIFI/Plot: 	at com.android.okhttp.internal.http.StreamAllocation.newStream(StreamAllocation.java:95)
11-07 20:32:09.726  9517  9619 E SO WIFI/Plot: 	at com.android.okhttp.internal.http.HttpEngine.connect(HttpEngine.java:281)
11-07 20:32:09.726  9517  9619 E SO WIFI/Plot: 	at com.android.okhttp.internal.http.HttpEngine.sendRequest(HttpEngine.java:224)
11-07 20:32:09.726  9517  9619 E SO WIFI/Plot: 	at com.android.okhttp.internal.huc.HttpURLConnectionImpl.execute(HttpURLConnectionImpl.java:461)
11-07 20:32:09.726  9517  9619 E SO WIFI/Plot: 	at com.android.okhttp.internal.huc.HttpURLConnectionImpl.connect(HttpURLConnectionImpl.java:127)
11-07 20:32:09.726  9517  9619 E SO WIFI/Plot: 	at com.android.okhttp.internal.huc.HttpURLConnectionImpl.getOutputStream(HttpURLConnectionImpl.java:258)
11-07 20:32:09.726  9517  9619 E SO WIFI/Plot: 	at com.android.okhttp.internal.huc.DelegatingHttpsURLConnection.getOutputStream(DelegatingHttpsURLConnection.java:218)
11-07 20:32:09.726  9517  9619 E SO WIFI/Plot: 	at com.android.okhttp.internal.huc.HttpsURLConnectionImpl.getOutputStream(Unknown Source:0)
11-07 20:32:09.726  9517  9619 E SO WIFI/Plot: 	at com.plotprojects.retail.android.internal.a.d.a.a(Unknown Source:284)
11-07 20:32:09.726  9517  9619 E SO WIFI/Plot: 	at com.plotprojects.retail.android.internal.a.d.a.a(Unknown Source:0)
11-07 20:32:09.726  9517  9619 E SO WIFI/Plot: 	at com.plotprojects.retail.android.internal.a.d.a$1$1.a(Unknown Source:8)
11-07 20:32:09.726  9517  9619 E SO WIFI/Plot: 	at com.plotprojects.retail.android.internal.a.d.a$1$1.doInBackground(Unknown Source:0)
11-07 20:32:09.726  9517  9619 E SO WIFI/Plot: 	at android.os.AsyncTask$2.call(AsyncTask.java:333)
11-07 20:32:09.726  9517  9619 E SO WIFI/Plot: 	at java.util.concurrent.FutureTask.run(FutureTask.java:266)
11-07 20:32:09.726  9517  9619 E SO WIFI/Plot: 	at java.util.concurrent.ThreadPoolExecutor.runWorker(ThreadPoolExecutor.java:1162)
11-07 20:32:09.726  9517  9619 E SO WIFI/Plot: 	at java.util.concurrent.ThreadPoolExecutor$Worker.run(ThreadPoolExecutor.java:636)
11-07 20:32:09.726  9517  9619 E SO WIFI/Plot: 	at java.lang.Thread.run(Thread.java:764)
11-07 20:32:09.765  9517  9619 D SO WIFI/Plot: Next location will be requested in 600 seconds.
11-07 20:32:12.361  5385  5385 I zygote64: Explicit concurrent copying GC freed 16146(769KB) AllocSpace objects, 0(0B) LOS objects, 63% free, 887KB/2MB, paused 320us total 25.582ms
11-07 20:32:13.672  5727  5727 I sensors.qcom: type=1400 audit(0.0:3597): avc: denied { ioctl } for path="/dev/sensors" dev="tmpfs" ino=2868 ioctlcmd=6403 scontext=u:r:init:s0 tcontext=u:object_r:device:s0 tclass=chr_file permissive=1
11-07 20:32:14.643  5352  5591 E SingleFileAttributeStore.cpp: Could not read data from the disk
11-07 20:32:15.380  2146  2146 D VideoCall_LowBattery: BatteryIntent received: android.intent.action.BATTERY_CHANGED
11-07 20:32:15.405  2146  2146 D VideoCall_LowBattery:  allowVideoCallsInLowBattery: true isCarrierOneSupported: false mIsLowbattery: false
11-07 20:32:15.432  5072  5072 I sensors.qcom: type=1400 audit(0.0:3598): avc: denied { read } for scontext=u:r:init:s0 tcontext=u:r:init:s0 tclass=socket permissive=1
11-07 20:32:15.722  5385  5385 I zygote64: Explicit concurrent copying GC freed 16149(772KB) AllocSpace objects, 0(0B) LOS objects, 66% free, 786KB/2MB, paused 364us total 25.925ms
11-07 20:32:15.852  1148  1148 I qmuxd   : type=1400 audit(0.0:3599): avc: denied { block_suspend } for capability=36 scontext=u:r:init:s0 tcontext=u:r:init:s0 tclass=capability2 permissive=1
11-07 20:32:18.917  5385  5385 I zygote64: Explicit concurrent copying GC freed 16182(783KB) AllocSpace objects, 0(0B) LOS objects, 69% free, 685KB/2MB, paused 348us total 25.329ms
11-07 20:32:21.373  2146  2146 D VideoCall_LowBattery: BatteryIntent received: android.intent.action.BATTERY_CHANGED
11-07 20:32:21.396  2146  2146 D VideoCall_LowBattery:  allowVideoCallsInLowBattery: true isCarrierOneSupported: false mIsLowbattery: false
11-07 20:32:22.011  5385  5385 I zygote64: Explicit concurrent copying GC freed 14830(716KB) AllocSpace objects, 0(0B) LOS objects, 72% free, 585KB/2MB, paused 323us total 19.412ms
11-07 20:32:22.817  5576  5576 I zygote  : Deoptimizing void android.view.AccessibilityInteractionController$AccessibilityNodePrefetcher.prefetchAccessibilityNodeInfos(android.view.View, int, int, java.util.List, android.os.Bundle) due to JIT inline cache
11-07 20:32:23.672  5746  5746 I sensors.qcom: type=1400 audit(0.0:3600): avc: denied { write } for scontext=u:r:init:s0 tcontext=u:r:init:s0 tclass=socket permissive=1
11-07 20:32:24.212  2600  2600 I RenderThread: type=1400 audit(0.0:3601): avc: denied { read write } for path="/dev/kgsl-3d0" dev="tmpfs" ino=2845 scontext=u:r:platform_app:s0:c512,c768 tcontext=u:object_r:device:s0 tclass=chr_file permissive=1
